CRITICAL - 2024-04-09 00:47:46 --> Undefined variable $qrcodes
in APPPATH\Views\Hotell\coninformation.php on line 112.
 1 APPPATH\Views\Hotell\coninformation.php(112): CodeIgniter\Debug\Exceptions->errorHandler(2, 'Undefined variable $qrcodes', 'C:\\laragon\\www\\projectmahalta\\app\\Views\\Hotell\\coninformation.php', 112)
 2 SYSTEMPATH\View\View.php(228): include('C:\\laragon\\www\\projectmahalta\\app\\Views\\Hotell\\coninformation.php')
 3 SYSTEMPATH\View\View.php(231): CodeIgniter\View\View->CodeIgniter\View\{closure}()
 4 SYSTEMPATH\Common.php(1190): CodeIgniter\View\View->render('Hotell/coninformation', [], true)
 5 APPPATH\Controllers\GuestController.php(381): view('Hotell/coninformation', [...])
 6 SYSTEMPATH\CodeIgniter.php(942): App\Controllers\GuestController->getDataInformation()
 7 SYSTEMPATH\CodeIgniter.php(502): CodeIgniter\CodeIgniter->runController(Object(App\Controllers\GuestController))
 8 SYSTEMPATH\CodeIgniter.php(361): CodeIgniter\CodeIgniter->handleRequest(null, Object(Config\Cache), false)
 9 FCPATH\index.php(79): CodeIgniter\CodeIgniter->run()
10 SYSTEMPATH\Commands\Server\rewrite.php(47): require_once('C:\\laragon\\www\\projectmahalta\\public\\index.php')
ERROR - 2024-04-09 01:13:50 --> mysqli_sql_exception: Unknown column 'minPerson' in 'where clause' in C:\laragon\www\projectmahalta\system\Database\MySQLi\Connection.php:306
Stack trace:
#0 C:\laragon\www\projectmahalta\system\Database\MySQLi\Connection.php(306): mysqli->query('SELECT *\nFROM `...', 0)
#1 C:\laragon\www\projectmahalta\system\Database\BaseConnection.php(693): CodeIgniter\Database\MySQLi\Connection->execute('SELECT *\nFROM `...')
#2 C:\laragon\www\projectmahalta\system\Database\BaseConnection.php(607): CodeIgniter\Database\BaseConnection->simpleQuery('SELECT *\nFROM `...')
#3 C:\laragon\www\projectmahalta\system\Database\BaseBuilder.php(1615): CodeIgniter\Database\BaseConnection->query('SELECT *\nFROM `...', Array, false)
#4 C:\laragon\www\projectmahalta\system\Model.php(237): CodeIgniter\Database\BaseBuilder->get()
#5 C:\laragon\www\projectmahalta\system\BaseModel.php(624): CodeIgniter\Model->doFindAll(0, 0)
#6 C:\laragon\www\projectmahalta\app\Controllers\GuestController.php(443): CodeIgniter\BaseModel->findAll()
#7 C:\laragon\www\projectmahalta\app\Controllers\GuestController.php(425): App\Controllers\GuestController->findAvailableDates(NULL, NULL, 0)
#8 C:\laragon\www\projectmahalta\system\CodeIgniter.php(942): App\Controllers\GuestController->getVenueDateandGuests()
#9 C:\laragon\www\projectmahalta\system\CodeIgniter.php(502): CodeIgniter\CodeIgniter->runController(Object(App\Controllers\GuestController))
#10 C:\laragon\www\projectmahalta\system\CodeIgniter.php(361): CodeIgniter\CodeIgniter->handleRequest(NULL, Object(Config\Cache), false)
#11 C:\laragon\www\projectmahalta\public\index.php(79): CodeIgniter\CodeIgniter->run()
#12 C:\laragon\www\projectmahalta\system\Commands\Server\rewrite.php(47): require_once('C:\\laragon\\www\\...')
#13 {main}
CRITICAL - 2024-04-09 01:13:50 --> Unknown column 'minPerson' in 'where clause'
in SYSTEMPATH\Database\BaseConnection.php on line 647.
 1 SYSTEMPATH\Database\BaseBuilder.php(1615): CodeIgniter\Database\BaseConnection->query('SELECT *
FROM `convention_venue`
WHERE `minPerson` <= :minPerson:
AND `maxPerson` >= :maxPerson:
AND `ConventionID` NOT IN :ConventionID:', [...], false)
 2 SYSTEMPATH\Model.php(237): CodeIgniter\Database\BaseBuilder->get()
 3 SYSTEMPATH\BaseModel.php(624): CodeIgniter\Model->doFindAll(0, 0)
 4 APPPATH\Controllers\GuestController.php(443): CodeIgniter\BaseModel->findAll()
 5 APPPATH\Controllers\GuestController.php(425): App\Controllers\GuestController->findAvailableDates(null, null, 0)
 6 SYSTEMPATH\CodeIgniter.php(942): App\Controllers\GuestController->getVenueDateandGuests()
 7 SYSTEMPATH\CodeIgniter.php(502): CodeIgniter\CodeIgniter->runController(Object(App\Controllers\GuestController))
 8 SYSTEMPATH\CodeIgniter.php(361): CodeIgniter\CodeIgniter->handleRequest(null, Object(Config\Cache), false)
 9 FCPATH\index.php(79): CodeIgniter\CodeIgniter->run()
10 SYSTEMPATH\Commands\Server\rewrite.php(47): require_once('C:\\laragon\\www\\projectmahalta\\public\\index.php')
CRITICAL - 2024-04-09 01:14:29 --> Undefined variable $qrcodes
in APPPATH\Views\Hotell\coninformation.php on line 112.
 1 APPPATH\Views\Hotell\coninformation.php(112): CodeIgniter\Debug\Exceptions->errorHandler(2, 'Undefined variable $qrcodes', 'C:\\laragon\\www\\projectmahalta\\app\\Views\\Hotell\\coninformation.php', 112)
 2 SYSTEMPATH\View\View.php(228): include('C:\\laragon\\www\\projectmahalta\\app\\Views\\Hotell\\coninformation.php')
 3 SYSTEMPATH\View\View.php(231): CodeIgniter\View\View->CodeIgniter\View\{closure}()
 4 SYSTEMPATH\Common.php(1190): CodeIgniter\View\View->render('Hotell/coninformation', [], true)
 5 APPPATH\Controllers\GuestController.php(426): view('Hotell/coninformation', [...])
 6 SYSTEMPATH\CodeIgniter.php(942): App\Controllers\GuestController->getVenueDateandGuests()
 7 SYSTEMPATH\CodeIgniter.php(502): CodeIgniter\CodeIgniter->runController(Object(App\Controllers\GuestController))
 8 SYSTEMPATH\CodeIgniter.php(361): CodeIgniter\CodeIgniter->handleRequest(null, Object(Config\Cache), false)
 9 FCPATH\index.php(79): CodeIgniter\CodeIgniter->run()
10 SYSTEMPATH\Commands\Server\rewrite.php(47): require_once('C:\\laragon\\www\\projectmahalta\\public\\index.php')
CRITICAL - 2024-04-09 01:15:15 --> Undefined variable $qrcodes
in APPPATH\Views\Hotell\coninformation.php on line 112.
 1 APPPATH\Views\Hotell\coninformation.php(112): CodeIgniter\Debug\Exceptions->errorHandler(2, 'Undefined variable $qrcodes', 'C:\\laragon\\www\\projectmahalta\\app\\Views\\Hotell\\coninformation.php', 112)
 2 SYSTEMPATH\View\View.php(228): include('C:\\laragon\\www\\projectmahalta\\app\\Views\\Hotell\\coninformation.php')
 3 SYSTEMPATH\View\View.php(231): CodeIgniter\View\View->CodeIgniter\View\{closure}()
 4 SYSTEMPATH\Common.php(1190): CodeIgniter\View\View->render('Hotell/coninformation', [], true)
 5 APPPATH\Controllers\GuestController.php(426): view('Hotell/coninformation', [...])
 6 SYSTEMPATH\CodeIgniter.php(942): App\Controllers\GuestController->getVenueDateandGuests()
 7 SYSTEMPATH\CodeIgniter.php(502): CodeIgniter\CodeIgniter->runController(Object(App\Controllers\GuestController))
 8 SYSTEMPATH\CodeIgniter.php(361): CodeIgniter\CodeIgniter->handleRequest(null, Object(Config\Cache), false)
 9 FCPATH\index.php(79): CodeIgniter\CodeIgniter->run()
10 SYSTEMPATH\Commands\Server\rewrite.php(47): require_once('C:\\laragon\\www\\projectmahalta\\public\\index.php')
CRITICAL - 2024-04-09 01:15:16 --> Undefined variable $qrcodes
in APPPATH\Views\Hotell\coninformation.php on line 112.
 1 APPPATH\Views\Hotell\coninformation.php(112): CodeIgniter\Debug\Exceptions->errorHandler(2, 'Undefined variable $qrcodes', 'C:\\laragon\\www\\projectmahalta\\app\\Views\\Hotell\\coninformation.php', 112)
 2 SYSTEMPATH\View\View.php(228): include('C:\\laragon\\www\\projectmahalta\\app\\Views\\Hotell\\coninformation.php')
 3 SYSTEMPATH\View\View.php(231): CodeIgniter\View\View->CodeIgniter\View\{closure}()
 4 SYSTEMPATH\Common.php(1190): CodeIgniter\View\View->render('Hotell/coninformation', [], true)
 5 APPPATH\Controllers\GuestController.php(426): view('Hotell/coninformation', [...])
 6 SYSTEMPATH\CodeIgniter.php(942): App\Controllers\GuestController->getVenueDateandGuests()
 7 SYSTEMPATH\CodeIgniter.php(502): CodeIgniter\CodeIgniter->runController(Object(App\Controllers\GuestController))
 8 SYSTEMPATH\CodeIgniter.php(361): CodeIgniter\CodeIgniter->handleRequest(null, Object(Config\Cache), false)
 9 FCPATH\index.php(79): CodeIgniter\CodeIgniter->run()
10 SYSTEMPATH\Commands\Server\rewrite.php(47): require_once('C:\\laragon\\www\\projectmahalta\\public\\index.php')
CRITICAL - 2024-04-09 01:15:17 --> Undefined variable $qrcodes
in APPPATH\Views\Hotell\coninformation.php on line 112.
 1 APPPATH\Views\Hotell\coninformation.php(112): CodeIgniter\Debug\Exceptions->errorHandler(2, 'Undefined variable $qrcodes', 'C:\\laragon\\www\\projectmahalta\\app\\Views\\Hotell\\coninformation.php', 112)
 2 SYSTEMPATH\View\View.php(228): include('C:\\laragon\\www\\projectmahalta\\app\\Views\\Hotell\\coninformation.php')
 3 SYSTEMPATH\View\View.php(231): CodeIgniter\View\View->CodeIgniter\View\{closure}()
 4 SYSTEMPATH\Common.php(1190): CodeIgniter\View\View->render('Hotell/coninformation', [], true)
 5 APPPATH\Controllers\GuestController.php(426): view('Hotell/coninformation', [...])
 6 SYSTEMPATH\CodeIgniter.php(942): App\Controllers\GuestController->getVenueDateandGuests()
 7 SYSTEMPATH\CodeIgniter.php(502): CodeIgniter\CodeIgniter->runController(Object(App\Controllers\GuestController))
 8 SYSTEMPATH\CodeIgniter.php(361): CodeIgniter\CodeIgniter->handleRequest(null, Object(Config\Cache), false)
 9 FCPATH\index.php(79): CodeIgniter\CodeIgniter->run()
10 SYSTEMPATH\Commands\Server\rewrite.php(47): require_once('C:\\laragon\\www\\projectmahalta\\public\\index.php')
CRITICAL - 2024-04-09 01:15:17 --> Undefined variable $qrcodes
in APPPATH\Views\Hotell\coninformation.php on line 112.
 1 APPPATH\Views\Hotell\coninformation.php(112): CodeIgniter\Debug\Exceptions->errorHandler(2, 'Undefined variable $qrcodes', 'C:\\laragon\\www\\projectmahalta\\app\\Views\\Hotell\\coninformation.php', 112)
 2 SYSTEMPATH\View\View.php(228): include('C:\\laragon\\www\\projectmahalta\\app\\Views\\Hotell\\coninformation.php')
 3 SYSTEMPATH\View\View.php(231): CodeIgniter\View\View->CodeIgniter\View\{closure}()
 4 SYSTEMPATH\Common.php(1190): CodeIgniter\View\View->render('Hotell/coninformation', [], true)
 5 APPPATH\Controllers\GuestController.php(426): view('Hotell/coninformation', [...])
 6 SYSTEMPATH\CodeIgniter.php(942): App\Controllers\GuestController->getVenueDateandGuests()
 7 SYSTEMPATH\CodeIgniter.php(502): CodeIgniter\CodeIgniter->runController(Object(App\Controllers\GuestController))
 8 SYSTEMPATH\CodeIgniter.php(361): CodeIgniter\CodeIgniter->handleRequest(null, Object(Config\Cache), false)
 9 FCPATH\index.php(79): CodeIgniter\CodeIgniter->run()
10 SYSTEMPATH\Commands\Server\rewrite.php(47): require_once('C:\\laragon\\www\\projectmahalta\\public\\index.php')
CRITICAL - 2024-04-09 01:17:03 --> Undefined variable $qrcodes
in APPPATH\Views\Hotell\coninformation.php on line 112.
 1 APPPATH\Views\Hotell\coninformation.php(112): CodeIgniter\Debug\Exceptions->errorHandler(2, 'Undefined variable $qrcodes', 'C:\\laragon\\www\\projectmahalta\\app\\Views\\Hotell\\coninformation.php', 112)
 2 SYSTEMPATH\View\View.php(228): include('C:\\laragon\\www\\projectmahalta\\app\\Views\\Hotell\\coninformation.php')
 3 SYSTEMPATH\View\View.php(231): CodeIgniter\View\View->CodeIgniter\View\{closure}()
 4 SYSTEMPATH\Common.php(1190): CodeIgniter\View\View->render('Hotell/coninformation', [], true)
 5 APPPATH\Controllers\GuestController.php(426): view('Hotell/coninformation', [...])
 6 SYSTEMPATH\CodeIgniter.php(942): App\Controllers\GuestController->getVenueDateandGuests()
 7 SYSTEMPATH\CodeIgniter.php(502): CodeIgniter\CodeIgniter->runController(Object(App\Controllers\GuestController))
 8 SYSTEMPATH\CodeIgniter.php(361): CodeIgniter\CodeIgniter->handleRequest(null, Object(Config\Cache), false)
 9 FCPATH\index.php(79): CodeIgniter\CodeIgniter->run()
10 SYSTEMPATH\Commands\Server\rewrite.php(47): require_once('C:\\laragon\\www\\projectmahalta\\public\\index.php')
CRITICAL - 2024-04-09 01:17:04 --> Undefined variable $qrcodes
in APPPATH\Views\Hotell\coninformation.php on line 112.
 1 APPPATH\Views\Hotell\coninformation.php(112): CodeIgniter\Debug\Exceptions->errorHandler(2, 'Undefined variable $qrcodes', 'C:\\laragon\\www\\projectmahalta\\app\\Views\\Hotell\\coninformation.php', 112)
 2 SYSTEMPATH\View\View.php(228): include('C:\\laragon\\www\\projectmahalta\\app\\Views\\Hotell\\coninformation.php')
 3 SYSTEMPATH\View\View.php(231): CodeIgniter\View\View->CodeIgniter\View\{closure}()
 4 SYSTEMPATH\Common.php(1190): CodeIgniter\View\View->render('Hotell/coninformation', [], true)
 5 APPPATH\Controllers\GuestController.php(426): view('Hotell/coninformation', [...])
 6 SYSTEMPATH\CodeIgniter.php(942): App\Controllers\GuestController->getVenueDateandGuests()
 7 SYSTEMPATH\CodeIgniter.php(502): CodeIgniter\CodeIgniter->runController(Object(App\Controllers\GuestController))
 8 SYSTEMPATH\CodeIgniter.php(361): CodeIgniter\CodeIgniter->handleRequest(null, Object(Config\Cache), false)
 9 FCPATH\index.php(79): CodeIgniter\CodeIgniter->run()
10 SYSTEMPATH\Commands\Server\rewrite.php(47): require_once('C:\\laragon\\www\\projectmahalta\\public\\index.php')
CRITICAL - 2024-04-09 01:17:05 --> Undefined variable $qrcodes
in APPPATH\Views\Hotell\coninformation.php on line 112.
 1 APPPATH\Views\Hotell\coninformation.php(112): CodeIgniter\Debug\Exceptions->errorHandler(2, 'Undefined variable $qrcodes', 'C:\\laragon\\www\\projectmahalta\\app\\Views\\Hotell\\coninformation.php', 112)
 2 SYSTEMPATH\View\View.php(228): include('C:\\laragon\\www\\projectmahalta\\app\\Views\\Hotell\\coninformation.php')
 3 SYSTEMPATH\View\View.php(231): CodeIgniter\View\View->CodeIgniter\View\{closure}()
 4 SYSTEMPATH\Common.php(1190): CodeIgniter\View\View->render('Hotell/coninformation', [], true)
 5 APPPATH\Controllers\GuestController.php(426): view('Hotell/coninformation', [...])
 6 SYSTEMPATH\CodeIgniter.php(942): App\Controllers\GuestController->getVenueDateandGuests()
 7 SYSTEMPATH\CodeIgniter.php(502): CodeIgniter\CodeIgniter->runController(Object(App\Controllers\GuestController))
 8 SYSTEMPATH\CodeIgniter.php(361): CodeIgniter\CodeIgniter->handleRequest(null, Object(Config\Cache), false)
 9 FCPATH\index.php(79): CodeIgniter\CodeIgniter->run()
10 SYSTEMPATH\Commands\Server\rewrite.php(47): require_once('C:\\laragon\\www\\projectmahalta\\public\\index.php')
CRITICAL - 2024-04-09 01:17:05 --> Undefined variable $qrcodes
in APPPATH\Views\Hotell\coninformation.php on line 112.
 1 APPPATH\Views\Hotell\coninformation.php(112): CodeIgniter\Debug\Exceptions->errorHandler(2, 'Undefined variable $qrcodes', 'C:\\laragon\\www\\projectmahalta\\app\\Views\\Hotell\\coninformation.php', 112)
 2 SYSTEMPATH\View\View.php(228): include('C:\\laragon\\www\\projectmahalta\\app\\Views\\Hotell\\coninformation.php')
 3 SYSTEMPATH\View\View.php(231): CodeIgniter\View\View->CodeIgniter\View\{closure}()
 4 SYSTEMPATH\Common.php(1190): CodeIgniter\View\View->render('Hotell/coninformation', [], true)
 5 APPPATH\Controllers\GuestController.php(426): view('Hotell/coninformation', [...])
 6 SYSTEMPATH\CodeIgniter.php(942): App\Controllers\GuestController->getVenueDateandGuests()
 7 SYSTEMPATH\CodeIgniter.php(502): CodeIgniter\CodeIgniter->runController(Object(App\Controllers\GuestController))
 8 SYSTEMPATH\CodeIgniter.php(361): CodeIgniter\CodeIgniter->handleRequest(null, Object(Config\Cache), false)
 9 FCPATH\index.php(79): CodeIgniter\CodeIgniter->run()
10 SYSTEMPATH\Commands\Server\rewrite.php(47): require_once('C:\\laragon\\www\\projectmahalta\\public\\index.php')
CRITICAL - 2024-04-09 01:17:05 --> Undefined variable $qrcodes
in APPPATH\Views\Hotell\coninformation.php on line 112.
 1 APPPATH\Views\Hotell\coninformation.php(112): CodeIgniter\Debug\Exceptions->errorHandler(2, 'Undefined variable $qrcodes', 'C:\\laragon\\www\\projectmahalta\\app\\Views\\Hotell\\coninformation.php', 112)
 2 SYSTEMPATH\View\View.php(228): include('C:\\laragon\\www\\projectmahalta\\app\\Views\\Hotell\\coninformation.php')
 3 SYSTEMPATH\View\View.php(231): CodeIgniter\View\View->CodeIgniter\View\{closure}()
 4 SYSTEMPATH\Common.php(1190): CodeIgniter\View\View->render('Hotell/coninformation', [], true)
 5 APPPATH\Controllers\GuestController.php(426): view('Hotell/coninformation', [...])
 6 SYSTEMPATH\CodeIgniter.php(942): App\Controllers\GuestController->getVenueDateandGuests()
 7 SYSTEMPATH\CodeIgniter.php(502): CodeIgniter\CodeIgniter->runController(Object(App\Controllers\GuestController))
 8 SYSTEMPATH\CodeIgniter.php(361): CodeIgniter\CodeIgniter->handleRequest(null, Object(Config\Cache), false)
 9 FCPATH\index.php(79): CodeIgniter\CodeIgniter->run()
10 SYSTEMPATH\Commands\Server\rewrite.php(47): require_once('C:\\laragon\\www\\projectmahalta\\public\\index.php')
CRITICAL - 2024-04-09 01:17:05 --> Undefined variable $qrcodes
in APPPATH\Views\Hotell\coninformation.php on line 112.
 1 APPPATH\Views\Hotell\coninformation.php(112): CodeIgniter\Debug\Exceptions->errorHandler(2, 'Undefined variable $qrcodes', 'C:\\laragon\\www\\projectmahalta\\app\\Views\\Hotell\\coninformation.php', 112)
 2 SYSTEMPATH\View\View.php(228): include('C:\\laragon\\www\\projectmahalta\\app\\Views\\Hotell\\coninformation.php')
 3 SYSTEMPATH\View\View.php(231): CodeIgniter\View\View->CodeIgniter\View\{closure}()
 4 SYSTEMPATH\Common.php(1190): CodeIgniter\View\View->render('Hotell/coninformation', [], true)
 5 APPPATH\Controllers\GuestController.php(426): view('Hotell/coninformation', [...])
 6 SYSTEMPATH\CodeIgniter.php(942): App\Controllers\GuestController->getVenueDateandGuests()
 7 SYSTEMPATH\CodeIgniter.php(502): CodeIgniter\CodeIgniter->runController(Object(App\Controllers\GuestController))
 8 SYSTEMPATH\CodeIgniter.php(361): CodeIgniter\CodeIgniter->handleRequest(null, Object(Config\Cache), false)
 9 FCPATH\index.php(79): CodeIgniter\CodeIgniter->run()
10 SYSTEMPATH\Commands\Server\rewrite.php(47): require_once('C:\\laragon\\www\\projectmahalta\\public\\index.php')
CRITICAL - 2024-04-09 01:17:06 --> Undefined variable $qrcodes
in APPPATH\Views\Hotell\coninformation.php on line 112.
 1 APPPATH\Views\Hotell\coninformation.php(112): CodeIgniter\Debug\Exceptions->errorHandler(2, 'Undefined variable $qrcodes', 'C:\\laragon\\www\\projectmahalta\\app\\Views\\Hotell\\coninformation.php', 112)
 2 SYSTEMPATH\View\View.php(228): include('C:\\laragon\\www\\projectmahalta\\app\\Views\\Hotell\\coninformation.php')
 3 SYSTEMPATH\View\View.php(231): CodeIgniter\View\View->CodeIgniter\View\{closure}()
 4 SYSTEMPATH\Common.php(1190): CodeIgniter\View\View->render('Hotell/coninformation', [], true)
 5 APPPATH\Controllers\GuestController.php(426): view('Hotell/coninformation', [...])
 6 SYSTEMPATH\CodeIgniter.php(942): App\Controllers\GuestController->getVenueDateandGuests()
 7 SYSTEMPATH\CodeIgniter.php(502): CodeIgniter\CodeIgniter->runController(Object(App\Controllers\GuestController))
 8 SYSTEMPATH\CodeIgniter.php(361): CodeIgniter\CodeIgniter->handleRequest(null, Object(Config\Cache), false)
 9 FCPATH\index.php(79): CodeIgniter\CodeIgniter->run()
10 SYSTEMPATH\Commands\Server\rewrite.php(47): require_once('C:\\laragon\\www\\projectmahalta\\public\\index.php')
CRITICAL - 2024-04-09 01:17:06 --> Undefined variable $qrcodes
in APPPATH\Views\Hotell\coninformation.php on line 112.
 1 APPPATH\Views\Hotell\coninformation.php(112): CodeIgniter\Debug\Exceptions->errorHandler(2, 'Undefined variable $qrcodes', 'C:\\laragon\\www\\projectmahalta\\app\\Views\\Hotell\\coninformation.php', 112)
 2 SYSTEMPATH\View\View.php(228): include('C:\\laragon\\www\\projectmahalta\\app\\Views\\Hotell\\coninformation.php')
 3 SYSTEMPATH\View\View.php(231): CodeIgniter\View\View->CodeIgniter\View\{closure}()
 4 SYSTEMPATH\Common.php(1190): CodeIgniter\View\View->render('Hotell/coninformation', [], true)
 5 APPPATH\Controllers\GuestController.php(426): view('Hotell/coninformation', [...])
 6 SYSTEMPATH\CodeIgniter.php(942): App\Controllers\GuestController->getVenueDateandGuests()
 7 SYSTEMPATH\CodeIgniter.php(502): CodeIgniter\CodeIgniter->runController(Object(App\Controllers\GuestController))
 8 SYSTEMPATH\CodeIgniter.php(361): CodeIgniter\CodeIgniter->handleRequest(null, Object(Config\Cache), false)
 9 FCPATH\index.php(79): CodeIgniter\CodeIgniter->run()
10 SYSTEMPATH\Commands\Server\rewrite.php(47): require_once('C:\\laragon\\www\\projectmahalta\\public\\index.php')
CRITICAL - 2024-04-09 01:17:06 --> Undefined variable $qrcodes
in APPPATH\Views\Hotell\coninformation.php on line 112.
 1 APPPATH\Views\Hotell\coninformation.php(112): CodeIgniter\Debug\Exceptions->errorHandler(2, 'Undefined variable $qrcodes', 'C:\\laragon\\www\\projectmahalta\\app\\Views\\Hotell\\coninformation.php', 112)
 2 SYSTEMPATH\View\View.php(228): include('C:\\laragon\\www\\projectmahalta\\app\\Views\\Hotell\\coninformation.php')
 3 SYSTEMPATH\View\View.php(231): CodeIgniter\View\View->CodeIgniter\View\{closure}()
 4 SYSTEMPATH\Common.php(1190): CodeIgniter\View\View->render('Hotell/coninformation', [], true)
 5 APPPATH\Controllers\GuestController.php(426): view('Hotell/coninformation', [...])
 6 SYSTEMPATH\CodeIgniter.php(942): App\Controllers\GuestController->getVenueDateandGuests()
 7 SYSTEMPATH\CodeIgniter.php(502): CodeIgniter\CodeIgniter->runController(Object(App\Controllers\GuestController))
 8 SYSTEMPATH\CodeIgniter.php(361): CodeIgniter\CodeIgniter->handleRequest(null, Object(Config\Cache), false)
 9 FCPATH\index.php(79): CodeIgniter\CodeIgniter->run()
10 SYSTEMPATH\Commands\Server\rewrite.php(47): require_once('C:\\laragon\\www\\projectmahalta\\public\\index.php')
CRITICAL - 2024-04-09 01:17:06 --> Undefined variable $qrcodes
in APPPATH\Views\Hotell\coninformation.php on line 112.
 1 APPPATH\Views\Hotell\coninformation.php(112): CodeIgniter\Debug\Exceptions->errorHandler(2, 'Undefined variable $qrcodes', 'C:\\laragon\\www\\projectmahalta\\app\\Views\\Hotell\\coninformation.php', 112)
 2 SYSTEMPATH\View\View.php(228): include('C:\\laragon\\www\\projectmahalta\\app\\Views\\Hotell\\coninformation.php')
 3 SYSTEMPATH\View\View.php(231): CodeIgniter\View\View->CodeIgniter\View\{closure}()
 4 SYSTEMPATH\Common.php(1190): CodeIgniter\View\View->render('Hotell/coninformation', [], true)
 5 APPPATH\Controllers\GuestController.php(426): view('Hotell/coninformation', [...])
 6 SYSTEMPATH\CodeIgniter.php(942): App\Controllers\GuestController->getVenueDateandGuests()
 7 SYSTEMPATH\CodeIgniter.php(502): CodeIgniter\CodeIgniter->runController(Object(App\Controllers\GuestController))
 8 SYSTEMPATH\CodeIgniter.php(361): CodeIgniter\CodeIgniter->handleRequest(null, Object(Config\Cache), false)
 9 FCPATH\index.php(79): CodeIgniter\CodeIgniter->run()
10 SYSTEMPATH\Commands\Server\rewrite.php(47): require_once('C:\\laragon\\www\\projectmahalta\\public\\index.php')
CRITICAL - 2024-04-09 01:17:06 --> Undefined variable $qrcodes
in APPPATH\Views\Hotell\coninformation.php on line 112.
 1 APPPATH\Views\Hotell\coninformation.php(112): CodeIgniter\Debug\Exceptions->errorHandler(2, 'Undefined variable $qrcodes', 'C:\\laragon\\www\\projectmahalta\\app\\Views\\Hotell\\coninformation.php', 112)
 2 SYSTEMPATH\View\View.php(228): include('C:\\laragon\\www\\projectmahalta\\app\\Views\\Hotell\\coninformation.php')
 3 SYSTEMPATH\View\View.php(231): CodeIgniter\View\View->CodeIgniter\View\{closure}()
 4 SYSTEMPATH\Common.php(1190): CodeIgniter\View\View->render('Hotell/coninformation', [], true)
 5 APPPATH\Controllers\GuestController.php(426): view('Hotell/coninformation', [...])
 6 SYSTEMPATH\CodeIgniter.php(942): App\Controllers\GuestController->getVenueDateandGuests()
 7 SYSTEMPATH\CodeIgniter.php(502): CodeIgniter\CodeIgniter->runController(Object(App\Controllers\GuestController))
 8 SYSTEMPATH\CodeIgniter.php(361): CodeIgniter\CodeIgniter->handleRequest(null, Object(Config\Cache), false)
 9 FCPATH\index.php(79): CodeIgniter\CodeIgniter->run()
10 SYSTEMPATH\Commands\Server\rewrite.php(47): require_once('C:\\laragon\\www\\projectmahalta\\public\\index.php')
CRITICAL - 2024-04-09 01:17:06 --> Undefined variable $qrcodes
in APPPATH\Views\Hotell\coninformation.php on line 112.
 1 APPPATH\Views\Hotell\coninformation.php(112): CodeIgniter\Debug\Exceptions->errorHandler(2, 'Undefined variable $qrcodes', 'C:\\laragon\\www\\projectmahalta\\app\\Views\\Hotell\\coninformation.php', 112)
 2 SYSTEMPATH\View\View.php(228): include('C:\\laragon\\www\\projectmahalta\\app\\Views\\Hotell\\coninformation.php')
 3 SYSTEMPATH\View\View.php(231): CodeIgniter\View\View->CodeIgniter\View\{closure}()
 4 SYSTEMPATH\Common.php(1190): CodeIgniter\View\View->render('Hotell/coninformation', [], true)
 5 APPPATH\Controllers\GuestController.php(426): view('Hotell/coninformation', [...])
 6 SYSTEMPATH\CodeIgniter.php(942): App\Controllers\GuestController->getVenueDateandGuests()
 7 SYSTEMPATH\CodeIgniter.php(502): CodeIgniter\CodeIgniter->runController(Object(App\Controllers\GuestController))
 8 SYSTEMPATH\CodeIgniter.php(361): CodeIgniter\CodeIgniter->handleRequest(null, Object(Config\Cache), false)
 9 FCPATH\index.php(79): CodeIgniter\CodeIgniter->run()
10 SYSTEMPATH\Commands\Server\rewrite.php(47): require_once('C:\\laragon\\www\\projectmahalta\\public\\index.php')
CRITICAL - 2024-04-09 01:17:07 --> Undefined variable $qrcodes
in APPPATH\Views\Hotell\coninformation.php on line 112.
 1 APPPATH\Views\Hotell\coninformation.php(112): CodeIgniter\Debug\Exceptions->errorHandler(2, 'Undefined variable $qrcodes', 'C:\\laragon\\www\\projectmahalta\\app\\Views\\Hotell\\coninformation.php', 112)
 2 SYSTEMPATH\View\View.php(228): include('C:\\laragon\\www\\projectmahalta\\app\\Views\\Hotell\\coninformation.php')
 3 SYSTEMPATH\View\View.php(231): CodeIgniter\View\View->CodeIgniter\View\{closure}()
 4 SYSTEMPATH\Common.php(1190): CodeIgniter\View\View->render('Hotell/coninformation', [], true)
 5 APPPATH\Controllers\GuestController.php(426): view('Hotell/coninformation', [...])
 6 SYSTEMPATH\CodeIgniter.php(942): App\Controllers\GuestController->getVenueDateandGuests()
 7 SYSTEMPATH\CodeIgniter.php(502): CodeIgniter\CodeIgniter->runController(Object(App\Controllers\GuestController))
 8 SYSTEMPATH\CodeIgniter.php(361): CodeIgniter\CodeIgniter->handleRequest(null, Object(Config\Cache), false)
 9 FCPATH\index.php(79): CodeIgniter\CodeIgniter->run()
10 SYSTEMPATH\Commands\Server\rewrite.php(47): require_once('C:\\laragon\\www\\projectmahalta\\public\\index.php')
CRITICAL - 2024-04-09 01:17:07 --> Undefined variable $qrcodes
in APPPATH\Views\Hotell\coninformation.php on line 112.
 1 APPPATH\Views\Hotell\coninformation.php(112): CodeIgniter\Debug\Exceptions->errorHandler(2, 'Undefined variable $qrcodes', 'C:\\laragon\\www\\projectmahalta\\app\\Views\\Hotell\\coninformation.php', 112)
 2 SYSTEMPATH\View\View.php(228): include('C:\\laragon\\www\\projectmahalta\\app\\Views\\Hotell\\coninformation.php')
 3 SYSTEMPATH\View\View.php(231): CodeIgniter\View\View->CodeIgniter\View\{closure}()
 4 SYSTEMPATH\Common.php(1190): CodeIgniter\View\View->render('Hotell/coninformation', [], true)
 5 APPPATH\Controllers\GuestController.php(426): view('Hotell/coninformation', [...])
 6 SYSTEMPATH\CodeIgniter.php(942): App\Controllers\GuestController->getVenueDateandGuests()
 7 SYSTEMPATH\CodeIgniter.php(502): CodeIgniter\CodeIgniter->runController(Object(App\Controllers\GuestController))
 8 SYSTEMPATH\CodeIgniter.php(361): CodeIgniter\CodeIgniter->handleRequest(null, Object(Config\Cache), false)
 9 FCPATH\index.php(79): CodeIgniter\CodeIgniter->run()
10 SYSTEMPATH\Commands\Server\rewrite.php(47): require_once('C:\\laragon\\www\\projectmahalta\\public\\index.php')
CRITICAL - 2024-04-09 02:47:29 --> Trying to access array offset on value of type null
in APPPATH\Controllers\GuestController.php on line 625.
 1 APPPATH\Controllers\GuestController.php(625): CodeIgniter\Debug\Exceptions->errorHandler(2, 'Trying to access array offset on value of type null', 'C:\\laragon\\www\\projectmahalta\\app\\Controllers\\GuestController.php', 625)
 2 SYSTEMPATH\CodeIgniter.php(942): App\Controllers\GuestController->formdetails()
 3 SYSTEMPATH\CodeIgniter.php(502): CodeIgniter\CodeIgniter->runController(Object(App\Controllers\GuestController))
 4 SYSTEMPATH\CodeIgniter.php(361): CodeIgniter\CodeIgniter->handleRequest(null, Object(Config\Cache), false)
 5 FCPATH\index.php(79): CodeIgniter\CodeIgniter->run()
 6 SYSTEMPATH\Commands\Server\rewrite.php(47): require_once('C:\\laragon\\www\\projectmahalta\\public\\index.php')
CRITICAL - 2024-04-09 03:18:47 --> Array to string conversion
in APPPATH\Views\Hotell\conformdetail.php on line 56.
 1 APPPATH\Views\Hotell\conformdetail.php(56): CodeIgniter\Debug\Exceptions->errorHandler(2, 'Array to string conversion', 'C:\\laragon\\www\\projectmahalta\\app\\Views\\Hotell\\conformdetail.php', 56)
 2 SYSTEMPATH\View\View.php(228): include('C:\\laragon\\www\\projectmahalta\\app\\Views\\Hotell\\conformdetail.php')
 3 SYSTEMPATH\View\View.php(231): CodeIgniter\View\View->CodeIgniter\View\{closure}()
 4 SYSTEMPATH\Common.php(1190): CodeIgniter\View\View->render('Hotell\\conformdetail', [], true)
 5 APPPATH\Controllers\GuestController.php(496): view('Hotell\\conformdetail', [...])
 6 SYSTEMPATH\CodeIgniter.php(942): App\Controllers\GuestController->conventionformdetails()
 7 SYSTEMPATH\CodeIgniter.php(502): CodeIgniter\CodeIgniter->runController(Object(App\Controllers\GuestController))
 8 SYSTEMPATH\CodeIgniter.php(361): CodeIgniter\CodeIgniter->handleRequest(null, Object(Config\Cache), false)
 9 FCPATH\index.php(79): CodeIgniter\CodeIgniter->run()
10 SYSTEMPATH\Commands\Server\rewrite.php(47): require_once('C:\\laragon\\www\\projectmahalta\\public\\index.php')
CRITICAL - 2024-04-09 07:01:11 --> Trying to access array offset on value of type int
in APPPATH\Controllers\GuestController.php on line 479.
 1 APPPATH\Controllers\GuestController.php(479): CodeIgniter\Debug\Exceptions->errorHandler(2, 'Trying to access array offset on value of type int', 'C:\\laragon\\www\\projectmahalta\\app\\Controllers\\GuestController.php', 479)
 2 SYSTEMPATH\CodeIgniter.php(942): App\Controllers\GuestController->conventionformdetails()
 3 SYSTEMPATH\CodeIgniter.php(502): CodeIgniter\CodeIgniter->runController(Object(App\Controllers\GuestController))
 4 SYSTEMPATH\CodeIgniter.php(361): CodeIgniter\CodeIgniter->handleRequest(null, Object(Config\Cache), false)
 5 FCPATH\index.php(79): CodeIgniter\CodeIgniter->run()
 6 SYSTEMPATH\Commands\Server\rewrite.php(47): require_once('C:\\laragon\\www\\projectmahalta\\public\\index.php')
CRITICAL - 2024-04-09 09:42:41 --> Invalid file: "Hotell/convention-center.php"
in SYSTEMPATH\Exceptions\FrameworkException.php on line 39.
 1 SYSTEMPATH\View\View.php(216): CodeIgniter\Exceptions\FrameworkException::forInvalidFile('Hotell/convention-center.php')
 2 SYSTEMPATH\Common.php(1190): CodeIgniter\View\View->render('Hotell/convention-center', [], true)
 3 APPPATH\Controllers\GuestController.php(1061): view('Hotell/convention-center', [...])
 4 SYSTEMPATH\CodeIgniter.php(942): App\Controllers\GuestController->conventionReservation()
 5 SYSTEMPATH\CodeIgniter.php(502): CodeIgniter\CodeIgniter->runController(Object(App\Controllers\GuestController))
 6 SYSTEMPATH\CodeIgniter.php(361): CodeIgniter\CodeIgniter->handleRequest(null, Object(Config\Cache), false)
 7 FCPATH\index.php(79): CodeIgniter\CodeIgniter->run()
 8 SYSTEMPATH\Commands\Server\rewrite.php(47): require_once('C:\\laragon\\www\\projectmahalta\\public\\index.php')
CRITICAL - 2024-04-09 09:44:36 --> Undefined variable $convenues
in APPPATH\Views\Hotell\conreservation.php on line 53.
 1 APPPATH\Views\Hotell\conreservation.php(53): CodeIgniter\Debug\Exceptions->errorHandler(2, 'Undefined variable $convenues', 'C:\\laragon\\www\\projectmahalta\\app\\Views\\Hotell\\conreservation.php', 53)
 2 SYSTEMPATH\View\View.php(228): include('C:\\laragon\\www\\projectmahalta\\app\\Views\\Hotell\\conreservation.php')
 3 SYSTEMPATH\View\View.php(231): CodeIgniter\View\View->CodeIgniter\View\{closure}()
 4 SYSTEMPATH\Common.php(1190): CodeIgniter\View\View->render('Hotell/conreservation', [], true)
 5 APPPATH\Controllers\GuestController.php(1061): view('Hotell/conreservation', [...])
 6 SYSTEMPATH\CodeIgniter.php(942): App\Controllers\GuestController->conventionReservation()
 7 SYSTEMPATH\CodeIgniter.php(502): CodeIgniter\CodeIgniter->runController(Object(App\Controllers\GuestController))
 8 SYSTEMPATH\CodeIgniter.php(361): CodeIgniter\CodeIgniter->handleRequest(null, Object(Config\Cache), false)
 9 FCPATH\index.php(79): CodeIgniter\CodeIgniter->run()
10 SYSTEMPATH\Commands\Server\rewrite.php(47): require_once('C:\\laragon\\www\\projectmahalta\\public\\index.php')
CRITICAL - 2024-04-09 09:49:42 --> Undefined variable $convenues
in APPPATH\Views\Hotell\conreservation.php on line 53.
 1 APPPATH\Views\Hotell\conreservation.php(53): CodeIgniter\Debug\Exceptions->errorHandler(2, 'Undefined variable $convenues', 'C:\\laragon\\www\\projectmahalta\\app\\Views\\Hotell\\conreservation.php', 53)
 2 SYSTEMPATH\View\View.php(228): include('C:\\laragon\\www\\projectmahalta\\app\\Views\\Hotell\\conreservation.php')
 3 SYSTEMPATH\View\View.php(231): CodeIgniter\View\View->CodeIgniter\View\{closure}()
 4 SYSTEMPATH\Common.php(1190): CodeIgniter\View\View->render('Hotell/conreservation', [], true)
 5 APPPATH\Controllers\GuestController.php(1059): view('Hotell/conreservation', [...])
 6 SYSTEMPATH\CodeIgniter.php(942): App\Controllers\GuestController->conventionReservation()
 7 SYSTEMPATH\CodeIgniter.php(502): CodeIgniter\CodeIgniter->runController(Object(App\Controllers\GuestController))
 8 SYSTEMPATH\CodeIgniter.php(361): CodeIgniter\CodeIgniter->handleRequest(null, Object(Config\Cache), false)
 9 FCPATH\index.php(79): CodeIgniter\CodeIgniter->run()
10 SYSTEMPATH\Commands\Server\rewrite.php(47): require_once('C:\\laragon\\www\\projectmahalta\\public\\index.php')
CRITICAL - 2024-04-09 09:57:22 --> Undefined variable $qrcodes
in APPPATH\Views\Hotell\conformdetail.php on line 77.
 1 APPPATH\Views\Hotell\conformdetail.php(77): CodeIgniter\Debug\Exceptions->errorHandler(2, 'Undefined variable $qrcodes', 'C:\\laragon\\www\\projectmahalta\\app\\Views\\Hotell\\conformdetail.php', 77)
 2 SYSTEMPATH\View\View.php(228): include('C:\\laragon\\www\\projectmahalta\\app\\Views\\Hotell\\conformdetail.php')
 3 SYSTEMPATH\View\View.php(231): CodeIgniter\View\View->CodeIgniter\View\{closure}()
 4 SYSTEMPATH\Common.php(1190): CodeIgniter\View\View->render('Hotell/conformdetail', [], true)
 5 APPPATH\Controllers\GuestController.php(1059): view('Hotell/conformdetail', [...])
 6 SYSTEMPATH\CodeIgniter.php(942): App\Controllers\GuestController->conventionReservation()
 7 SYSTEMPATH\CodeIgniter.php(502): CodeIgniter\CodeIgniter->runController(Object(App\Controllers\GuestController))
 8 SYSTEMPATH\CodeIgniter.php(361): CodeIgniter\CodeIgniter->handleRequest(null, Object(Config\Cache), false)
 9 FCPATH\index.php(79): CodeIgniter\CodeIgniter->run()
10 SYSTEMPATH\Commands\Server\rewrite.php(47): require_once('C:\\laragon\\www\\projectmahalta\\public\\index.php')
CRITICAL - 2024-04-09 11:16:46 --> Undefined array key "EventID"
in APPPATH\Controllers\GuestController.php on line 999.
 1 APPPATH\Controllers\GuestController.php(999): CodeIgniter\Debug\Exceptions->errorHandler(2, 'Undefined array key "EventID"', 'C:\\laragon\\www\\projectmahalta\\app\\Controllers\\GuestController.php', 999)
 2 SYSTEMPATH\CodeIgniter.php(942): App\Controllers\GuestController->conventionReservation()
 3 SYSTEMPATH\CodeIgniter.php(502): CodeIgniter\CodeIgniter->runController(Object(App\Controllers\GuestController))
 4 SYSTEMPATH\CodeIgniter.php(361): CodeIgniter\CodeIgniter->handleRequest(null, Object(Config\Cache), false)
 5 FCPATH\index.php(79): CodeIgniter\CodeIgniter->run()
 6 SYSTEMPATH\Commands\Server\rewrite.php(47): require_once('C:\\laragon\\www\\projectmahalta\\public\\index.php')
CRITICAL - 2024-04-09 11:42:55 --> Cannot redeclare App\Controllers\GuestController::conventionReservation()
in APPPATH\Controllers\GuestController.php on line 1012.
 1 [internal function]: CodeIgniter\Debug\Exceptions->shutdownHandler()
ERROR - 2024-04-09 11:44:58 --> mysqli_sql_exception: Column 'EventID' cannot be null in C:\laragon\www\projectmahalta\system\Database\MySQLi\Connection.php:306
Stack trace:
#0 C:\laragon\www\projectmahalta\system\Database\MySQLi\Connection.php(306): mysqli->query('INSERT INTO `co...', 0)
#1 C:\laragon\www\projectmahalta\system\Database\BaseConnection.php(693): CodeIgniter\Database\MySQLi\Connection->execute('INSERT INTO `co...')
#2 C:\laragon\www\projectmahalta\system\Database\BaseConnection.php(607): CodeIgniter\Database\BaseConnection->simpleQuery('INSERT INTO `co...')
#3 C:\laragon\www\projectmahalta\system\Database\BaseBuilder.php(2308): CodeIgniter\Database\BaseConnection->query('INSERT INTO `co...', Array, false)
#4 C:\laragon\www\projectmahalta\system\Model.php(319): CodeIgniter\Database\BaseBuilder->insert()
#5 C:\laragon\www\projectmahalta\system\BaseModel.php(788): CodeIgniter\Model->doInsert(Array)
#6 C:\laragon\www\projectmahalta\system\Model.php(715): CodeIgniter\BaseModel->insert(Array, true)
#7 C:\laragon\www\projectmahalta\app\Controllers\GuestController.php(1007): CodeIgniter\Model->insert(Array)
#8 C:\laragon\www\projectmahalta\system\CodeIgniter.php(942): App\Controllers\GuestController->conventionReservation()
#9 C:\laragon\www\projectmahalta\system\CodeIgniter.php(502): CodeIgniter\CodeIgniter->runController(Object(App\Controllers\GuestController))
#10 C:\laragon\www\projectmahalta\system\CodeIgniter.php(361): CodeIgniter\CodeIgniter->handleRequest(NULL, Object(Config\Cache), false)
#11 C:\laragon\www\projectmahalta\public\index.php(79): CodeIgniter\CodeIgniter->run()
#12 C:\laragon\www\projectmahalta\system\Commands\Server\rewrite.php(47): require_once('C:\\laragon\\www\\...')
#13 {main}
CRITICAL - 2024-04-09 11:44:58 --> Column 'EventID' cannot be null
in SYSTEMPATH\Database\BaseConnection.php on line 647.
 1 SYSTEMPATH\Database\BaseBuilder.php(2308): CodeIgniter\Database\BaseConnection->query('INSERT INTO `convention` (`EventID`, `conVenueID`) VALUES (:EventID:, :conVenueID:)', [...], false)
 2 SYSTEMPATH\Model.php(319): CodeIgniter\Database\BaseBuilder->insert()
 3 SYSTEMPATH\BaseModel.php(788): CodeIgniter\Model->doInsert([...])
 4 SYSTEMPATH\Model.php(715): CodeIgniter\BaseModel->insert([...], true)
 5 APPPATH\Controllers\GuestController.php(1007): CodeIgniter\Model->insert([...])
 6 SYSTEMPATH\CodeIgniter.php(942): App\Controllers\GuestController->conventionReservation()
 7 SYSTEMPATH\CodeIgniter.php(502): CodeIgniter\CodeIgniter->runController(Object(App\Controllers\GuestController))
 8 SYSTEMPATH\CodeIgniter.php(361): CodeIgniter\CodeIgniter->handleRequest(null, Object(Config\Cache), false)
 9 FCPATH\index.php(79): CodeIgniter\CodeIgniter->run()
10 SYSTEMPATH\Commands\Server\rewrite.php(47): require_once('C:\\laragon\\www\\projectmahalta\\public\\index.php')
CRITICAL - 2024-04-09 11:47:42 --> Undefined array key "EventID"
in APPPATH\Controllers\GuestController.php on line 1000.
 1 APPPATH\Controllers\GuestController.php(1000): CodeIgniter\Debug\Exceptions->errorHandler(2, 'Undefined array key "EventID"', 'C:\\laragon\\www\\projectmahalta\\app\\Controllers\\GuestController.php', 1000)
 2 SYSTEMPATH\CodeIgniter.php(942): App\Controllers\GuestController->conventionReservation()
 3 SYSTEMPATH\CodeIgniter.php(502): CodeIgniter\CodeIgniter->runController(Object(App\Controllers\GuestController))
 4 SYSTEMPATH\CodeIgniter.php(361): CodeIgniter\CodeIgniter->handleRequest(null, Object(Config\Cache), false)
 5 FCPATH\index.php(79): CodeIgniter\CodeIgniter->run()
 6 SYSTEMPATH\Commands\Server\rewrite.php(47): require_once('C:\\laragon\\www\\projectmahalta\\public\\index.php')
ERROR - 2024-04-09 11:49:06 --> mysqli_sql_exception: Operand should contain 1 column(s) in C:\laragon\www\projectmahalta\system\Database\MySQLi\Connection.php:306
Stack trace:
#0 C:\laragon\www\projectmahalta\system\Database\MySQLi\Connection.php(306): mysqli->query('INSERT INTO `re...', 0)
#1 C:\laragon\www\projectmahalta\system\Database\BaseConnection.php(693): CodeIgniter\Database\MySQLi\Connection->execute('INSERT INTO `re...')
#2 C:\laragon\www\projectmahalta\system\Database\BaseConnection.php(607): CodeIgniter\Database\BaseConnection->simpleQuery('INSERT INTO `re...')
#3 C:\laragon\www\projectmahalta\system\Database\BaseBuilder.php(2308): CodeIgniter\Database\BaseConnection->query('INSERT INTO `re...', Array, false)
#4 C:\laragon\www\projectmahalta\system\Model.php(319): CodeIgniter\Database\BaseBuilder->insert()
#5 C:\laragon\www\projectmahalta\system\BaseModel.php(788): CodeIgniter\Model->doInsert(Array)
#6 C:\laragon\www\projectmahalta\system\Model.php(715): CodeIgniter\BaseModel->insert(Array, true)
#7 C:\laragon\www\projectmahalta\app\Controllers\GuestController.php(1012): CodeIgniter\Model->insert(Array)
#8 C:\laragon\www\projectmahalta\system\CodeIgniter.php(942): App\Controllers\GuestController->conventionReservation()
#9 C:\laragon\www\projectmahalta\system\CodeIgniter.php(502): CodeIgniter\CodeIgniter->runController(Object(App\Controllers\GuestController))
#10 C:\laragon\www\projectmahalta\system\CodeIgniter.php(361): CodeIgniter\CodeIgniter->handleRequest(NULL, Object(Config\Cache), false)
#11 C:\laragon\www\projectmahalta\public\index.php(79): CodeIgniter\CodeIgniter->run()
#12 C:\laragon\www\projectmahalta\system\Commands\Server\rewrite.php(47): require_once('C:\\laragon\\www\\...')
#13 {main}
CRITICAL - 2024-04-09 11:49:06 --> Operand should contain 1 column(s)
in SYSTEMPATH\Database\BaseConnection.php on line 647.
 1 SYSTEMPATH\Database\BaseBuilder.php(2308): CodeIgniter\Database\BaseConnection->query('INSERT INTO `reservations` (`CheckInDate`, `CheckOutDate`, `NumberOfGuests`, `downorfullPayment`, `ReferenceNumber`, `PaymentOption`, `Status`, `UserID`, `TotalAmount`, `Image`) VALUES (:CheckInDate:, :CheckOutDate:, :NumberOfGuests:, :downorfullPayment:, :ReferenceNumber:, :PaymentOption:, :Status:, :UserID:, :TotalAmount:, :Image:)', [...], false)
 2 SYSTEMPATH\Model.php(319): CodeIgniter\Database\BaseBuilder->insert()
 3 SYSTEMPATH\BaseModel.php(788): CodeIgniter\Model->doInsert([...])
 4 SYSTEMPATH\Model.php(715): CodeIgniter\BaseModel->insert([...], true)
 5 APPPATH\Controllers\GuestController.php(1012): CodeIgniter\Model->insert([...])
 6 SYSTEMPATH\CodeIgniter.php(942): App\Controllers\GuestController->conventionReservation()
 7 SYSTEMPATH\CodeIgniter.php(502): CodeIgniter\CodeIgniter->runController(Object(App\Controllers\GuestController))
 8 SYSTEMPATH\CodeIgniter.php(361): CodeIgniter\CodeIgniter->handleRequest(null, Object(Config\Cache), false)
 9 FCPATH\index.php(79): CodeIgniter\CodeIgniter->run()
10 SYSTEMPATH\Commands\Server\rewrite.php(47): require_once('C:\\laragon\\www\\projectmahalta\\public\\index.php')
CRITICAL - 2024-04-09 11:50:31 --> Undefined array key "EventID"
in APPPATH\Controllers\GuestController.php on line 1000.
 1 APPPATH\Controllers\GuestController.php(1000): CodeIgniter\Debug\Exceptions->errorHandler(2, 'Undefined array key "EventID"', 'C:\\laragon\\www\\projectmahalta\\app\\Controllers\\GuestController.php', 1000)
 2 SYSTEMPATH\CodeIgniter.php(942): App\Controllers\GuestController->conventionReservation()
 3 SYSTEMPATH\CodeIgniter.php(502): CodeIgniter\CodeIgniter->runController(Object(App\Controllers\GuestController))
 4 SYSTEMPATH\CodeIgniter.php(361): CodeIgniter\CodeIgniter->handleRequest(null, Object(Config\Cache), false)
 5 FCPATH\index.php(79): CodeIgniter\CodeIgniter->run()
 6 SYSTEMPATH\Commands\Server\rewrite.php(47): require_once('C:\\laragon\\www\\projectmahalta\\public\\index.php')
CRITICAL - 2024-04-09 11:58:53 --> Undefined array key "conVenueID"
in APPPATH\Controllers\GuestController.php on line 1003.
 1 APPPATH\Controllers\GuestController.php(1003): CodeIgniter\Debug\Exceptions->errorHandler(2, 'Undefined array key "conVenueID"', 'C:\\laragon\\www\\projectmahalta\\app\\Controllers\\GuestController.php', 1003)
 2 SYSTEMPATH\CodeIgniter.php(942): App\Controllers\GuestController->conventionReservation()
 3 SYSTEMPATH\CodeIgniter.php(502): CodeIgniter\CodeIgniter->runController(Object(App\Controllers\GuestController))
 4 SYSTEMPATH\CodeIgniter.php(361): CodeIgniter\CodeIgniter->handleRequest(null, Object(Config\Cache), false)
 5 FCPATH\index.php(79): CodeIgniter\CodeIgniter->run()
 6 SYSTEMPATH\Commands\Server\rewrite.php(47): require_once('C:\\laragon\\www\\projectmahalta\\public\\index.php')
ERROR - 2024-04-09 12:02:01 --> mysqli_sql_exception: Operand should contain 1 column(s) in C:\laragon\www\projectmahalta\system\Database\MySQLi\Connection.php:306
Stack trace:
#0 C:\laragon\www\projectmahalta\system\Database\MySQLi\Connection.php(306): mysqli->query('INSERT INTO `co...', 0)
#1 C:\laragon\www\projectmahalta\system\Database\BaseConnection.php(693): CodeIgniter\Database\MySQLi\Connection->execute('INSERT INTO `co...')
#2 C:\laragon\www\projectmahalta\system\Database\BaseConnection.php(607): CodeIgniter\Database\BaseConnection->simpleQuery('INSERT INTO `co...')
#3 C:\laragon\www\projectmahalta\system\Database\BaseBuilder.php(2308): CodeIgniter\Database\BaseConnection->query('INSERT INTO `co...', Array, false)
#4 C:\laragon\www\projectmahalta\system\Model.php(319): CodeIgniter\Database\BaseBuilder->insert()
#5 C:\laragon\www\projectmahalta\system\BaseModel.php(788): CodeIgniter\Model->doInsert(Array)
#6 C:\laragon\www\projectmahalta\system\Model.php(715): CodeIgniter\BaseModel->insert(Array, true)
#7 C:\laragon\www\projectmahalta\app\Controllers\GuestController.php(1007): CodeIgniter\Model->insert(Array)
#8 C:\laragon\www\projectmahalta\system\CodeIgniter.php(942): App\Controllers\GuestController->conventionReservation()
#9 C:\laragon\www\projectmahalta\system\CodeIgniter.php(502): CodeIgniter\CodeIgniter->runController(Object(App\Controllers\GuestController))
#10 C:\laragon\www\projectmahalta\system\CodeIgniter.php(361): CodeIgniter\CodeIgniter->handleRequest(NULL, Object(Config\Cache), false)
#11 C:\laragon\www\projectmahalta\public\index.php(79): CodeIgniter\CodeIgniter->run()
#12 C:\laragon\www\projectmahalta\system\Commands\Server\rewrite.php(47): require_once('C:\\laragon\\www\\...')
#13 {main}
CRITICAL - 2024-04-09 12:02:01 --> Operand should contain 1 column(s)
in SYSTEMPATH\Database\BaseConnection.php on line 647.
 1 SYSTEMPATH\Database\BaseBuilder.php(2308): CodeIgniter\Database\BaseConnection->query('INSERT INTO `convention` (`EventID`) VALUES (:EventID:)', [...], false)
 2 SYSTEMPATH\Model.php(319): CodeIgniter\Database\BaseBuilder->insert()
 3 SYSTEMPATH\BaseModel.php(788): CodeIgniter\Model->doInsert([...])
 4 SYSTEMPATH\Model.php(715): CodeIgniter\BaseModel->insert([...], true)
 5 APPPATH\Controllers\GuestController.php(1007): CodeIgniter\Model->insert([...])
 6 SYSTEMPATH\CodeIgniter.php(942): App\Controllers\GuestController->conventionReservation()
 7 SYSTEMPATH\CodeIgniter.php(502): CodeIgniter\CodeIgniter->runController(Object(App\Controllers\GuestController))
 8 SYSTEMPATH\CodeIgniter.php(361): CodeIgniter\CodeIgniter->handleRequest(null, Object(Config\Cache), false)
 9 FCPATH\index.php(79): CodeIgniter\CodeIgniter->run()
10 SYSTEMPATH\Commands\Server\rewrite.php(47): require_once('C:\\laragon\\www\\projectmahalta\\public\\index.php')
ERROR - 2024-04-09 12:03:28 --> mysqli_sql_exception: Operand should contain 1 column(s) in C:\laragon\www\projectmahalta\system\Database\MySQLi\Connection.php:306
Stack trace:
#0 C:\laragon\www\projectmahalta\system\Database\MySQLi\Connection.php(306): mysqli->query('INSERT INTO `re...', 0)
#1 C:\laragon\www\projectmahalta\system\Database\BaseConnection.php(693): CodeIgniter\Database\MySQLi\Connection->execute('INSERT INTO `re...')
#2 C:\laragon\www\projectmahalta\system\Database\BaseConnection.php(607): CodeIgniter\Database\BaseConnection->simpleQuery('INSERT INTO `re...')
#3 C:\laragon\www\projectmahalta\system\Database\BaseBuilder.php(2308): CodeIgniter\Database\BaseConnection->query('INSERT INTO `re...', Array, false)
#4 C:\laragon\www\projectmahalta\system\Model.php(319): CodeIgniter\Database\BaseBuilder->insert()
#5 C:\laragon\www\projectmahalta\system\BaseModel.php(788): CodeIgniter\Model->doInsert(Array)
#6 C:\laragon\www\projectmahalta\system\Model.php(715): CodeIgniter\BaseModel->insert(Array, true)
#7 C:\laragon\www\projectmahalta\app\Controllers\GuestController.php(1011): CodeIgniter\Model->insert(Array)
#8 C:\laragon\www\projectmahalta\system\CodeIgniter.php(942): App\Controllers\GuestController->conventionReservation()
#9 C:\laragon\www\projectmahalta\system\CodeIgniter.php(502): CodeIgniter\CodeIgniter->runController(Object(App\Controllers\GuestController))
#10 C:\laragon\www\projectmahalta\system\CodeIgniter.php(361): CodeIgniter\CodeIgniter->handleRequest(NULL, Object(Config\Cache), false)
#11 C:\laragon\www\projectmahalta\public\index.php(79): CodeIgniter\CodeIgniter->run()
#12 C:\laragon\www\projectmahalta\system\Commands\Server\rewrite.php(47): require_once('C:\\laragon\\www\\...')
#13 {main}
CRITICAL - 2024-04-09 12:03:28 --> Operand should contain 1 column(s)
in SYSTEMPATH\Database\BaseConnection.php on line 647.
 1 SYSTEMPATH\Database\BaseBuilder.php(2308): CodeIgniter\Database\BaseConnection->query('INSERT INTO `reservations` (`CheckInDate`, `CheckOutDate`, `NumberOfGuests`, `downorfullPayment`, `ReferenceNumber`, `PaymentOption`, `Status`, `UserID`, `TotalAmount`, `Image`) VALUES (:CheckInDate:, :CheckOutDate:, :NumberOfGuests:, :downorfullPayment:, :ReferenceNumber:, :PaymentOption:, :Status:, :UserID:, :TotalAmount:, :Image:)', [...], false)
 2 SYSTEMPATH\Model.php(319): CodeIgniter\Database\BaseBuilder->insert()
 3 SYSTEMPATH\BaseModel.php(788): CodeIgniter\Model->doInsert([...])
 4 SYSTEMPATH\Model.php(715): CodeIgniter\BaseModel->insert([...], true)
 5 APPPATH\Controllers\GuestController.php(1011): CodeIgniter\Model->insert([...])
 6 SYSTEMPATH\CodeIgniter.php(942): App\Controllers\GuestController->conventionReservation()
 7 SYSTEMPATH\CodeIgniter.php(502): CodeIgniter\CodeIgniter->runController(Object(App\Controllers\GuestController))
 8 SYSTEMPATH\CodeIgniter.php(361): CodeIgniter\CodeIgniter->handleRequest(null, Object(Config\Cache), false)
 9 FCPATH\index.php(79): CodeIgniter\CodeIgniter->run()
10 SYSTEMPATH\Commands\Server\rewrite.php(47): require_once('C:\\laragon\\www\\projectmahalta\\public\\index.php')
ERROR - 2024-04-09 12:03:30 --> mysqli_sql_exception: Operand should contain 1 column(s) in C:\laragon\www\projectmahalta\system\Database\MySQLi\Connection.php:306
Stack trace:
#0 C:\laragon\www\projectmahalta\system\Database\MySQLi\Connection.php(306): mysqli->query('INSERT INTO `re...', 0)
#1 C:\laragon\www\projectmahalta\system\Database\BaseConnection.php(693): CodeIgniter\Database\MySQLi\Connection->execute('INSERT INTO `re...')
#2 C:\laragon\www\projectmahalta\system\Database\BaseConnection.php(607): CodeIgniter\Database\BaseConnection->simpleQuery('INSERT INTO `re...')
#3 C:\laragon\www\projectmahalta\system\Database\BaseBuilder.php(2308): CodeIgniter\Database\BaseConnection->query('INSERT INTO `re...', Array, false)
#4 C:\laragon\www\projectmahalta\system\Model.php(319): CodeIgniter\Database\BaseBuilder->insert()
#5 C:\laragon\www\projectmahalta\system\BaseModel.php(788): CodeIgniter\Model->doInsert(Array)
#6 C:\laragon\www\projectmahalta\system\Model.php(715): CodeIgniter\BaseModel->insert(Array, true)
#7 C:\laragon\www\projectmahalta\app\Controllers\GuestController.php(1011): CodeIgniter\Model->insert(Array)
#8 C:\laragon\www\projectmahalta\system\CodeIgniter.php(942): App\Controllers\GuestController->conventionReservation()
#9 C:\laragon\www\projectmahalta\system\CodeIgniter.php(502): CodeIgniter\CodeIgniter->runController(Object(App\Controllers\GuestController))
#10 C:\laragon\www\projectmahalta\system\CodeIgniter.php(361): CodeIgniter\CodeIgniter->handleRequest(NULL, Object(Config\Cache), false)
#11 C:\laragon\www\projectmahalta\public\index.php(79): CodeIgniter\CodeIgniter->run()
#12 C:\laragon\www\projectmahalta\system\Commands\Server\rewrite.php(47): require_once('C:\\laragon\\www\\...')
#13 {main}
CRITICAL - 2024-04-09 12:03:30 --> Operand should contain 1 column(s)
in SYSTEMPATH\Database\BaseConnection.php on line 647.
 1 SYSTEMPATH\Database\BaseBuilder.php(2308): CodeIgniter\Database\BaseConnection->query('INSERT INTO `reservations` (`CheckInDate`, `CheckOutDate`, `NumberOfGuests`, `downorfullPayment`, `ReferenceNumber`, `PaymentOption`, `Status`, `UserID`, `TotalAmount`, `Image`) VALUES (:CheckInDate:, :CheckOutDate:, :NumberOfGuests:, :downorfullPayment:, :ReferenceNumber:, :PaymentOption:, :Status:, :UserID:, :TotalAmount:, :Image:)', [...], false)
 2 SYSTEMPATH\Model.php(319): CodeIgniter\Database\BaseBuilder->insert()
 3 SYSTEMPATH\BaseModel.php(788): CodeIgniter\Model->doInsert([...])
 4 SYSTEMPATH\Model.php(715): CodeIgniter\BaseModel->insert([...], true)
 5 APPPATH\Controllers\GuestController.php(1011): CodeIgniter\Model->insert([...])
 6 SYSTEMPATH\CodeIgniter.php(942): App\Controllers\GuestController->conventionReservation()
 7 SYSTEMPATH\CodeIgniter.php(502): CodeIgniter\CodeIgniter->runController(Object(App\Controllers\GuestController))
 8 SYSTEMPATH\CodeIgniter.php(361): CodeIgniter\CodeIgniter->handleRequest(null, Object(Config\Cache), false)
 9 FCPATH\index.php(79): CodeIgniter\CodeIgniter->run()
10 SYSTEMPATH\Commands\Server\rewrite.php(47): require_once('C:\\laragon\\www\\projectmahalta\\public\\index.php')
ERROR - 2024-04-09 12:16:54 --> mysqli_sql_exception: Operand should contain 1 column(s) in C:\laragon\www\projectmahalta\system\Database\MySQLi\Connection.php:306
Stack trace:
#0 C:\laragon\www\projectmahalta\system\Database\MySQLi\Connection.php(306): mysqli->query('INSERT INTO `re...', 0)
#1 C:\laragon\www\projectmahalta\system\Database\BaseConnection.php(693): CodeIgniter\Database\MySQLi\Connection->execute('INSERT INTO `re...')
#2 C:\laragon\www\projectmahalta\system\Database\BaseConnection.php(607): CodeIgniter\Database\BaseConnection->simpleQuery('INSERT INTO `re...')
#3 C:\laragon\www\projectmahalta\system\Database\BaseBuilder.php(2308): CodeIgniter\Database\BaseConnection->query('INSERT INTO `re...', Array, false)
#4 C:\laragon\www\projectmahalta\system\Model.php(319): CodeIgniter\Database\BaseBuilder->insert()
#5 C:\laragon\www\projectmahalta\system\BaseModel.php(788): CodeIgniter\Model->doInsert(Array)
#6 C:\laragon\www\projectmahalta\system\Model.php(715): CodeIgniter\BaseModel->insert(Array, true)
#7 C:\laragon\www\projectmahalta\app\Controllers\GuestController.php(1019): CodeIgniter\Model->insert(Array)
#8 C:\laragon\www\projectmahalta\system\CodeIgniter.php(942): App\Controllers\GuestController->conventionReservation()
#9 C:\laragon\www\projectmahalta\system\CodeIgniter.php(502): CodeIgniter\CodeIgniter->runController(Object(App\Controllers\GuestController))
#10 C:\laragon\www\projectmahalta\system\CodeIgniter.php(361): CodeIgniter\CodeIgniter->handleRequest(NULL, Object(Config\Cache), false)
#11 C:\laragon\www\projectmahalta\public\index.php(79): CodeIgniter\CodeIgniter->run()
#12 C:\laragon\www\projectmahalta\system\Commands\Server\rewrite.php(47): require_once('C:\\laragon\\www\\...')
#13 {main}
CRITICAL - 2024-04-09 12:16:54 --> Operand should contain 1 column(s)
in SYSTEMPATH\Database\BaseConnection.php on line 647.
 1 SYSTEMPATH\Database\BaseBuilder.php(2308): CodeIgniter\Database\BaseConnection->query('INSERT INTO `reservations` (`CheckInDate`, `CheckOutDate`, `NumberOfGuests`, `downorfullPayment`, `ReferenceNumber`, `PaymentOption`, `Status`, `UserID`, `TotalAmount`, `Image`) VALUES (:CheckInDate:, :CheckOutDate:, :NumberOfGuests:, :downorfullPayment:, :ReferenceNumber:, :PaymentOption:, :Status:, :UserID:, :TotalAmount:, :Image:)', [...], false)
 2 SYSTEMPATH\Model.php(319): CodeIgniter\Database\BaseBuilder->insert()
 3 SYSTEMPATH\BaseModel.php(788): CodeIgniter\Model->doInsert([...])
 4 SYSTEMPATH\Model.php(715): CodeIgniter\BaseModel->insert([...], true)
 5 APPPATH\Controllers\GuestController.php(1019): CodeIgniter\Model->insert([...])
 6 SYSTEMPATH\CodeIgniter.php(942): App\Controllers\GuestController->conventionReservation()
 7 SYSTEMPATH\CodeIgniter.php(502): CodeIgniter\CodeIgniter->runController(Object(App\Controllers\GuestController))
 8 SYSTEMPATH\CodeIgniter.php(361): CodeIgniter\CodeIgniter->handleRequest(null, Object(Config\Cache), false)
 9 FCPATH\index.php(79): CodeIgniter\CodeIgniter->run()
10 SYSTEMPATH\Commands\Server\rewrite.php(47): require_once('C:\\laragon\\www\\projectmahalta\\public\\index.php')
ERROR - 2024-04-09 12:19:47 --> mysqli_sql_exception: Operand should contain 1 column(s) in C:\laragon\www\projectmahalta\system\Database\MySQLi\Connection.php:306
Stack trace:
#0 C:\laragon\www\projectmahalta\system\Database\MySQLi\Connection.php(306): mysqli->query('INSERT INTO `re...', 0)
#1 C:\laragon\www\projectmahalta\system\Database\BaseConnection.php(693): CodeIgniter\Database\MySQLi\Connection->execute('INSERT INTO `re...')
#2 C:\laragon\www\projectmahalta\system\Database\BaseConnection.php(607): CodeIgniter\Database\BaseConnection->simpleQuery('INSERT INTO `re...')
#3 C:\laragon\www\projectmahalta\system\Database\BaseBuilder.php(2308): CodeIgniter\Database\BaseConnection->query('INSERT INTO `re...', Array, false)
#4 C:\laragon\www\projectmahalta\system\Model.php(319): CodeIgniter\Database\BaseBuilder->insert()
#5 C:\laragon\www\projectmahalta\system\BaseModel.php(788): CodeIgniter\Model->doInsert(Array)
#6 C:\laragon\www\projectmahalta\system\Model.php(715): CodeIgniter\BaseModel->insert(Array, true)
#7 C:\laragon\www\projectmahalta\app\Controllers\GuestController.php(1019): CodeIgniter\Model->insert(Array)
#8 C:\laragon\www\projectmahalta\system\CodeIgniter.php(942): App\Controllers\GuestController->conventionReservation()
#9 C:\laragon\www\projectmahalta\system\CodeIgniter.php(502): CodeIgniter\CodeIgniter->runController(Object(App\Controllers\GuestController))
#10 C:\laragon\www\projectmahalta\system\CodeIgniter.php(361): CodeIgniter\CodeIgniter->handleRequest(NULL, Object(Config\Cache), false)
#11 C:\laragon\www\projectmahalta\public\index.php(79): CodeIgniter\CodeIgniter->run()
#12 C:\laragon\www\projectmahalta\system\Commands\Server\rewrite.php(47): require_once('C:\\laragon\\www\\...')
#13 {main}
CRITICAL - 2024-04-09 12:19:47 --> Operand should contain 1 column(s)
in SYSTEMPATH\Database\BaseConnection.php on line 647.
 1 SYSTEMPATH\Database\BaseBuilder.php(2308): CodeIgniter\Database\BaseConnection->query('INSERT INTO `reservations` (`CheckInDate`, `CheckOutDate`, `NumberOfGuests`, `downorfullPayment`, `ReferenceNumber`, `PaymentOption`, `Status`, `UserID`, `TotalAmount`, `Image`) VALUES (:CheckInDate:, :CheckOutDate:, :NumberOfGuests:, :downorfullPayment:, :ReferenceNumber:, :PaymentOption:, :Status:, :UserID:, :TotalAmount:, :Image:)', [...], false)
 2 SYSTEMPATH\Model.php(319): CodeIgniter\Database\BaseBuilder->insert()
 3 SYSTEMPATH\BaseModel.php(788): CodeIgniter\Model->doInsert([...])
 4 SYSTEMPATH\Model.php(715): CodeIgniter\BaseModel->insert([...], true)
 5 APPPATH\Controllers\GuestController.php(1019): CodeIgniter\Model->insert([...])
 6 SYSTEMPATH\CodeIgniter.php(942): App\Controllers\GuestController->conventionReservation()
 7 SYSTEMPATH\CodeIgniter.php(502): CodeIgniter\CodeIgniter->runController(Object(App\Controllers\GuestController))
 8 SYSTEMPATH\CodeIgniter.php(361): CodeIgniter\CodeIgniter->handleRequest(null, Object(Config\Cache), false)
 9 FCPATH\index.php(79): CodeIgniter\CodeIgniter->run()
10 SYSTEMPATH\Commands\Server\rewrite.php(47): require_once('C:\\laragon\\www\\projectmahalta\\public\\index.php')
CRITICAL - 2024-04-09 12:25:07 --> Undefined array key "UserID"
in APPPATH\Controllers\GuestController.php on line 1015.
 1 APPPATH\Controllers\GuestController.php(1015): CodeIgniter\Debug\Exceptions->errorHandler(2, 'Undefined array key "UserID"', 'C:\\laragon\\www\\projectmahalta\\app\\Controllers\\GuestController.php', 1015)
 2 SYSTEMPATH\CodeIgniter.php(942): App\Controllers\GuestController->conventionReservation()
 3 SYSTEMPATH\CodeIgniter.php(502): CodeIgniter\CodeIgniter->runController(Object(App\Controllers\GuestController))
 4 SYSTEMPATH\CodeIgniter.php(361): CodeIgniter\CodeIgniter->handleRequest(null, Object(Config\Cache), false)
 5 FCPATH\index.php(79): CodeIgniter\CodeIgniter->run()
 6 SYSTEMPATH\Commands\Server\rewrite.php(47): require_once('C:\\laragon\\www\\projectmahalta\\public\\index.php')
ERROR - 2024-04-09 12:25:17 --> mysqli_sql_exception: Operand should contain 1 column(s) in C:\laragon\www\projectmahalta\system\Database\MySQLi\Connection.php:306
Stack trace:
#0 C:\laragon\www\projectmahalta\system\Database\MySQLi\Connection.php(306): mysqli->query('INSERT INTO `re...', 0)
#1 C:\laragon\www\projectmahalta\system\Database\BaseConnection.php(693): CodeIgniter\Database\MySQLi\Connection->execute('INSERT INTO `re...')
#2 C:\laragon\www\projectmahalta\system\Database\BaseConnection.php(607): CodeIgniter\Database\BaseConnection->simpleQuery('INSERT INTO `re...')
#3 C:\laragon\www\projectmahalta\system\Database\BaseBuilder.php(2308): CodeIgniter\Database\BaseConnection->query('INSERT INTO `re...', Array, false)
#4 C:\laragon\www\projectmahalta\system\Model.php(319): CodeIgniter\Database\BaseBuilder->insert()
#5 C:\laragon\www\projectmahalta\system\BaseModel.php(788): CodeIgniter\Model->doInsert(Array)
#6 C:\laragon\www\projectmahalta\system\Model.php(715): CodeIgniter\BaseModel->insert(Array, true)
#7 C:\laragon\www\projectmahalta\app\Controllers\GuestController.php(1019): CodeIgniter\Model->insert(Array)
#8 C:\laragon\www\projectmahalta\system\CodeIgniter.php(942): App\Controllers\GuestController->conventionReservation()
#9 C:\laragon\www\projectmahalta\system\CodeIgniter.php(502): CodeIgniter\CodeIgniter->runController(Object(App\Controllers\GuestController))
#10 C:\laragon\www\projectmahalta\system\CodeIgniter.php(361): CodeIgniter\CodeIgniter->handleRequest(NULL, Object(Config\Cache), false)
#11 C:\laragon\www\projectmahalta\public\index.php(79): CodeIgniter\CodeIgniter->run()
#12 C:\laragon\www\projectmahalta\system\Commands\Server\rewrite.php(47): require_once('C:\\laragon\\www\\...')
#13 {main}
CRITICAL - 2024-04-09 12:25:17 --> Operand should contain 1 column(s)
in SYSTEMPATH\Database\BaseConnection.php on line 647.
 1 SYSTEMPATH\Database\BaseBuilder.php(2308): CodeIgniter\Database\BaseConnection->query('INSERT INTO `reservations` (`CheckInDate`, `CheckOutDate`, `NumberOfGuests`, `downorfullPayment`, `ReferenceNumber`, `PaymentOption`, `Status`, `UserID`, `TotalAmount`, `Image`) VALUES (:CheckInDate:, :CheckOutDate:, :NumberOfGuests:, :downorfullPayment:, :ReferenceNumber:, :PaymentOption:, :Status:, :UserID:, :TotalAmount:, :Image:)', [...], false)
 2 SYSTEMPATH\Model.php(319): CodeIgniter\Database\BaseBuilder->insert()
 3 SYSTEMPATH\BaseModel.php(788): CodeIgniter\Model->doInsert([...])
 4 SYSTEMPATH\Model.php(715): CodeIgniter\BaseModel->insert([...], true)
 5 APPPATH\Controllers\GuestController.php(1019): CodeIgniter\Model->insert([...])
 6 SYSTEMPATH\CodeIgniter.php(942): App\Controllers\GuestController->conventionReservation()
 7 SYSTEMPATH\CodeIgniter.php(502): CodeIgniter\CodeIgniter->runController(Object(App\Controllers\GuestController))
 8 SYSTEMPATH\CodeIgniter.php(361): CodeIgniter\CodeIgniter->handleRequest(null, Object(Config\Cache), false)
 9 FCPATH\index.php(79): CodeIgniter\CodeIgniter->run()
10 SYSTEMPATH\Commands\Server\rewrite.php(47): require_once('C:\\laragon\\www\\projectmahalta\\public\\index.php')
CRITICAL - 2024-04-09 12:53:33 --> Undefined array key "EventID"
in APPPATH\Controllers\GuestController.php on line 1007.
 1 APPPATH\Controllers\GuestController.php(1007): CodeIgniter\Debug\Exceptions->errorHandler(2, 'Undefined array key "EventID"', 'C:\\laragon\\www\\projectmahalta\\app\\Controllers\\GuestController.php', 1007)
 2 SYSTEMPATH\CodeIgniter.php(942): App\Controllers\GuestController->conventionReservation()
 3 SYSTEMPATH\CodeIgniter.php(502): CodeIgniter\CodeIgniter->runController(Object(App\Controllers\GuestController))
 4 SYSTEMPATH\CodeIgniter.php(361): CodeIgniter\CodeIgniter->handleRequest(null, Object(Config\Cache), false)
 5 FCPATH\index.php(79): CodeIgniter\CodeIgniter->run()
 6 SYSTEMPATH\Commands\Server\rewrite.php(47): require_once('C:\\laragon\\www\\projectmahalta\\public\\index.php')
CRITICAL - 2024-04-09 12:55:26 --> Undefined array key "conVenueID"
in APPPATH\Controllers\GuestController.php on line 1008.
 1 APPPATH\Controllers\GuestController.php(1008): CodeIgniter\Debug\Exceptions->errorHandler(2, 'Undefined array key "conVenueID"', 'C:\\laragon\\www\\projectmahalta\\app\\Controllers\\GuestController.php', 1008)
 2 SYSTEMPATH\CodeIgniter.php(942): App\Controllers\GuestController->conventionReservation()
 3 SYSTEMPATH\CodeIgniter.php(502): CodeIgniter\CodeIgniter->runController(Object(App\Controllers\GuestController))
 4 SYSTEMPATH\CodeIgniter.php(361): CodeIgniter\CodeIgniter->handleRequest(null, Object(Config\Cache), false)
 5 FCPATH\index.php(79): CodeIgniter\CodeIgniter->run()
 6 SYSTEMPATH\Commands\Server\rewrite.php(47): require_once('C:\\laragon\\www\\projectmahalta\\public\\index.php')
CRITICAL - 2024-04-09 12:55:37 --> Undefined array key "conVenueName"
in APPPATH\Controllers\GuestController.php on line 1008.
 1 APPPATH\Controllers\GuestController.php(1008): CodeIgniter\Debug\Exceptions->errorHandler(2, 'Undefined array key "conVenueName"', 'C:\\laragon\\www\\projectmahalta\\app\\Controllers\\GuestController.php', 1008)
 2 SYSTEMPATH\CodeIgniter.php(942): App\Controllers\GuestController->conventionReservation()
 3 SYSTEMPATH\CodeIgniter.php(502): CodeIgniter\CodeIgniter->runController(Object(App\Controllers\GuestController))
 4 SYSTEMPATH\CodeIgniter.php(361): CodeIgniter\CodeIgniter->handleRequest(null, Object(Config\Cache), false)
 5 FCPATH\index.php(79): CodeIgniter\CodeIgniter->run()
 6 SYSTEMPATH\Commands\Server\rewrite.php(47): require_once('C:\\laragon\\www\\projectmahalta\\public\\index.php')
CRITICAL - 2024-04-09 12:55:49 --> Undefined array key "mixGuest"
in APPPATH\Controllers\GuestController.php on line 1008.
 1 APPPATH\Controllers\GuestController.php(1008): CodeIgniter\Debug\Exceptions->errorHandler(2, 'Undefined array key "mixGuest"', 'C:\\laragon\\www\\projectmahalta\\app\\Controllers\\GuestController.php', 1008)
 2 SYSTEMPATH\CodeIgniter.php(942): App\Controllers\GuestController->conventionReservation()
 3 SYSTEMPATH\CodeIgniter.php(502): CodeIgniter\CodeIgniter->runController(Object(App\Controllers\GuestController))
 4 SYSTEMPATH\CodeIgniter.php(361): CodeIgniter\CodeIgniter->handleRequest(null, Object(Config\Cache), false)
 5 FCPATH\index.php(79): CodeIgniter\CodeIgniter->run()
 6 SYSTEMPATH\Commands\Server\rewrite.php(47): require_once('C:\\laragon\\www\\projectmahalta\\public\\index.php')
CRITICAL - 2024-04-09 12:56:28 --> Undefined array key "conVenueID"
in APPPATH\Controllers\GuestController.php on line 1008.
 1 APPPATH\Controllers\GuestController.php(1008): CodeIgniter\Debug\Exceptions->errorHandler(2, 'Undefined array key "conVenueID"', 'C:\\laragon\\www\\projectmahalta\\app\\Controllers\\GuestController.php', 1008)
 2 SYSTEMPATH\CodeIgniter.php(942): App\Controllers\GuestController->conventionReservation()
 3 SYSTEMPATH\CodeIgniter.php(502): CodeIgniter\CodeIgniter->runController(Object(App\Controllers\GuestController))
 4 SYSTEMPATH\CodeIgniter.php(361): CodeIgniter\CodeIgniter->handleRequest(null, Object(Config\Cache), false)
 5 FCPATH\index.php(79): CodeIgniter\CodeIgniter->run()
 6 SYSTEMPATH\Commands\Server\rewrite.php(47): require_once('C:\\laragon\\www\\projectmahalta\\public\\index.php')
CRITICAL - 2024-04-09 13:20:38 --> Undefined array key "EventID"
in APPPATH\Controllers\GuestController.php on line 819.
 1 APPPATH\Controllers\GuestController.php(819): CodeIgniter\Debug\Exceptions->errorHandler(2, 'Undefined array key "EventID"', 'C:\\laragon\\www\\projectmahalta\\app\\Controllers\\GuestController.php', 819)
 2 SYSTEMPATH\CodeIgniter.php(942): App\Controllers\GuestController->getconvenuedirectInformation()
 3 SYSTEMPATH\CodeIgniter.php(502): CodeIgniter\CodeIgniter->runController(Object(App\Controllers\GuestController))
 4 SYSTEMPATH\CodeIgniter.php(361): CodeIgniter\CodeIgniter->handleRequest(null, Object(Config\Cache), false)
 5 FCPATH\index.php(79): CodeIgniter\CodeIgniter->run()
 6 SYSTEMPATH\Commands\Server\rewrite.php(47): require_once('C:\\laragon\\www\\projectmahalta\\public\\index.php')
ERROR - 2024-04-09 13:34:15 --> mysqli_sql_exception: Cannot add or update a child row: a foreign key constraint fails (`caps`.`convention`, CONSTRAINT `convention_ibfk_3` FOREIGN KEY (`conventionID`) REFERENCES `reservations` (`conventionID`)) in C:\laragon\www\projectmahalta\system\Database\MySQLi\Connection.php:306
Stack trace:
#0 C:\laragon\www\projectmahalta\system\Database\MySQLi\Connection.php(306): mysqli->query('INSERT INTO `co...', 0)
#1 C:\laragon\www\projectmahalta\system\Database\BaseConnection.php(693): CodeIgniter\Database\MySQLi\Connection->execute('INSERT INTO `co...')
#2 C:\laragon\www\projectmahalta\system\Database\BaseConnection.php(607): CodeIgniter\Database\BaseConnection->simpleQuery('INSERT INTO `co...')
#3 C:\laragon\www\projectmahalta\system\Database\BaseBuilder.php(2308): CodeIgniter\Database\BaseConnection->query('INSERT INTO `co...', Array, false)
#4 C:\laragon\www\projectmahalta\system\Model.php(319): CodeIgniter\Database\BaseBuilder->insert()
#5 C:\laragon\www\projectmahalta\system\BaseModel.php(788): CodeIgniter\Model->doInsert(Array)
#6 C:\laragon\www\projectmahalta\system\Model.php(715): CodeIgniter\BaseModel->insert(Array, true)
#7 C:\laragon\www\projectmahalta\app\Controllers\GuestController.php(1014): CodeIgniter\Model->insert(Array)
#8 C:\laragon\www\projectmahalta\system\CodeIgniter.php(942): App\Controllers\GuestController->conventionReservation()
#9 C:\laragon\www\projectmahalta\system\CodeIgniter.php(502): CodeIgniter\CodeIgniter->runController(Object(App\Controllers\GuestController))
#10 C:\laragon\www\projectmahalta\system\CodeIgniter.php(361): CodeIgniter\CodeIgniter->handleRequest(NULL, Object(Config\Cache), false)
#11 C:\laragon\www\projectmahalta\public\index.php(79): CodeIgniter\CodeIgniter->run()
#12 C:\laragon\www\projectmahalta\system\Commands\Server\rewrite.php(47): require_once('C:\\laragon\\www\\...')
#13 {main}
CRITICAL - 2024-04-09 13:34:15 --> Cannot add or update a child row: a foreign key constraint fails (`caps`.`convention`, CONSTRAINT `convention_ibfk_3` FOREIGN KEY (`conventionID`) REFERENCES `reservations` (`conventionID`))
in SYSTEMPATH\Database\BaseConnection.php on line 647.
 1 SYSTEMPATH\Database\BaseBuilder.php(2308): CodeIgniter\Database\BaseConnection->query('INSERT INTO `convention` (`EventID`, `conVenueID`) VALUES (:EventID:, :conVenueID:)', [...], false)
 2 SYSTEMPATH\Model.php(319): CodeIgniter\Database\BaseBuilder->insert()
 3 SYSTEMPATH\BaseModel.php(788): CodeIgniter\Model->doInsert([...])
 4 SYSTEMPATH\Model.php(715): CodeIgniter\BaseModel->insert([...], true)
 5 APPPATH\Controllers\GuestController.php(1014): CodeIgniter\Model->insert([...])
 6 SYSTEMPATH\CodeIgniter.php(942): App\Controllers\GuestController->conventionReservation()
 7 SYSTEMPATH\CodeIgniter.php(502): CodeIgniter\CodeIgniter->runController(Object(App\Controllers\GuestController))
 8 SYSTEMPATH\CodeIgniter.php(361): CodeIgniter\CodeIgniter->handleRequest(null, Object(Config\Cache), false)
 9 FCPATH\index.php(79): CodeIgniter\CodeIgniter->run()
10 SYSTEMPATH\Commands\Server\rewrite.php(47): require_once('C:\\laragon\\www\\projectmahalta\\public\\index.php')
