CRITICAL - 2024-05-08 04:10:56 --> Undefined variable $staff
in APPPATH\Views\Admin\news.php on line 82.
 1 APPPATH\Views\Admin\news.php(82): CodeIgniter\Debug\Exceptions->errorHandler(2, 'Undefined variable $staff', 'C:\\laragon\\www\\projectmahalta\\app\\Views\\Admin\\news.php', 82)
 2 SYSTEMPATH\View\View.php(228): include('C:\\laragon\\www\\projectmahalta\\app\\Views\\Admin\\news.php')
 3 SYSTEMPATH\View\View.php(231): CodeIgniter\View\View->CodeIgniter\View\{closure}()
 4 SYSTEMPATH\Common.php(1190): CodeIgniter\View\View->render('Admin/news', [], true)
 5 APPPATH\Controllers\AdminController.php(1905): view('Admin/news', [...])
 6 SYSTEMPATH\CodeIgniter.php(942): App\Controllers\AdminController->newsPromotion()
 7 SYSTEMPATH\CodeIgniter.php(502): CodeIgniter\CodeIgniter->runController(Object(App\Controllers\AdminController))
 8 SYSTEMPATH\CodeIgniter.php(361): CodeIgniter\CodeIgniter->handleRequest(null, Object(Config\Cache), false)
 9 FCPATH\index.php(79): CodeIgniter\CodeIgniter->run()
10 SYSTEMPATH\Commands\Server\rewrite.php(47): require_once('C:\\laragon\\www\\projectmahalta\\public\\index.php')
CRITICAL - 2024-05-08 04:11:01 --> Undefined array key "StaffDetailsID"
in APPPATH\Views\Admin\news.php on line 82.
 1 APPPATH\Views\Admin\news.php(82): CodeIgniter\Debug\Exceptions->errorHandler(2, 'Undefined array key "StaffDetailsID"', 'C:\\laragon\\www\\projectmahalta\\app\\Views\\Admin\\news.php', 82)
 2 SYSTEMPATH\View\View.php(228): include('C:\\laragon\\www\\projectmahalta\\app\\Views\\Admin\\news.php')
 3 SYSTEMPATH\View\View.php(231): CodeIgniter\View\View->CodeIgniter\View\{closure}()
 4 SYSTEMPATH\Common.php(1190): CodeIgniter\View\View->render('Admin/news', [], true)
 5 APPPATH\Controllers\AdminController.php(1905): view('Admin/news', [...])
 6 SYSTEMPATH\CodeIgniter.php(942): App\Controllers\AdminController->newsPromotion()
 7 SYSTEMPATH\CodeIgniter.php(502): CodeIgniter\CodeIgniter->runController(Object(App\Controllers\AdminController))
 8 SYSTEMPATH\CodeIgniter.php(361): CodeIgniter\CodeIgniter->handleRequest(null, Object(Config\Cache), false)
 9 FCPATH\index.php(79): CodeIgniter\CodeIgniter->run()
10 SYSTEMPATH\Commands\Server\rewrite.php(47): require_once('C:\\laragon\\www\\projectmahalta\\public\\index.php')
CRITICAL - 2024-05-08 04:44:12 --> Undefined variable $news
in APPPATH\Views\Hotell\inc\news.php on line 49.
 1 APPPATH\Views\Hotell\inc\news.php(49): CodeIgniter\Debug\Exceptions->errorHandler(2, 'Undefined variable $news', 'C:\\laragon\\www\\projectmahalta\\app\\Views\\Hotell\\inc\\news.php', 49)
 2 APPPATH\Views\Hotell\index.php(805): include('C:\\laragon\\www\\projectmahalta\\app\\Views\\Hotell\\inc\\news.php')
 3 SYSTEMPATH\View\View.php(228): include('C:\\laragon\\www\\projectmahalta\\app\\Views\\Hotell\\index.php')
 4 SYSTEMPATH\View\View.php(231): CodeIgniter\View\View->CodeIgniter\View\{closure}()
 5 SYSTEMPATH\Common.php(1190): CodeIgniter\View\View->render('Hotell\\index', [], true)
 6 APPPATH\Controllers\GuestController.php(95): view('Hotell\\index', [...])
 7 SYSTEMPATH\CodeIgniter.php(942): App\Controllers\GuestController->home()
 8 SYSTEMPATH\CodeIgniter.php(502): CodeIgniter\CodeIgniter->runController(Object(App\Controllers\GuestController))
 9 SYSTEMPATH\CodeIgniter.php(361): CodeIgniter\CodeIgniter->handleRequest(null, Object(Config\Cache), false)
10 FCPATH\index.php(79): CodeIgniter\CodeIgniter->run()
11 SYSTEMPATH\Commands\Server\rewrite.php(47): require_once('C:\\laragon\\www\\projectmahalta\\public\\index.php')
CRITICAL - 2024-05-08 04:44:46 --> Undefined variable $news
in APPPATH\Views\Hotell\inc\news.php on line 49.
 1 APPPATH\Views\Hotell\inc\news.php(49): CodeIgniter\Debug\Exceptions->errorHandler(2, 'Undefined variable $news', 'C:\\laragon\\www\\projectmahalta\\app\\Views\\Hotell\\inc\\news.php', 49)
 2 APPPATH\Views\Hotell\index.php(805): include('C:\\laragon\\www\\projectmahalta\\app\\Views\\Hotell\\inc\\news.php')
 3 SYSTEMPATH\View\View.php(228): include('C:\\laragon\\www\\projectmahalta\\app\\Views\\Hotell\\index.php')
 4 SYSTEMPATH\View\View.php(231): CodeIgniter\View\View->CodeIgniter\View\{closure}()
 5 SYSTEMPATH\Common.php(1190): CodeIgniter\View\View->render('Hotell\\index', [], true)
 6 APPPATH\Controllers\GuestController.php(98): view('Hotell\\index', [...])
 7 SYSTEMPATH\CodeIgniter.php(942): App\Controllers\GuestController->home()
 8 SYSTEMPATH\CodeIgniter.php(502): CodeIgniter\CodeIgniter->runController(Object(App\Controllers\GuestController))
 9 SYSTEMPATH\CodeIgniter.php(361): CodeIgniter\CodeIgniter->handleRequest(null, Object(Config\Cache), false)
10 FCPATH\index.php(79): CodeIgniter\CodeIgniter->run()
11 SYSTEMPATH\Commands\Server\rewrite.php(47): require_once('C:\\laragon\\www\\projectmahalta\\public\\index.php')
