ERROR - 2024-04-18 14:57:46 --> mysqli_sql_exception: Cannot add or update a child row: a foreign key constraint fails (`caps`.`feedback`, CONSTRAINT `feedback_ibfk_1` FOREIGN KEY (`UserID`) REFERENCES `users` (`UserID`)) in C:\laragon\www\projectmahalta\system\Database\MySQLi\Connection.php:306
Stack trace:
#0 C:\laragon\www\projectmahalta\system\Database\MySQLi\Connection.php(306): mysqli->query('INSERT INTO `fe...', 0)
#1 C:\laragon\www\projectmahalta\system\Database\BaseConnection.php(693): CodeIgniter\Database\MySQLi\Connection->execute('INSERT INTO `fe...')
#2 C:\laragon\www\projectmahalta\system\Database\BaseConnection.php(607): CodeIgniter\Database\BaseConnection->simpleQuery('INSERT INTO `fe...')
#3 C:\laragon\www\projectmahalta\system\Database\BaseBuilder.php(2308): CodeIgniter\Database\BaseConnection->query('INSERT INTO `fe...', Array, false)
#4 C:\laragon\www\projectmahalta\system\Model.php(319): CodeIgniter\Database\BaseBuilder->insert()
#5 C:\laragon\www\projectmahalta\system\BaseModel.php(788): CodeIgniter\Model->doInsert(Array)
#6 C:\laragon\www\projectmahalta\system\Model.php(715): CodeIgniter\BaseModel->insert(Array, true)
#7 C:\laragon\www\projectmahalta\app\Controllers\GuestController.php(1164): CodeIgniter\Model->insert(Array)
#8 C:\laragon\www\projectmahalta\system\CodeIgniter.php(942): App\Controllers\GuestController->submitReview()
#9 C:\laragon\www\projectmahalta\system\CodeIgniter.php(502): CodeIgniter\CodeIgniter->runController(Object(App\Controllers\GuestController))
#10 C:\laragon\www\projectmahalta\system\CodeIgniter.php(361): CodeIgniter\CodeIgniter->handleRequest(NULL, Object(Config\Cache), false)
#11 C:\laragon\www\projectmahalta\public\index.php(79): CodeIgniter\CodeIgniter->run()
#12 C:\laragon\www\projectmahalta\system\Commands\Server\rewrite.php(47): require_once('C:\\laragon\\www\\...')
#13 {main}
CRITICAL - 2024-04-18 14:57:46 --> Cannot add or update a child row: a foreign key constraint fails (`caps`.`feedback`, CONSTRAINT `feedback_ibfk_1` FOREIGN KEY (`UserID`) REFERENCES `users` (`UserID`))
in SYSTEMPATH\Database\BaseConnection.php on line 647.
 1 SYSTEMPATH\Database\BaseBuilder.php(2308): CodeIgniter\Database\BaseConnection->query('INSERT INTO `feedback` (`UserID`, `UserRating`, `FeedbackMessage`, `datetime`) VALUES (:UserID:, :UserRating:, :FeedbackMessage:, :datetime:)', [...], false)
 2 SYSTEMPATH\Model.php(319): CodeIgniter\Database\BaseBuilder->insert()
 3 SYSTEMPATH\BaseModel.php(788): CodeIgniter\Model->doInsert([...])
 4 SYSTEMPATH\Model.php(715): CodeIgniter\BaseModel->insert([...], true)
 5 APPPATH\Controllers\GuestController.php(1164): CodeIgniter\Model->insert([...])
 6 SYSTEMPATH\CodeIgniter.php(942): App\Controllers\GuestController->submitReview()
 7 SYSTEMPATH\CodeIgniter.php(502): CodeIgniter\CodeIgniter->runController(Object(App\Controllers\GuestController))
 8 SYSTEMPATH\CodeIgniter.php(361): CodeIgniter\CodeIgniter->handleRequest(null, Object(Config\Cache), false)
 9 FCPATH\index.php(79): CodeIgniter\CodeIgniter->run()
10 SYSTEMPATH\Commands\Server\rewrite.php(47): require_once('C:\\laragon\\www\\projectmahalta\\public\\index.php')
ERROR - 2024-04-18 14:57:53 --> mysqli_sql_exception: Cannot add or update a child row: a foreign key constraint fails (`caps`.`feedback`, CONSTRAINT `feedback_ibfk_1` FOREIGN KEY (`UserID`) REFERENCES `users` (`UserID`)) in C:\laragon\www\projectmahalta\system\Database\MySQLi\Connection.php:306
Stack trace:
#0 C:\laragon\www\projectmahalta\system\Database\MySQLi\Connection.php(306): mysqli->query('INSERT INTO `fe...', 0)
#1 C:\laragon\www\projectmahalta\system\Database\BaseConnection.php(693): CodeIgniter\Database\MySQLi\Connection->execute('INSERT INTO `fe...')
#2 C:\laragon\www\projectmahalta\system\Database\BaseConnection.php(607): CodeIgniter\Database\BaseConnection->simpleQuery('INSERT INTO `fe...')
#3 C:\laragon\www\projectmahalta\system\Database\BaseBuilder.php(2308): CodeIgniter\Database\BaseConnection->query('INSERT INTO `fe...', Array, false)
#4 C:\laragon\www\projectmahalta\system\Model.php(319): CodeIgniter\Database\BaseBuilder->insert()
#5 C:\laragon\www\projectmahalta\system\BaseModel.php(788): CodeIgniter\Model->doInsert(Array)
#6 C:\laragon\www\projectmahalta\system\Model.php(715): CodeIgniter\BaseModel->insert(Array, true)
#7 C:\laragon\www\projectmahalta\app\Controllers\GuestController.php(1164): CodeIgniter\Model->insert(Array)
#8 C:\laragon\www\projectmahalta\system\CodeIgniter.php(942): App\Controllers\GuestController->submitReview()
#9 C:\laragon\www\projectmahalta\system\CodeIgniter.php(502): CodeIgniter\CodeIgniter->runController(Object(App\Controllers\GuestController))
#10 C:\laragon\www\projectmahalta\system\CodeIgniter.php(361): CodeIgniter\CodeIgniter->handleRequest(NULL, Object(Config\Cache), false)
#11 C:\laragon\www\projectmahalta\public\index.php(79): CodeIgniter\CodeIgniter->run()
#12 C:\laragon\www\projectmahalta\system\Commands\Server\rewrite.php(47): require_once('C:\\laragon\\www\\...')
#13 {main}
CRITICAL - 2024-04-18 14:57:53 --> Cannot add or update a child row: a foreign key constraint fails (`caps`.`feedback`, CONSTRAINT `feedback_ibfk_1` FOREIGN KEY (`UserID`) REFERENCES `users` (`UserID`))
in SYSTEMPATH\Database\BaseConnection.php on line 647.
 1 SYSTEMPATH\Database\BaseBuilder.php(2308): CodeIgniter\Database\BaseConnection->query('INSERT INTO `feedback` (`UserID`, `UserRating`, `FeedbackMessage`, `datetime`) VALUES (:UserID:, :UserRating:, :FeedbackMessage:, :datetime:)', [...], false)
 2 SYSTEMPATH\Model.php(319): CodeIgniter\Database\BaseBuilder->insert()
 3 SYSTEMPATH\BaseModel.php(788): CodeIgniter\Model->doInsert([...])
 4 SYSTEMPATH\Model.php(715): CodeIgniter\BaseModel->insert([...], true)
 5 APPPATH\Controllers\GuestController.php(1164): CodeIgniter\Model->insert([...])
 6 SYSTEMPATH\CodeIgniter.php(942): App\Controllers\GuestController->submitReview()
 7 SYSTEMPATH\CodeIgniter.php(502): CodeIgniter\CodeIgniter->runController(Object(App\Controllers\GuestController))
 8 SYSTEMPATH\CodeIgniter.php(361): CodeIgniter\CodeIgniter->handleRequest(null, Object(Config\Cache), false)
 9 FCPATH\index.php(79): CodeIgniter\CodeIgniter->run()
10 SYSTEMPATH\Commands\Server\rewrite.php(47): require_once('C:\\laragon\\www\\projectmahalta\\public\\index.php')
ERROR - 2024-04-18 14:57:53 --> mysqli_sql_exception: Cannot add or update a child row: a foreign key constraint fails (`caps`.`feedback`, CONSTRAINT `feedback_ibfk_1` FOREIGN KEY (`UserID`) REFERENCES `users` (`UserID`)) in C:\laragon\www\projectmahalta\system\Database\MySQLi\Connection.php:306
Stack trace:
#0 C:\laragon\www\projectmahalta\system\Database\MySQLi\Connection.php(306): mysqli->query('INSERT INTO `fe...', 0)
#1 C:\laragon\www\projectmahalta\system\Database\BaseConnection.php(693): CodeIgniter\Database\MySQLi\Connection->execute('INSERT INTO `fe...')
#2 C:\laragon\www\projectmahalta\system\Database\BaseConnection.php(607): CodeIgniter\Database\BaseConnection->simpleQuery('INSERT INTO `fe...')
#3 C:\laragon\www\projectmahalta\system\Database\BaseBuilder.php(2308): CodeIgniter\Database\BaseConnection->query('INSERT INTO `fe...', Array, false)
#4 C:\laragon\www\projectmahalta\system\Model.php(319): CodeIgniter\Database\BaseBuilder->insert()
#5 C:\laragon\www\projectmahalta\system\BaseModel.php(788): CodeIgniter\Model->doInsert(Array)
#6 C:\laragon\www\projectmahalta\system\Model.php(715): CodeIgniter\BaseModel->insert(Array, true)
#7 C:\laragon\www\projectmahalta\app\Controllers\GuestController.php(1164): CodeIgniter\Model->insert(Array)
#8 C:\laragon\www\projectmahalta\system\CodeIgniter.php(942): App\Controllers\GuestController->submitReview()
#9 C:\laragon\www\projectmahalta\system\CodeIgniter.php(502): CodeIgniter\CodeIgniter->runController(Object(App\Controllers\GuestController))
#10 C:\laragon\www\projectmahalta\system\CodeIgniter.php(361): CodeIgniter\CodeIgniter->handleRequest(NULL, Object(Config\Cache), false)
#11 C:\laragon\www\projectmahalta\public\index.php(79): CodeIgniter\CodeIgniter->run()
#12 C:\laragon\www\projectmahalta\system\Commands\Server\rewrite.php(47): require_once('C:\\laragon\\www\\...')
#13 {main}
CRITICAL - 2024-04-18 14:57:53 --> Cannot add or update a child row: a foreign key constraint fails (`caps`.`feedback`, CONSTRAINT `feedback_ibfk_1` FOREIGN KEY (`UserID`) REFERENCES `users` (`UserID`))
in SYSTEMPATH\Database\BaseConnection.php on line 647.
 1 SYSTEMPATH\Database\BaseBuilder.php(2308): CodeIgniter\Database\BaseConnection->query('INSERT INTO `feedback` (`UserID`, `UserRating`, `FeedbackMessage`, `datetime`) VALUES (:UserID:, :UserRating:, :FeedbackMessage:, :datetime:)', [...], false)
 2 SYSTEMPATH\Model.php(319): CodeIgniter\Database\BaseBuilder->insert()
 3 SYSTEMPATH\BaseModel.php(788): CodeIgniter\Model->doInsert([...])
 4 SYSTEMPATH\Model.php(715): CodeIgniter\BaseModel->insert([...], true)
 5 APPPATH\Controllers\GuestController.php(1164): CodeIgniter\Model->insert([...])
 6 SYSTEMPATH\CodeIgniter.php(942): App\Controllers\GuestController->submitReview()
 7 SYSTEMPATH\CodeIgniter.php(502): CodeIgniter\CodeIgniter->runController(Object(App\Controllers\GuestController))
 8 SYSTEMPATH\CodeIgniter.php(361): CodeIgniter\CodeIgniter->handleRequest(null, Object(Config\Cache), false)
 9 FCPATH\index.php(79): CodeIgniter\CodeIgniter->run()
10 SYSTEMPATH\Commands\Server\rewrite.php(47): require_once('C:\\laragon\\www\\projectmahalta\\public\\index.php')
ERROR - 2024-04-18 14:57:54 --> mysqli_sql_exception: Cannot add or update a child row: a foreign key constraint fails (`caps`.`feedback`, CONSTRAINT `feedback_ibfk_1` FOREIGN KEY (`UserID`) REFERENCES `users` (`UserID`)) in C:\laragon\www\projectmahalta\system\Database\MySQLi\Connection.php:306
Stack trace:
#0 C:\laragon\www\projectmahalta\system\Database\MySQLi\Connection.php(306): mysqli->query('INSERT INTO `fe...', 0)
#1 C:\laragon\www\projectmahalta\system\Database\BaseConnection.php(693): CodeIgniter\Database\MySQLi\Connection->execute('INSERT INTO `fe...')
#2 C:\laragon\www\projectmahalta\system\Database\BaseConnection.php(607): CodeIgniter\Database\BaseConnection->simpleQuery('INSERT INTO `fe...')
#3 C:\laragon\www\projectmahalta\system\Database\BaseBuilder.php(2308): CodeIgniter\Database\BaseConnection->query('INSERT INTO `fe...', Array, false)
#4 C:\laragon\www\projectmahalta\system\Model.php(319): CodeIgniter\Database\BaseBuilder->insert()
#5 C:\laragon\www\projectmahalta\system\BaseModel.php(788): CodeIgniter\Model->doInsert(Array)
#6 C:\laragon\www\projectmahalta\system\Model.php(715): CodeIgniter\BaseModel->insert(Array, true)
#7 C:\laragon\www\projectmahalta\app\Controllers\GuestController.php(1164): CodeIgniter\Model->insert(Array)
#8 C:\laragon\www\projectmahalta\system\CodeIgniter.php(942): App\Controllers\GuestController->submitReview()
#9 C:\laragon\www\projectmahalta\system\CodeIgniter.php(502): CodeIgniter\CodeIgniter->runController(Object(App\Controllers\GuestController))
#10 C:\laragon\www\projectmahalta\system\CodeIgniter.php(361): CodeIgniter\CodeIgniter->handleRequest(NULL, Object(Config\Cache), false)
#11 C:\laragon\www\projectmahalta\public\index.php(79): CodeIgniter\CodeIgniter->run()
#12 C:\laragon\www\projectmahalta\system\Commands\Server\rewrite.php(47): require_once('C:\\laragon\\www\\...')
#13 {main}
CRITICAL - 2024-04-18 14:57:54 --> Cannot add or update a child row: a foreign key constraint fails (`caps`.`feedback`, CONSTRAINT `feedback_ibfk_1` FOREIGN KEY (`UserID`) REFERENCES `users` (`UserID`))
in SYSTEMPATH\Database\BaseConnection.php on line 647.
 1 SYSTEMPATH\Database\BaseBuilder.php(2308): CodeIgniter\Database\BaseConnection->query('INSERT INTO `feedback` (`UserID`, `UserRating`, `FeedbackMessage`, `datetime`) VALUES (:UserID:, :UserRating:, :FeedbackMessage:, :datetime:)', [...], false)
 2 SYSTEMPATH\Model.php(319): CodeIgniter\Database\BaseBuilder->insert()
 3 SYSTEMPATH\BaseModel.php(788): CodeIgniter\Model->doInsert([...])
 4 SYSTEMPATH\Model.php(715): CodeIgniter\BaseModel->insert([...], true)
 5 APPPATH\Controllers\GuestController.php(1164): CodeIgniter\Model->insert([...])
 6 SYSTEMPATH\CodeIgniter.php(942): App\Controllers\GuestController->submitReview()
 7 SYSTEMPATH\CodeIgniter.php(502): CodeIgniter\CodeIgniter->runController(Object(App\Controllers\GuestController))
 8 SYSTEMPATH\CodeIgniter.php(361): CodeIgniter\CodeIgniter->handleRequest(null, Object(Config\Cache), false)
 9 FCPATH\index.php(79): CodeIgniter\CodeIgniter->run()
10 SYSTEMPATH\Commands\Server\rewrite.php(47): require_once('C:\\laragon\\www\\projectmahalta\\public\\index.php')
ERROR - 2024-04-18 14:57:54 --> mysqli_sql_exception: Cannot add or update a child row: a foreign key constraint fails (`caps`.`feedback`, CONSTRAINT `feedback_ibfk_1` FOREIGN KEY (`UserID`) REFERENCES `users` (`UserID`)) in C:\laragon\www\projectmahalta\system\Database\MySQLi\Connection.php:306
Stack trace:
#0 C:\laragon\www\projectmahalta\system\Database\MySQLi\Connection.php(306): mysqli->query('INSERT INTO `fe...', 0)
#1 C:\laragon\www\projectmahalta\system\Database\BaseConnection.php(693): CodeIgniter\Database\MySQLi\Connection->execute('INSERT INTO `fe...')
#2 C:\laragon\www\projectmahalta\system\Database\BaseConnection.php(607): CodeIgniter\Database\BaseConnection->simpleQuery('INSERT INTO `fe...')
#3 C:\laragon\www\projectmahalta\system\Database\BaseBuilder.php(2308): CodeIgniter\Database\BaseConnection->query('INSERT INTO `fe...', Array, false)
#4 C:\laragon\www\projectmahalta\system\Model.php(319): CodeIgniter\Database\BaseBuilder->insert()
#5 C:\laragon\www\projectmahalta\system\BaseModel.php(788): CodeIgniter\Model->doInsert(Array)
#6 C:\laragon\www\projectmahalta\system\Model.php(715): CodeIgniter\BaseModel->insert(Array, true)
#7 C:\laragon\www\projectmahalta\app\Controllers\GuestController.php(1164): CodeIgniter\Model->insert(Array)
#8 C:\laragon\www\projectmahalta\system\CodeIgniter.php(942): App\Controllers\GuestController->submitReview()
#9 C:\laragon\www\projectmahalta\system\CodeIgniter.php(502): CodeIgniter\CodeIgniter->runController(Object(App\Controllers\GuestController))
#10 C:\laragon\www\projectmahalta\system\CodeIgniter.php(361): CodeIgniter\CodeIgniter->handleRequest(NULL, Object(Config\Cache), false)
#11 C:\laragon\www\projectmahalta\public\index.php(79): CodeIgniter\CodeIgniter->run()
#12 C:\laragon\www\projectmahalta\system\Commands\Server\rewrite.php(47): require_once('C:\\laragon\\www\\...')
#13 {main}
CRITICAL - 2024-04-18 14:57:54 --> Cannot add or update a child row: a foreign key constraint fails (`caps`.`feedback`, CONSTRAINT `feedback_ibfk_1` FOREIGN KEY (`UserID`) REFERENCES `users` (`UserID`))
in SYSTEMPATH\Database\BaseConnection.php on line 647.
 1 SYSTEMPATH\Database\BaseBuilder.php(2308): CodeIgniter\Database\BaseConnection->query('INSERT INTO `feedback` (`UserID`, `UserRating`, `FeedbackMessage`, `datetime`) VALUES (:UserID:, :UserRating:, :FeedbackMessage:, :datetime:)', [...], false)
 2 SYSTEMPATH\Model.php(319): CodeIgniter\Database\BaseBuilder->insert()
 3 SYSTEMPATH\BaseModel.php(788): CodeIgniter\Model->doInsert([...])
 4 SYSTEMPATH\Model.php(715): CodeIgniter\BaseModel->insert([...], true)
 5 APPPATH\Controllers\GuestController.php(1164): CodeIgniter\Model->insert([...])
 6 SYSTEMPATH\CodeIgniter.php(942): App\Controllers\GuestController->submitReview()
 7 SYSTEMPATH\CodeIgniter.php(502): CodeIgniter\CodeIgniter->runController(Object(App\Controllers\GuestController))
 8 SYSTEMPATH\CodeIgniter.php(361): CodeIgniter\CodeIgniter->handleRequest(null, Object(Config\Cache), false)
 9 FCPATH\index.php(79): CodeIgniter\CodeIgniter->run()
10 SYSTEMPATH\Commands\Server\rewrite.php(47): require_once('C:\\laragon\\www\\projectmahalta\\public\\index.php')
ERROR - 2024-04-18 14:57:54 --> mysqli_sql_exception: Cannot add or update a child row: a foreign key constraint fails (`caps`.`feedback`, CONSTRAINT `feedback_ibfk_1` FOREIGN KEY (`UserID`) REFERENCES `users` (`UserID`)) in C:\laragon\www\projectmahalta\system\Database\MySQLi\Connection.php:306
Stack trace:
#0 C:\laragon\www\projectmahalta\system\Database\MySQLi\Connection.php(306): mysqli->query('INSERT INTO `fe...', 0)
#1 C:\laragon\www\projectmahalta\system\Database\BaseConnection.php(693): CodeIgniter\Database\MySQLi\Connection->execute('INSERT INTO `fe...')
#2 C:\laragon\www\projectmahalta\system\Database\BaseConnection.php(607): CodeIgniter\Database\BaseConnection->simpleQuery('INSERT INTO `fe...')
#3 C:\laragon\www\projectmahalta\system\Database\BaseBuilder.php(2308): CodeIgniter\Database\BaseConnection->query('INSERT INTO `fe...', Array, false)
#4 C:\laragon\www\projectmahalta\system\Model.php(319): CodeIgniter\Database\BaseBuilder->insert()
#5 C:\laragon\www\projectmahalta\system\BaseModel.php(788): CodeIgniter\Model->doInsert(Array)
#6 C:\laragon\www\projectmahalta\system\Model.php(715): CodeIgniter\BaseModel->insert(Array, true)
#7 C:\laragon\www\projectmahalta\app\Controllers\GuestController.php(1164): CodeIgniter\Model->insert(Array)
#8 C:\laragon\www\projectmahalta\system\CodeIgniter.php(942): App\Controllers\GuestController->submitReview()
#9 C:\laragon\www\projectmahalta\system\CodeIgniter.php(502): CodeIgniter\CodeIgniter->runController(Object(App\Controllers\GuestController))
#10 C:\laragon\www\projectmahalta\system\CodeIgniter.php(361): CodeIgniter\CodeIgniter->handleRequest(NULL, Object(Config\Cache), false)
#11 C:\laragon\www\projectmahalta\public\index.php(79): CodeIgniter\CodeIgniter->run()
#12 C:\laragon\www\projectmahalta\system\Commands\Server\rewrite.php(47): require_once('C:\\laragon\\www\\...')
#13 {main}
CRITICAL - 2024-04-18 14:57:54 --> Cannot add or update a child row: a foreign key constraint fails (`caps`.`feedback`, CONSTRAINT `feedback_ibfk_1` FOREIGN KEY (`UserID`) REFERENCES `users` (`UserID`))
in SYSTEMPATH\Database\BaseConnection.php on line 647.
 1 SYSTEMPATH\Database\BaseBuilder.php(2308): CodeIgniter\Database\BaseConnection->query('INSERT INTO `feedback` (`UserID`, `UserRating`, `FeedbackMessage`, `datetime`) VALUES (:UserID:, :UserRating:, :FeedbackMessage:, :datetime:)', [...], false)
 2 SYSTEMPATH\Model.php(319): CodeIgniter\Database\BaseBuilder->insert()
 3 SYSTEMPATH\BaseModel.php(788): CodeIgniter\Model->doInsert([...])
 4 SYSTEMPATH\Model.php(715): CodeIgniter\BaseModel->insert([...], true)
 5 APPPATH\Controllers\GuestController.php(1164): CodeIgniter\Model->insert([...])
 6 SYSTEMPATH\CodeIgniter.php(942): App\Controllers\GuestController->submitReview()
 7 SYSTEMPATH\CodeIgniter.php(502): CodeIgniter\CodeIgniter->runController(Object(App\Controllers\GuestController))
 8 SYSTEMPATH\CodeIgniter.php(361): CodeIgniter\CodeIgniter->handleRequest(null, Object(Config\Cache), false)
 9 FCPATH\index.php(79): CodeIgniter\CodeIgniter->run()
10 SYSTEMPATH\Commands\Server\rewrite.php(47): require_once('C:\\laragon\\www\\projectmahalta\\public\\index.php')
ERROR - 2024-04-18 15:06:55 --> mysqli_sql_exception: Cannot add or update a child row: a foreign key constraint fails (`caps`.`feedback`, CONSTRAINT `feedback_ibfk_1` FOREIGN KEY (`UserID`) REFERENCES `users` (`UserID`)) in C:\laragon\www\projectmahalta\system\Database\MySQLi\Connection.php:306
Stack trace:
#0 C:\laragon\www\projectmahalta\system\Database\MySQLi\Connection.php(306): mysqli->query('INSERT INTO `fe...', 0)
#1 C:\laragon\www\projectmahalta\system\Database\BaseConnection.php(693): CodeIgniter\Database\MySQLi\Connection->execute('INSERT INTO `fe...')
#2 C:\laragon\www\projectmahalta\system\Database\BaseConnection.php(607): CodeIgniter\Database\BaseConnection->simpleQuery('INSERT INTO `fe...')
#3 C:\laragon\www\projectmahalta\system\Database\BaseBuilder.php(2308): CodeIgniter\Database\BaseConnection->query('INSERT INTO `fe...', Array, false)
#4 C:\laragon\www\projectmahalta\system\Model.php(319): CodeIgniter\Database\BaseBuilder->insert()
#5 C:\laragon\www\projectmahalta\system\BaseModel.php(788): CodeIgniter\Model->doInsert(Array)
#6 C:\laragon\www\projectmahalta\system\Model.php(715): CodeIgniter\BaseModel->insert(Array, true)
#7 C:\laragon\www\projectmahalta\app\Controllers\GuestController.php(1164): CodeIgniter\Model->insert(Array)
#8 C:\laragon\www\projectmahalta\system\CodeIgniter.php(942): App\Controllers\GuestController->submitReview()
#9 C:\laragon\www\projectmahalta\system\CodeIgniter.php(502): CodeIgniter\CodeIgniter->runController(Object(App\Controllers\GuestController))
#10 C:\laragon\www\projectmahalta\system\CodeIgniter.php(361): CodeIgniter\CodeIgniter->handleRequest(NULL, Object(Config\Cache), false)
#11 C:\laragon\www\projectmahalta\public\index.php(79): CodeIgniter\CodeIgniter->run()
#12 C:\laragon\www\projectmahalta\system\Commands\Server\rewrite.php(47): require_once('C:\\laragon\\www\\...')
#13 {main}
CRITICAL - 2024-04-18 15:06:55 --> Cannot add or update a child row: a foreign key constraint fails (`caps`.`feedback`, CONSTRAINT `feedback_ibfk_1` FOREIGN KEY (`UserID`) REFERENCES `users` (`UserID`))
in SYSTEMPATH\Database\BaseConnection.php on line 647.
 1 SYSTEMPATH\Database\BaseBuilder.php(2308): CodeIgniter\Database\BaseConnection->query('INSERT INTO `feedback` (`UserID`, `UserRating`, `FeedbackMessage`, `datetime`) VALUES (:UserID:, :UserRating:, :FeedbackMessage:, :datetime:)', [...], false)
 2 SYSTEMPATH\Model.php(319): CodeIgniter\Database\BaseBuilder->insert()
 3 SYSTEMPATH\BaseModel.php(788): CodeIgniter\Model->doInsert([...])
 4 SYSTEMPATH\Model.php(715): CodeIgniter\BaseModel->insert([...], true)
 5 APPPATH\Controllers\GuestController.php(1164): CodeIgniter\Model->insert([...])
 6 SYSTEMPATH\CodeIgniter.php(942): App\Controllers\GuestController->submitReview()
 7 SYSTEMPATH\CodeIgniter.php(502): CodeIgniter\CodeIgniter->runController(Object(App\Controllers\GuestController))
 8 SYSTEMPATH\CodeIgniter.php(361): CodeIgniter\CodeIgniter->handleRequest(null, Object(Config\Cache), false)
 9 FCPATH\index.php(79): CodeIgniter\CodeIgniter->run()
10 SYSTEMPATH\Commands\Server\rewrite.php(47): require_once('C:\\laragon\\www\\projectmahalta\\public\\index.php')
ERROR - 2024-04-18 15:10:11 --> mysqli_sql_exception: Cannot add or update a child row: a foreign key constraint fails (`caps`.`feedback`, CONSTRAINT `feedback_ibfk_1` FOREIGN KEY (`UserID`) REFERENCES `users` (`UserID`)) in C:\laragon\www\projectmahalta\system\Database\MySQLi\Connection.php:306
Stack trace:
#0 C:\laragon\www\projectmahalta\system\Database\MySQLi\Connection.php(306): mysqli->query('INSERT INTO `fe...', 0)
#1 C:\laragon\www\projectmahalta\system\Database\BaseConnection.php(693): CodeIgniter\Database\MySQLi\Connection->execute('INSERT INTO `fe...')
#2 C:\laragon\www\projectmahalta\system\Database\BaseConnection.php(607): CodeIgniter\Database\BaseConnection->simpleQuery('INSERT INTO `fe...')
#3 C:\laragon\www\projectmahalta\system\Database\BaseBuilder.php(2308): CodeIgniter\Database\BaseConnection->query('INSERT INTO `fe...', Array, false)
#4 C:\laragon\www\projectmahalta\system\Model.php(319): CodeIgniter\Database\BaseBuilder->insert()
#5 C:\laragon\www\projectmahalta\system\BaseModel.php(788): CodeIgniter\Model->doInsert(Array)
#6 C:\laragon\www\projectmahalta\system\Model.php(715): CodeIgniter\BaseModel->insert(Array, true)
#7 C:\laragon\www\projectmahalta\app\Controllers\GuestController.php(1165): CodeIgniter\Model->insert(Array)
#8 C:\laragon\www\projectmahalta\system\CodeIgniter.php(942): App\Controllers\GuestController->submitReview()
#9 C:\laragon\www\projectmahalta\system\CodeIgniter.php(502): CodeIgniter\CodeIgniter->runController(Object(App\Controllers\GuestController))
#10 C:\laragon\www\projectmahalta\system\CodeIgniter.php(361): CodeIgniter\CodeIgniter->handleRequest(NULL, Object(Config\Cache), false)
#11 C:\laragon\www\projectmahalta\public\index.php(79): CodeIgniter\CodeIgniter->run()
#12 C:\laragon\www\projectmahalta\system\Commands\Server\rewrite.php(47): require_once('C:\\laragon\\www\\...')
#13 {main}
CRITICAL - 2024-04-18 15:10:11 --> Cannot add or update a child row: a foreign key constraint fails (`caps`.`feedback`, CONSTRAINT `feedback_ibfk_1` FOREIGN KEY (`UserID`) REFERENCES `users` (`UserID`))
in SYSTEMPATH\Database\BaseConnection.php on line 647.
 1 SYSTEMPATH\Database\BaseBuilder.php(2308): CodeIgniter\Database\BaseConnection->query('INSERT INTO `feedback` (`UserID`, `UserRating`, `FeedbackMessage`, `datetime`) VALUES (:UserID:, :UserRating:, :FeedbackMessage:, :datetime:)', [...], false)
 2 SYSTEMPATH\Model.php(319): CodeIgniter\Database\BaseBuilder->insert()
 3 SYSTEMPATH\BaseModel.php(788): CodeIgniter\Model->doInsert([...])
 4 SYSTEMPATH\Model.php(715): CodeIgniter\BaseModel->insert([...], true)
 5 APPPATH\Controllers\GuestController.php(1165): CodeIgniter\Model->insert([...])
 6 SYSTEMPATH\CodeIgniter.php(942): App\Controllers\GuestController->submitReview()
 7 SYSTEMPATH\CodeIgniter.php(502): CodeIgniter\CodeIgniter->runController(Object(App\Controllers\GuestController))
 8 SYSTEMPATH\CodeIgniter.php(361): CodeIgniter\CodeIgniter->handleRequest(null, Object(Config\Cache), false)
 9 FCPATH\index.php(79): CodeIgniter\CodeIgniter->run()
10 SYSTEMPATH\Commands\Server\rewrite.php(47): require_once('C:\\laragon\\www\\projectmahalta\\public\\index.php')
ERROR - 2024-04-18 15:10:18 --> mysqli_sql_exception: Cannot add or update a child row: a foreign key constraint fails (`caps`.`feedback`, CONSTRAINT `feedback_ibfk_1` FOREIGN KEY (`UserID`) REFERENCES `users` (`UserID`)) in C:\laragon\www\projectmahalta\system\Database\MySQLi\Connection.php:306
Stack trace:
#0 C:\laragon\www\projectmahalta\system\Database\MySQLi\Connection.php(306): mysqli->query('INSERT INTO `fe...', 0)
#1 C:\laragon\www\projectmahalta\system\Database\BaseConnection.php(693): CodeIgniter\Database\MySQLi\Connection->execute('INSERT INTO `fe...')
#2 C:\laragon\www\projectmahalta\system\Database\BaseConnection.php(607): CodeIgniter\Database\BaseConnection->simpleQuery('INSERT INTO `fe...')
#3 C:\laragon\www\projectmahalta\system\Database\BaseBuilder.php(2308): CodeIgniter\Database\BaseConnection->query('INSERT INTO `fe...', Array, false)
#4 C:\laragon\www\projectmahalta\system\Model.php(319): CodeIgniter\Database\BaseBuilder->insert()
#5 C:\laragon\www\projectmahalta\system\BaseModel.php(788): CodeIgniter\Model->doInsert(Array)
#6 C:\laragon\www\projectmahalta\system\Model.php(715): CodeIgniter\BaseModel->insert(Array, true)
#7 C:\laragon\www\projectmahalta\app\Controllers\GuestController.php(1165): CodeIgniter\Model->insert(Array)
#8 C:\laragon\www\projectmahalta\system\CodeIgniter.php(942): App\Controllers\GuestController->submitReview()
#9 C:\laragon\www\projectmahalta\system\CodeIgniter.php(502): CodeIgniter\CodeIgniter->runController(Object(App\Controllers\GuestController))
#10 C:\laragon\www\projectmahalta\system\CodeIgniter.php(361): CodeIgniter\CodeIgniter->handleRequest(NULL, Object(Config\Cache), false)
#11 C:\laragon\www\projectmahalta\public\index.php(79): CodeIgniter\CodeIgniter->run()
#12 C:\laragon\www\projectmahalta\system\Commands\Server\rewrite.php(47): require_once('C:\\laragon\\www\\...')
#13 {main}
CRITICAL - 2024-04-18 15:10:18 --> Cannot add or update a child row: a foreign key constraint fails (`caps`.`feedback`, CONSTRAINT `feedback_ibfk_1` FOREIGN KEY (`UserID`) REFERENCES `users` (`UserID`))
in SYSTEMPATH\Database\BaseConnection.php on line 647.
 1 SYSTEMPATH\Database\BaseBuilder.php(2308): CodeIgniter\Database\BaseConnection->query('INSERT INTO `feedback` (`UserID`, `UserRating`, `FeedbackMessage`, `datetime`) VALUES (:UserID:, :UserRating:, :FeedbackMessage:, :datetime:)', [...], false)
 2 SYSTEMPATH\Model.php(319): CodeIgniter\Database\BaseBuilder->insert()
 3 SYSTEMPATH\BaseModel.php(788): CodeIgniter\Model->doInsert([...])
 4 SYSTEMPATH\Model.php(715): CodeIgniter\BaseModel->insert([...], true)
 5 APPPATH\Controllers\GuestController.php(1165): CodeIgniter\Model->insert([...])
 6 SYSTEMPATH\CodeIgniter.php(942): App\Controllers\GuestController->submitReview()
 7 SYSTEMPATH\CodeIgniter.php(502): CodeIgniter\CodeIgniter->runController(Object(App\Controllers\GuestController))
 8 SYSTEMPATH\CodeIgniter.php(361): CodeIgniter\CodeIgniter->handleRequest(null, Object(Config\Cache), false)
 9 FCPATH\index.php(79): CodeIgniter\CodeIgniter->run()
10 SYSTEMPATH\Commands\Server\rewrite.php(47): require_once('C:\\laragon\\www\\projectmahalta\\public\\index.php')
ERROR - 2024-04-18 15:13:04 --> mysqli_sql_exception: Cannot add or update a child row: a foreign key constraint fails (`caps`.`feedback`, CONSTRAINT `feedback_ibfk_1` FOREIGN KEY (`UserID`) REFERENCES `users` (`UserID`)) in C:\laragon\www\projectmahalta\system\Database\MySQLi\Connection.php:306
Stack trace:
#0 C:\laragon\www\projectmahalta\system\Database\MySQLi\Connection.php(306): mysqli->query('INSERT INTO `fe...', 0)
#1 C:\laragon\www\projectmahalta\system\Database\BaseConnection.php(693): CodeIgniter\Database\MySQLi\Connection->execute('INSERT INTO `fe...')
#2 C:\laragon\www\projectmahalta\system\Database\BaseConnection.php(607): CodeIgniter\Database\BaseConnection->simpleQuery('INSERT INTO `fe...')
#3 C:\laragon\www\projectmahalta\system\Database\BaseBuilder.php(2308): CodeIgniter\Database\BaseConnection->query('INSERT INTO `fe...', Array, false)
#4 C:\laragon\www\projectmahalta\system\Model.php(319): CodeIgniter\Database\BaseBuilder->insert()
#5 C:\laragon\www\projectmahalta\system\BaseModel.php(788): CodeIgniter\Model->doInsert(Array)
#6 C:\laragon\www\projectmahalta\system\Model.php(715): CodeIgniter\BaseModel->insert(Array, true)
#7 C:\laragon\www\projectmahalta\app\Controllers\GuestController.php(1165): CodeIgniter\Model->insert(Array)
#8 C:\laragon\www\projectmahalta\system\CodeIgniter.php(942): App\Controllers\GuestController->submitReview()
#9 C:\laragon\www\projectmahalta\system\CodeIgniter.php(502): CodeIgniter\CodeIgniter->runController(Object(App\Controllers\GuestController))
#10 C:\laragon\www\projectmahalta\system\CodeIgniter.php(361): CodeIgniter\CodeIgniter->handleRequest(NULL, Object(Config\Cache), false)
#11 C:\laragon\www\projectmahalta\public\index.php(79): CodeIgniter\CodeIgniter->run()
#12 C:\laragon\www\projectmahalta\system\Commands\Server\rewrite.php(47): require_once('C:\\laragon\\www\\...')
#13 {main}
CRITICAL - 2024-04-18 15:13:05 --> Cannot add or update a child row: a foreign key constraint fails (`caps`.`feedback`, CONSTRAINT `feedback_ibfk_1` FOREIGN KEY (`UserID`) REFERENCES `users` (`UserID`))
in SYSTEMPATH\Database\BaseConnection.php on line 647.
 1 SYSTEMPATH\Database\BaseBuilder.php(2308): CodeIgniter\Database\BaseConnection->query('INSERT INTO `feedback` (`UserID`, `UserRating`, `FeedbackMessage`, `datetime`) VALUES (:UserID:, :UserRating:, :FeedbackMessage:, :datetime:)', [...], false)
 2 SYSTEMPATH\Model.php(319): CodeIgniter\Database\BaseBuilder->insert()
 3 SYSTEMPATH\BaseModel.php(788): CodeIgniter\Model->doInsert([...])
 4 SYSTEMPATH\Model.php(715): CodeIgniter\BaseModel->insert([...], true)
 5 APPPATH\Controllers\GuestController.php(1165): CodeIgniter\Model->insert([...])
 6 SYSTEMPATH\CodeIgniter.php(942): App\Controllers\GuestController->submitReview()
 7 SYSTEMPATH\CodeIgniter.php(502): CodeIgniter\CodeIgniter->runController(Object(App\Controllers\GuestController))
 8 SYSTEMPATH\CodeIgniter.php(361): CodeIgniter\CodeIgniter->handleRequest(null, Object(Config\Cache), false)
 9 FCPATH\index.php(79): CodeIgniter\CodeIgniter->run()
10 SYSTEMPATH\Commands\Server\rewrite.php(47): require_once('C:\\laragon\\www\\projectmahalta\\public\\index.php')
ERROR - 2024-04-18 15:13:59 --> mysqli_sql_exception: Cannot add or update a child row: a foreign key constraint fails (`caps`.`feedback`, CONSTRAINT `feedback_ibfk_1` FOREIGN KEY (`UserID`) REFERENCES `users` (`UserID`)) in C:\laragon\www\projectmahalta\system\Database\MySQLi\Connection.php:306
Stack trace:
#0 C:\laragon\www\projectmahalta\system\Database\MySQLi\Connection.php(306): mysqli->query('INSERT INTO `fe...', 0)
#1 C:\laragon\www\projectmahalta\system\Database\BaseConnection.php(693): CodeIgniter\Database\MySQLi\Connection->execute('INSERT INTO `fe...')
#2 C:\laragon\www\projectmahalta\system\Database\BaseConnection.php(607): CodeIgniter\Database\BaseConnection->simpleQuery('INSERT INTO `fe...')
#3 C:\laragon\www\projectmahalta\system\Database\BaseBuilder.php(2308): CodeIgniter\Database\BaseConnection->query('INSERT INTO `fe...', Array, false)
#4 C:\laragon\www\projectmahalta\system\Model.php(319): CodeIgniter\Database\BaseBuilder->insert()
#5 C:\laragon\www\projectmahalta\system\BaseModel.php(788): CodeIgniter\Model->doInsert(Array)
#6 C:\laragon\www\projectmahalta\system\Model.php(715): CodeIgniter\BaseModel->insert(Array, true)
#7 C:\laragon\www\projectmahalta\app\Controllers\GuestController.php(1165): CodeIgniter\Model->insert(Array)
#8 C:\laragon\www\projectmahalta\system\CodeIgniter.php(942): App\Controllers\GuestController->submitReview()
#9 C:\laragon\www\projectmahalta\system\CodeIgniter.php(502): CodeIgniter\CodeIgniter->runController(Object(App\Controllers\GuestController))
#10 C:\laragon\www\projectmahalta\system\CodeIgniter.php(361): CodeIgniter\CodeIgniter->handleRequest(NULL, Object(Config\Cache), false)
#11 C:\laragon\www\projectmahalta\public\index.php(79): CodeIgniter\CodeIgniter->run()
#12 C:\laragon\www\projectmahalta\system\Commands\Server\rewrite.php(47): require_once('C:\\laragon\\www\\...')
#13 {main}
CRITICAL - 2024-04-18 15:13:59 --> Cannot add or update a child row: a foreign key constraint fails (`caps`.`feedback`, CONSTRAINT `feedback_ibfk_1` FOREIGN KEY (`UserID`) REFERENCES `users` (`UserID`))
in SYSTEMPATH\Database\BaseConnection.php on line 647.
 1 SYSTEMPATH\Database\BaseBuilder.php(2308): CodeIgniter\Database\BaseConnection->query('INSERT INTO `feedback` (`UserID`, `UserRating`, `FeedbackMessage`, `datetime`) VALUES (:UserID:, :UserRating:, :FeedbackMessage:, :datetime:)', [...], false)
 2 SYSTEMPATH\Model.php(319): CodeIgniter\Database\BaseBuilder->insert()
 3 SYSTEMPATH\BaseModel.php(788): CodeIgniter\Model->doInsert([...])
 4 SYSTEMPATH\Model.php(715): CodeIgniter\BaseModel->insert([...], true)
 5 APPPATH\Controllers\GuestController.php(1165): CodeIgniter\Model->insert([...])
 6 SYSTEMPATH\CodeIgniter.php(942): App\Controllers\GuestController->submitReview()
 7 SYSTEMPATH\CodeIgniter.php(502): CodeIgniter\CodeIgniter->runController(Object(App\Controllers\GuestController))
 8 SYSTEMPATH\CodeIgniter.php(361): CodeIgniter\CodeIgniter->handleRequest(null, Object(Config\Cache), false)
 9 FCPATH\index.php(79): CodeIgniter\CodeIgniter->run()
10 SYSTEMPATH\Commands\Server\rewrite.php(47): require_once('C:\\laragon\\www\\projectmahalta\\public\\index.php')
ERROR - 2024-04-18 15:14:31 --> mysqli_sql_exception: Cannot add or update a child row: a foreign key constraint fails (`caps`.`feedback`, CONSTRAINT `feedback_ibfk_1` FOREIGN KEY (`UserID`) REFERENCES `users` (`UserID`)) in C:\laragon\www\projectmahalta\system\Database\MySQLi\Connection.php:306
Stack trace:
#0 C:\laragon\www\projectmahalta\system\Database\MySQLi\Connection.php(306): mysqli->query('INSERT INTO `fe...', 0)
#1 C:\laragon\www\projectmahalta\system\Database\BaseConnection.php(693): CodeIgniter\Database\MySQLi\Connection->execute('INSERT INTO `fe...')
#2 C:\laragon\www\projectmahalta\system\Database\BaseConnection.php(607): CodeIgniter\Database\BaseConnection->simpleQuery('INSERT INTO `fe...')
#3 C:\laragon\www\projectmahalta\system\Database\BaseBuilder.php(2308): CodeIgniter\Database\BaseConnection->query('INSERT INTO `fe...', Array, false)
#4 C:\laragon\www\projectmahalta\system\Model.php(319): CodeIgniter\Database\BaseBuilder->insert()
#5 C:\laragon\www\projectmahalta\system\BaseModel.php(788): CodeIgniter\Model->doInsert(Array)
#6 C:\laragon\www\projectmahalta\system\Model.php(715): CodeIgniter\BaseModel->insert(Array, true)
#7 C:\laragon\www\projectmahalta\app\Controllers\GuestController.php(1165): CodeIgniter\Model->insert(Array)
#8 C:\laragon\www\projectmahalta\system\CodeIgniter.php(942): App\Controllers\GuestController->submitReview()
#9 C:\laragon\www\projectmahalta\system\CodeIgniter.php(502): CodeIgniter\CodeIgniter->runController(Object(App\Controllers\GuestController))
#10 C:\laragon\www\projectmahalta\system\CodeIgniter.php(361): CodeIgniter\CodeIgniter->handleRequest(NULL, Object(Config\Cache), false)
#11 C:\laragon\www\projectmahalta\public\index.php(79): CodeIgniter\CodeIgniter->run()
#12 C:\laragon\www\projectmahalta\system\Commands\Server\rewrite.php(47): require_once('C:\\laragon\\www\\...')
#13 {main}
CRITICAL - 2024-04-18 15:14:31 --> Cannot add or update a child row: a foreign key constraint fails (`caps`.`feedback`, CONSTRAINT `feedback_ibfk_1` FOREIGN KEY (`UserID`) REFERENCES `users` (`UserID`))
in SYSTEMPATH\Database\BaseConnection.php on line 647.
 1 SYSTEMPATH\Database\BaseBuilder.php(2308): CodeIgniter\Database\BaseConnection->query('INSERT INTO `feedback` (`UserRating`, `FeedbackMessage`, `datetime`) VALUES (:UserRating:, :FeedbackMessage:, :datetime:)', [...], false)
 2 SYSTEMPATH\Model.php(319): CodeIgniter\Database\BaseBuilder->insert()
 3 SYSTEMPATH\BaseModel.php(788): CodeIgniter\Model->doInsert([...])
 4 SYSTEMPATH\Model.php(715): CodeIgniter\BaseModel->insert([...], true)
 5 APPPATH\Controllers\GuestController.php(1165): CodeIgniter\Model->insert([...])
 6 SYSTEMPATH\CodeIgniter.php(942): App\Controllers\GuestController->submitReview()
 7 SYSTEMPATH\CodeIgniter.php(502): CodeIgniter\CodeIgniter->runController(Object(App\Controllers\GuestController))
 8 SYSTEMPATH\CodeIgniter.php(361): CodeIgniter\CodeIgniter->handleRequest(null, Object(Config\Cache), false)
 9 FCPATH\index.php(79): CodeIgniter\CodeIgniter->run()
10 SYSTEMPATH\Commands\Server\rewrite.php(47): require_once('C:\\laragon\\www\\projectmahalta\\public\\index.php')
ERROR - 2024-04-18 15:14:37 --> mysqli_sql_exception: Cannot add or update a child row: a foreign key constraint fails (`caps`.`feedback`, CONSTRAINT `feedback_ibfk_1` FOREIGN KEY (`UserID`) REFERENCES `users` (`UserID`)) in C:\laragon\www\projectmahalta\system\Database\MySQLi\Connection.php:306
Stack trace:
#0 C:\laragon\www\projectmahalta\system\Database\MySQLi\Connection.php(306): mysqli->query('INSERT INTO `fe...', 0)
#1 C:\laragon\www\projectmahalta\system\Database\BaseConnection.php(693): CodeIgniter\Database\MySQLi\Connection->execute('INSERT INTO `fe...')
#2 C:\laragon\www\projectmahalta\system\Database\BaseConnection.php(607): CodeIgniter\Database\BaseConnection->simpleQuery('INSERT INTO `fe...')
#3 C:\laragon\www\projectmahalta\system\Database\BaseBuilder.php(2308): CodeIgniter\Database\BaseConnection->query('INSERT INTO `fe...', Array, false)
#4 C:\laragon\www\projectmahalta\system\Model.php(319): CodeIgniter\Database\BaseBuilder->insert()
#5 C:\laragon\www\projectmahalta\system\BaseModel.php(788): CodeIgniter\Model->doInsert(Array)
#6 C:\laragon\www\projectmahalta\system\Model.php(715): CodeIgniter\BaseModel->insert(Array, true)
#7 C:\laragon\www\projectmahalta\app\Controllers\GuestController.php(1165): CodeIgniter\Model->insert(Array)
#8 C:\laragon\www\projectmahalta\system\CodeIgniter.php(942): App\Controllers\GuestController->submitReview()
#9 C:\laragon\www\projectmahalta\system\CodeIgniter.php(502): CodeIgniter\CodeIgniter->runController(Object(App\Controllers\GuestController))
#10 C:\laragon\www\projectmahalta\system\CodeIgniter.php(361): CodeIgniter\CodeIgniter->handleRequest(NULL, Object(Config\Cache), false)
#11 C:\laragon\www\projectmahalta\public\index.php(79): CodeIgniter\CodeIgniter->run()
#12 C:\laragon\www\projectmahalta\system\Commands\Server\rewrite.php(47): require_once('C:\\laragon\\www\\...')
#13 {main}
CRITICAL - 2024-04-18 15:14:37 --> Cannot add or update a child row: a foreign key constraint fails (`caps`.`feedback`, CONSTRAINT `feedback_ibfk_1` FOREIGN KEY (`UserID`) REFERENCES `users` (`UserID`))
in SYSTEMPATH\Database\BaseConnection.php on line 647.
 1 SYSTEMPATH\Database\BaseBuilder.php(2308): CodeIgniter\Database\BaseConnection->query('INSERT INTO `feedback` (`UserRating`, `FeedbackMessage`, `datetime`) VALUES (:UserRating:, :FeedbackMessage:, :datetime:)', [...], false)
 2 SYSTEMPATH\Model.php(319): CodeIgniter\Database\BaseBuilder->insert()
 3 SYSTEMPATH\BaseModel.php(788): CodeIgniter\Model->doInsert([...])
 4 SYSTEMPATH\Model.php(715): CodeIgniter\BaseModel->insert([...], true)
 5 APPPATH\Controllers\GuestController.php(1165): CodeIgniter\Model->insert([...])
 6 SYSTEMPATH\CodeIgniter.php(942): App\Controllers\GuestController->submitReview()
 7 SYSTEMPATH\CodeIgniter.php(502): CodeIgniter\CodeIgniter->runController(Object(App\Controllers\GuestController))
 8 SYSTEMPATH\CodeIgniter.php(361): CodeIgniter\CodeIgniter->handleRequest(null, Object(Config\Cache), false)
 9 FCPATH\index.php(79): CodeIgniter\CodeIgniter->run()
10 SYSTEMPATH\Commands\Server\rewrite.php(47): require_once('C:\\laragon\\www\\projectmahalta\\public\\index.php')
ERROR - 2024-04-18 15:14:37 --> mysqli_sql_exception: Cannot add or update a child row: a foreign key constraint fails (`caps`.`feedback`, CONSTRAINT `feedback_ibfk_1` FOREIGN KEY (`UserID`) REFERENCES `users` (`UserID`)) in C:\laragon\www\projectmahalta\system\Database\MySQLi\Connection.php:306
Stack trace:
#0 C:\laragon\www\projectmahalta\system\Database\MySQLi\Connection.php(306): mysqli->query('INSERT INTO `fe...', 0)
#1 C:\laragon\www\projectmahalta\system\Database\BaseConnection.php(693): CodeIgniter\Database\MySQLi\Connection->execute('INSERT INTO `fe...')
#2 C:\laragon\www\projectmahalta\system\Database\BaseConnection.php(607): CodeIgniter\Database\BaseConnection->simpleQuery('INSERT INTO `fe...')
#3 C:\laragon\www\projectmahalta\system\Database\BaseBuilder.php(2308): CodeIgniter\Database\BaseConnection->query('INSERT INTO `fe...', Array, false)
#4 C:\laragon\www\projectmahalta\system\Model.php(319): CodeIgniter\Database\BaseBuilder->insert()
#5 C:\laragon\www\projectmahalta\system\BaseModel.php(788): CodeIgniter\Model->doInsert(Array)
#6 C:\laragon\www\projectmahalta\system\Model.php(715): CodeIgniter\BaseModel->insert(Array, true)
#7 C:\laragon\www\projectmahalta\app\Controllers\GuestController.php(1165): CodeIgniter\Model->insert(Array)
#8 C:\laragon\www\projectmahalta\system\CodeIgniter.php(942): App\Controllers\GuestController->submitReview()
#9 C:\laragon\www\projectmahalta\system\CodeIgniter.php(502): CodeIgniter\CodeIgniter->runController(Object(App\Controllers\GuestController))
#10 C:\laragon\www\projectmahalta\system\CodeIgniter.php(361): CodeIgniter\CodeIgniter->handleRequest(NULL, Object(Config\Cache), false)
#11 C:\laragon\www\projectmahalta\public\index.php(79): CodeIgniter\CodeIgniter->run()
#12 C:\laragon\www\projectmahalta\system\Commands\Server\rewrite.php(47): require_once('C:\\laragon\\www\\...')
#13 {main}
CRITICAL - 2024-04-18 15:14:37 --> Cannot add or update a child row: a foreign key constraint fails (`caps`.`feedback`, CONSTRAINT `feedback_ibfk_1` FOREIGN KEY (`UserID`) REFERENCES `users` (`UserID`))
in SYSTEMPATH\Database\BaseConnection.php on line 647.
 1 SYSTEMPATH\Database\BaseBuilder.php(2308): CodeIgniter\Database\BaseConnection->query('INSERT INTO `feedback` (`UserRating`, `FeedbackMessage`, `datetime`) VALUES (:UserRating:, :FeedbackMessage:, :datetime:)', [...], false)
 2 SYSTEMPATH\Model.php(319): CodeIgniter\Database\BaseBuilder->insert()
 3 SYSTEMPATH\BaseModel.php(788): CodeIgniter\Model->doInsert([...])
 4 SYSTEMPATH\Model.php(715): CodeIgniter\BaseModel->insert([...], true)
 5 APPPATH\Controllers\GuestController.php(1165): CodeIgniter\Model->insert([...])
 6 SYSTEMPATH\CodeIgniter.php(942): App\Controllers\GuestController->submitReview()
 7 SYSTEMPATH\CodeIgniter.php(502): CodeIgniter\CodeIgniter->runController(Object(App\Controllers\GuestController))
 8 SYSTEMPATH\CodeIgniter.php(361): CodeIgniter\CodeIgniter->handleRequest(null, Object(Config\Cache), false)
 9 FCPATH\index.php(79): CodeIgniter\CodeIgniter->run()
10 SYSTEMPATH\Commands\Server\rewrite.php(47): require_once('C:\\laragon\\www\\projectmahalta\\public\\index.php')
ERROR - 2024-04-18 15:14:38 --> mysqli_sql_exception: Cannot add or update a child row: a foreign key constraint fails (`caps`.`feedback`, CONSTRAINT `feedback_ibfk_1` FOREIGN KEY (`UserID`) REFERENCES `users` (`UserID`)) in C:\laragon\www\projectmahalta\system\Database\MySQLi\Connection.php:306
Stack trace:
#0 C:\laragon\www\projectmahalta\system\Database\MySQLi\Connection.php(306): mysqli->query('INSERT INTO `fe...', 0)
#1 C:\laragon\www\projectmahalta\system\Database\BaseConnection.php(693): CodeIgniter\Database\MySQLi\Connection->execute('INSERT INTO `fe...')
#2 C:\laragon\www\projectmahalta\system\Database\BaseConnection.php(607): CodeIgniter\Database\BaseConnection->simpleQuery('INSERT INTO `fe...')
#3 C:\laragon\www\projectmahalta\system\Database\BaseBuilder.php(2308): CodeIgniter\Database\BaseConnection->query('INSERT INTO `fe...', Array, false)
#4 C:\laragon\www\projectmahalta\system\Model.php(319): CodeIgniter\Database\BaseBuilder->insert()
#5 C:\laragon\www\projectmahalta\system\BaseModel.php(788): CodeIgniter\Model->doInsert(Array)
#6 C:\laragon\www\projectmahalta\system\Model.php(715): CodeIgniter\BaseModel->insert(Array, true)
#7 C:\laragon\www\projectmahalta\app\Controllers\GuestController.php(1165): CodeIgniter\Model->insert(Array)
#8 C:\laragon\www\projectmahalta\system\CodeIgniter.php(942): App\Controllers\GuestController->submitReview()
#9 C:\laragon\www\projectmahalta\system\CodeIgniter.php(502): CodeIgniter\CodeIgniter->runController(Object(App\Controllers\GuestController))
#10 C:\laragon\www\projectmahalta\system\CodeIgniter.php(361): CodeIgniter\CodeIgniter->handleRequest(NULL, Object(Config\Cache), false)
#11 C:\laragon\www\projectmahalta\public\index.php(79): CodeIgniter\CodeIgniter->run()
#12 C:\laragon\www\projectmahalta\system\Commands\Server\rewrite.php(47): require_once('C:\\laragon\\www\\...')
#13 {main}
CRITICAL - 2024-04-18 15:14:38 --> Cannot add or update a child row: a foreign key constraint fails (`caps`.`feedback`, CONSTRAINT `feedback_ibfk_1` FOREIGN KEY (`UserID`) REFERENCES `users` (`UserID`))
in SYSTEMPATH\Database\BaseConnection.php on line 647.
 1 SYSTEMPATH\Database\BaseBuilder.php(2308): CodeIgniter\Database\BaseConnection->query('INSERT INTO `feedback` (`UserRating`, `FeedbackMessage`, `datetime`) VALUES (:UserRating:, :FeedbackMessage:, :datetime:)', [...], false)
 2 SYSTEMPATH\Model.php(319): CodeIgniter\Database\BaseBuilder->insert()
 3 SYSTEMPATH\BaseModel.php(788): CodeIgniter\Model->doInsert([...])
 4 SYSTEMPATH\Model.php(715): CodeIgniter\BaseModel->insert([...], true)
 5 APPPATH\Controllers\GuestController.php(1165): CodeIgniter\Model->insert([...])
 6 SYSTEMPATH\CodeIgniter.php(942): App\Controllers\GuestController->submitReview()
 7 SYSTEMPATH\CodeIgniter.php(502): CodeIgniter\CodeIgniter->runController(Object(App\Controllers\GuestController))
 8 SYSTEMPATH\CodeIgniter.php(361): CodeIgniter\CodeIgniter->handleRequest(null, Object(Config\Cache), false)
 9 FCPATH\index.php(79): CodeIgniter\CodeIgniter->run()
10 SYSTEMPATH\Commands\Server\rewrite.php(47): require_once('C:\\laragon\\www\\projectmahalta\\public\\index.php')
ERROR - 2024-04-18 15:14:38 --> mysqli_sql_exception: Cannot add or update a child row: a foreign key constraint fails (`caps`.`feedback`, CONSTRAINT `feedback_ibfk_1` FOREIGN KEY (`UserID`) REFERENCES `users` (`UserID`)) in C:\laragon\www\projectmahalta\system\Database\MySQLi\Connection.php:306
Stack trace:
#0 C:\laragon\www\projectmahalta\system\Database\MySQLi\Connection.php(306): mysqli->query('INSERT INTO `fe...', 0)
#1 C:\laragon\www\projectmahalta\system\Database\BaseConnection.php(693): CodeIgniter\Database\MySQLi\Connection->execute('INSERT INTO `fe...')
#2 C:\laragon\www\projectmahalta\system\Database\BaseConnection.php(607): CodeIgniter\Database\BaseConnection->simpleQuery('INSERT INTO `fe...')
#3 C:\laragon\www\projectmahalta\system\Database\BaseBuilder.php(2308): CodeIgniter\Database\BaseConnection->query('INSERT INTO `fe...', Array, false)
#4 C:\laragon\www\projectmahalta\system\Model.php(319): CodeIgniter\Database\BaseBuilder->insert()
#5 C:\laragon\www\projectmahalta\system\BaseModel.php(788): CodeIgniter\Model->doInsert(Array)
#6 C:\laragon\www\projectmahalta\system\Model.php(715): CodeIgniter\BaseModel->insert(Array, true)
#7 C:\laragon\www\projectmahalta\app\Controllers\GuestController.php(1165): CodeIgniter\Model->insert(Array)
#8 C:\laragon\www\projectmahalta\system\CodeIgniter.php(942): App\Controllers\GuestController->submitReview()
#9 C:\laragon\www\projectmahalta\system\CodeIgniter.php(502): CodeIgniter\CodeIgniter->runController(Object(App\Controllers\GuestController))
#10 C:\laragon\www\projectmahalta\system\CodeIgniter.php(361): CodeIgniter\CodeIgniter->handleRequest(NULL, Object(Config\Cache), false)
#11 C:\laragon\www\projectmahalta\public\index.php(79): CodeIgniter\CodeIgniter->run()
#12 C:\laragon\www\projectmahalta\system\Commands\Server\rewrite.php(47): require_once('C:\\laragon\\www\\...')
#13 {main}
CRITICAL - 2024-04-18 15:14:38 --> Cannot add or update a child row: a foreign key constraint fails (`caps`.`feedback`, CONSTRAINT `feedback_ibfk_1` FOREIGN KEY (`UserID`) REFERENCES `users` (`UserID`))
in SYSTEMPATH\Database\BaseConnection.php on line 647.
 1 SYSTEMPATH\Database\BaseBuilder.php(2308): CodeIgniter\Database\BaseConnection->query('INSERT INTO `feedback` (`UserRating`, `FeedbackMessage`, `datetime`) VALUES (:UserRating:, :FeedbackMessage:, :datetime:)', [...], false)
 2 SYSTEMPATH\Model.php(319): CodeIgniter\Database\BaseBuilder->insert()
 3 SYSTEMPATH\BaseModel.php(788): CodeIgniter\Model->doInsert([...])
 4 SYSTEMPATH\Model.php(715): CodeIgniter\BaseModel->insert([...], true)
 5 APPPATH\Controllers\GuestController.php(1165): CodeIgniter\Model->insert([...])
 6 SYSTEMPATH\CodeIgniter.php(942): App\Controllers\GuestController->submitReview()
 7 SYSTEMPATH\CodeIgniter.php(502): CodeIgniter\CodeIgniter->runController(Object(App\Controllers\GuestController))
 8 SYSTEMPATH\CodeIgniter.php(361): CodeIgniter\CodeIgniter->handleRequest(null, Object(Config\Cache), false)
 9 FCPATH\index.php(79): CodeIgniter\CodeIgniter->run()
10 SYSTEMPATH\Commands\Server\rewrite.php(47): require_once('C:\\laragon\\www\\projectmahalta\\public\\index.php')
ERROR - 2024-04-18 15:14:38 --> mysqli_sql_exception: Cannot add or update a child row: a foreign key constraint fails (`caps`.`feedback`, CONSTRAINT `feedback_ibfk_1` FOREIGN KEY (`UserID`) REFERENCES `users` (`UserID`)) in C:\laragon\www\projectmahalta\system\Database\MySQLi\Connection.php:306
Stack trace:
#0 C:\laragon\www\projectmahalta\system\Database\MySQLi\Connection.php(306): mysqli->query('INSERT INTO `fe...', 0)
#1 C:\laragon\www\projectmahalta\system\Database\BaseConnection.php(693): CodeIgniter\Database\MySQLi\Connection->execute('INSERT INTO `fe...')
#2 C:\laragon\www\projectmahalta\system\Database\BaseConnection.php(607): CodeIgniter\Database\BaseConnection->simpleQuery('INSERT INTO `fe...')
#3 C:\laragon\www\projectmahalta\system\Database\BaseBuilder.php(2308): CodeIgniter\Database\BaseConnection->query('INSERT INTO `fe...', Array, false)
#4 C:\laragon\www\projectmahalta\system\Model.php(319): CodeIgniter\Database\BaseBuilder->insert()
#5 C:\laragon\www\projectmahalta\system\BaseModel.php(788): CodeIgniter\Model->doInsert(Array)
#6 C:\laragon\www\projectmahalta\system\Model.php(715): CodeIgniter\BaseModel->insert(Array, true)
#7 C:\laragon\www\projectmahalta\app\Controllers\GuestController.php(1165): CodeIgniter\Model->insert(Array)
#8 C:\laragon\www\projectmahalta\system\CodeIgniter.php(942): App\Controllers\GuestController->submitReview()
#9 C:\laragon\www\projectmahalta\system\CodeIgniter.php(502): CodeIgniter\CodeIgniter->runController(Object(App\Controllers\GuestController))
#10 C:\laragon\www\projectmahalta\system\CodeIgniter.php(361): CodeIgniter\CodeIgniter->handleRequest(NULL, Object(Config\Cache), false)
#11 C:\laragon\www\projectmahalta\public\index.php(79): CodeIgniter\CodeIgniter->run()
#12 C:\laragon\www\projectmahalta\system\Commands\Server\rewrite.php(47): require_once('C:\\laragon\\www\\...')
#13 {main}
CRITICAL - 2024-04-18 15:14:38 --> Cannot add or update a child row: a foreign key constraint fails (`caps`.`feedback`, CONSTRAINT `feedback_ibfk_1` FOREIGN KEY (`UserID`) REFERENCES `users` (`UserID`))
in SYSTEMPATH\Database\BaseConnection.php on line 647.
 1 SYSTEMPATH\Database\BaseBuilder.php(2308): CodeIgniter\Database\BaseConnection->query('INSERT INTO `feedback` (`UserRating`, `FeedbackMessage`, `datetime`) VALUES (:UserRating:, :FeedbackMessage:, :datetime:)', [...], false)
 2 SYSTEMPATH\Model.php(319): CodeIgniter\Database\BaseBuilder->insert()
 3 SYSTEMPATH\BaseModel.php(788): CodeIgniter\Model->doInsert([...])
 4 SYSTEMPATH\Model.php(715): CodeIgniter\BaseModel->insert([...], true)
 5 APPPATH\Controllers\GuestController.php(1165): CodeIgniter\Model->insert([...])
 6 SYSTEMPATH\CodeIgniter.php(942): App\Controllers\GuestController->submitReview()
 7 SYSTEMPATH\CodeIgniter.php(502): CodeIgniter\CodeIgniter->runController(Object(App\Controllers\GuestController))
 8 SYSTEMPATH\CodeIgniter.php(361): CodeIgniter\CodeIgniter->handleRequest(null, Object(Config\Cache), false)
 9 FCPATH\index.php(79): CodeIgniter\CodeIgniter->run()
10 SYSTEMPATH\Commands\Server\rewrite.php(47): require_once('C:\\laragon\\www\\projectmahalta\\public\\index.php')
ERROR - 2024-04-18 15:14:38 --> mysqli_sql_exception: Cannot add or update a child row: a foreign key constraint fails (`caps`.`feedback`, CONSTRAINT `feedback_ibfk_1` FOREIGN KEY (`UserID`) REFERENCES `users` (`UserID`)) in C:\laragon\www\projectmahalta\system\Database\MySQLi\Connection.php:306
Stack trace:
#0 C:\laragon\www\projectmahalta\system\Database\MySQLi\Connection.php(306): mysqli->query('INSERT INTO `fe...', 0)
#1 C:\laragon\www\projectmahalta\system\Database\BaseConnection.php(693): CodeIgniter\Database\MySQLi\Connection->execute('INSERT INTO `fe...')
#2 C:\laragon\www\projectmahalta\system\Database\BaseConnection.php(607): CodeIgniter\Database\BaseConnection->simpleQuery('INSERT INTO `fe...')
#3 C:\laragon\www\projectmahalta\system\Database\BaseBuilder.php(2308): CodeIgniter\Database\BaseConnection->query('INSERT INTO `fe...', Array, false)
#4 C:\laragon\www\projectmahalta\system\Model.php(319): CodeIgniter\Database\BaseBuilder->insert()
#5 C:\laragon\www\projectmahalta\system\BaseModel.php(788): CodeIgniter\Model->doInsert(Array)
#6 C:\laragon\www\projectmahalta\system\Model.php(715): CodeIgniter\BaseModel->insert(Array, true)
#7 C:\laragon\www\projectmahalta\app\Controllers\GuestController.php(1165): CodeIgniter\Model->insert(Array)
#8 C:\laragon\www\projectmahalta\system\CodeIgniter.php(942): App\Controllers\GuestController->submitReview()
#9 C:\laragon\www\projectmahalta\system\CodeIgniter.php(502): CodeIgniter\CodeIgniter->runController(Object(App\Controllers\GuestController))
#10 C:\laragon\www\projectmahalta\system\CodeIgniter.php(361): CodeIgniter\CodeIgniter->handleRequest(NULL, Object(Config\Cache), false)
#11 C:\laragon\www\projectmahalta\public\index.php(79): CodeIgniter\CodeIgniter->run()
#12 C:\laragon\www\projectmahalta\system\Commands\Server\rewrite.php(47): require_once('C:\\laragon\\www\\...')
#13 {main}
CRITICAL - 2024-04-18 15:14:38 --> Cannot add or update a child row: a foreign key constraint fails (`caps`.`feedback`, CONSTRAINT `feedback_ibfk_1` FOREIGN KEY (`UserID`) REFERENCES `users` (`UserID`))
in SYSTEMPATH\Database\BaseConnection.php on line 647.
 1 SYSTEMPATH\Database\BaseBuilder.php(2308): CodeIgniter\Database\BaseConnection->query('INSERT INTO `feedback` (`UserRating`, `FeedbackMessage`, `datetime`) VALUES (:UserRating:, :FeedbackMessage:, :datetime:)', [...], false)
 2 SYSTEMPATH\Model.php(319): CodeIgniter\Database\BaseBuilder->insert()
 3 SYSTEMPATH\BaseModel.php(788): CodeIgniter\Model->doInsert([...])
 4 SYSTEMPATH\Model.php(715): CodeIgniter\BaseModel->insert([...], true)
 5 APPPATH\Controllers\GuestController.php(1165): CodeIgniter\Model->insert([...])
 6 SYSTEMPATH\CodeIgniter.php(942): App\Controllers\GuestController->submitReview()
 7 SYSTEMPATH\CodeIgniter.php(502): CodeIgniter\CodeIgniter->runController(Object(App\Controllers\GuestController))
 8 SYSTEMPATH\CodeIgniter.php(361): CodeIgniter\CodeIgniter->handleRequest(null, Object(Config\Cache), false)
 9 FCPATH\index.php(79): CodeIgniter\CodeIgniter->run()
10 SYSTEMPATH\Commands\Server\rewrite.php(47): require_once('C:\\laragon\\www\\projectmahalta\\public\\index.php')
ERROR - 2024-04-18 15:14:38 --> mysqli_sql_exception: Cannot add or update a child row: a foreign key constraint fails (`caps`.`feedback`, CONSTRAINT `feedback_ibfk_1` FOREIGN KEY (`UserID`) REFERENCES `users` (`UserID`)) in C:\laragon\www\projectmahalta\system\Database\MySQLi\Connection.php:306
Stack trace:
#0 C:\laragon\www\projectmahalta\system\Database\MySQLi\Connection.php(306): mysqli->query('INSERT INTO `fe...', 0)
#1 C:\laragon\www\projectmahalta\system\Database\BaseConnection.php(693): CodeIgniter\Database\MySQLi\Connection->execute('INSERT INTO `fe...')
#2 C:\laragon\www\projectmahalta\system\Database\BaseConnection.php(607): CodeIgniter\Database\BaseConnection->simpleQuery('INSERT INTO `fe...')
#3 C:\laragon\www\projectmahalta\system\Database\BaseBuilder.php(2308): CodeIgniter\Database\BaseConnection->query('INSERT INTO `fe...', Array, false)
#4 C:\laragon\www\projectmahalta\system\Model.php(319): CodeIgniter\Database\BaseBuilder->insert()
#5 C:\laragon\www\projectmahalta\system\BaseModel.php(788): CodeIgniter\Model->doInsert(Array)
#6 C:\laragon\www\projectmahalta\system\Model.php(715): CodeIgniter\BaseModel->insert(Array, true)
#7 C:\laragon\www\projectmahalta\app\Controllers\GuestController.php(1165): CodeIgniter\Model->insert(Array)
#8 C:\laragon\www\projectmahalta\system\CodeIgniter.php(942): App\Controllers\GuestController->submitReview()
#9 C:\laragon\www\projectmahalta\system\CodeIgniter.php(502): CodeIgniter\CodeIgniter->runController(Object(App\Controllers\GuestController))
#10 C:\laragon\www\projectmahalta\system\CodeIgniter.php(361): CodeIgniter\CodeIgniter->handleRequest(NULL, Object(Config\Cache), false)
#11 C:\laragon\www\projectmahalta\public\index.php(79): CodeIgniter\CodeIgniter->run()
#12 C:\laragon\www\projectmahalta\system\Commands\Server\rewrite.php(47): require_once('C:\\laragon\\www\\...')
#13 {main}
CRITICAL - 2024-04-18 15:14:38 --> Cannot add or update a child row: a foreign key constraint fails (`caps`.`feedback`, CONSTRAINT `feedback_ibfk_1` FOREIGN KEY (`UserID`) REFERENCES `users` (`UserID`))
in SYSTEMPATH\Database\BaseConnection.php on line 647.
 1 SYSTEMPATH\Database\BaseBuilder.php(2308): CodeIgniter\Database\BaseConnection->query('INSERT INTO `feedback` (`UserRating`, `FeedbackMessage`, `datetime`) VALUES (:UserRating:, :FeedbackMessage:, :datetime:)', [...], false)
 2 SYSTEMPATH\Model.php(319): CodeIgniter\Database\BaseBuilder->insert()
 3 SYSTEMPATH\BaseModel.php(788): CodeIgniter\Model->doInsert([...])
 4 SYSTEMPATH\Model.php(715): CodeIgniter\BaseModel->insert([...], true)
 5 APPPATH\Controllers\GuestController.php(1165): CodeIgniter\Model->insert([...])
 6 SYSTEMPATH\CodeIgniter.php(942): App\Controllers\GuestController->submitReview()
 7 SYSTEMPATH\CodeIgniter.php(502): CodeIgniter\CodeIgniter->runController(Object(App\Controllers\GuestController))
 8 SYSTEMPATH\CodeIgniter.php(361): CodeIgniter\CodeIgniter->handleRequest(null, Object(Config\Cache), false)
 9 FCPATH\index.php(79): CodeIgniter\CodeIgniter->run()
10 SYSTEMPATH\Commands\Server\rewrite.php(47): require_once('C:\\laragon\\www\\projectmahalta\\public\\index.php')
ERROR - 2024-04-18 15:32:02 --> mysqli_sql_exception: Operand should contain 1 column(s) in C:\laragon\www\projectmahalta\system\Database\MySQLi\Connection.php:306
Stack trace:
#0 C:\laragon\www\projectmahalta\system\Database\MySQLi\Connection.php(306): mysqli->query('INSERT INTO `fe...', 0)
#1 C:\laragon\www\projectmahalta\system\Database\BaseConnection.php(693): CodeIgniter\Database\MySQLi\Connection->execute('INSERT INTO `fe...')
#2 C:\laragon\www\projectmahalta\system\Database\BaseConnection.php(607): CodeIgniter\Database\BaseConnection->simpleQuery('INSERT INTO `fe...')
#3 C:\laragon\www\projectmahalta\system\Database\BaseBuilder.php(2308): CodeIgniter\Database\BaseConnection->query('INSERT INTO `fe...', Array, false)
#4 C:\laragon\www\projectmahalta\system\Model.php(319): CodeIgniter\Database\BaseBuilder->insert()
#5 C:\laragon\www\projectmahalta\system\BaseModel.php(788): CodeIgniter\Model->doInsert(Array)
#6 C:\laragon\www\projectmahalta\system\Model.php(715): CodeIgniter\BaseModel->insert(Array, true)
#7 C:\laragon\www\projectmahalta\app\Controllers\GuestController.php(1164): CodeIgniter\Model->insert(Array)
#8 C:\laragon\www\projectmahalta\system\CodeIgniter.php(942): App\Controllers\GuestController->submitReview()
#9 C:\laragon\www\projectmahalta\system\CodeIgniter.php(502): CodeIgniter\CodeIgniter->runController(Object(App\Controllers\GuestController))
#10 C:\laragon\www\projectmahalta\system\CodeIgniter.php(361): CodeIgniter\CodeIgniter->handleRequest(NULL, Object(Config\Cache), false)
#11 C:\laragon\www\projectmahalta\public\index.php(79): CodeIgniter\CodeIgniter->run()
#12 C:\laragon\www\projectmahalta\system\Commands\Server\rewrite.php(47): require_once('C:\\laragon\\www\\...')
#13 {main}
CRITICAL - 2024-04-18 15:32:02 --> Operand should contain 1 column(s)
in SYSTEMPATH\Database\BaseConnection.php on line 647.
 1 SYSTEMPATH\Database\BaseBuilder.php(2308): CodeIgniter\Database\BaseConnection->query('INSERT INTO `feedback` (`UserID`, `UserRating`, `FeedbackMessage`, `datetime`) VALUES (:UserID:, :UserRating:, :FeedbackMessage:, :datetime:)', [...], false)
 2 SYSTEMPATH\Model.php(319): CodeIgniter\Database\BaseBuilder->insert()
 3 SYSTEMPATH\BaseModel.php(788): CodeIgniter\Model->doInsert([...])
 4 SYSTEMPATH\Model.php(715): CodeIgniter\BaseModel->insert([...], true)
 5 APPPATH\Controllers\GuestController.php(1164): CodeIgniter\Model->insert([...])
 6 SYSTEMPATH\CodeIgniter.php(942): App\Controllers\GuestController->submitReview()
 7 SYSTEMPATH\CodeIgniter.php(502): CodeIgniter\CodeIgniter->runController(Object(App\Controllers\GuestController))
 8 SYSTEMPATH\CodeIgniter.php(361): CodeIgniter\CodeIgniter->handleRequest(null, Object(Config\Cache), false)
 9 FCPATH\index.php(79): CodeIgniter\CodeIgniter->run()
10 SYSTEMPATH\Commands\Server\rewrite.php(47): require_once('C:\\laragon\\www\\projectmahalta\\public\\index.php')
ERROR - 2024-04-18 15:32:03 --> mysqli_sql_exception: Operand should contain 1 column(s) in C:\laragon\www\projectmahalta\system\Database\MySQLi\Connection.php:306
Stack trace:
#0 C:\laragon\www\projectmahalta\system\Database\MySQLi\Connection.php(306): mysqli->query('INSERT INTO `fe...', 0)
#1 C:\laragon\www\projectmahalta\system\Database\BaseConnection.php(693): CodeIgniter\Database\MySQLi\Connection->execute('INSERT INTO `fe...')
#2 C:\laragon\www\projectmahalta\system\Database\BaseConnection.php(607): CodeIgniter\Database\BaseConnection->simpleQuery('INSERT INTO `fe...')
#3 C:\laragon\www\projectmahalta\system\Database\BaseBuilder.php(2308): CodeIgniter\Database\BaseConnection->query('INSERT INTO `fe...', Array, false)
#4 C:\laragon\www\projectmahalta\system\Model.php(319): CodeIgniter\Database\BaseBuilder->insert()
#5 C:\laragon\www\projectmahalta\system\BaseModel.php(788): CodeIgniter\Model->doInsert(Array)
#6 C:\laragon\www\projectmahalta\system\Model.php(715): CodeIgniter\BaseModel->insert(Array, true)
#7 C:\laragon\www\projectmahalta\app\Controllers\GuestController.php(1164): CodeIgniter\Model->insert(Array)
#8 C:\laragon\www\projectmahalta\system\CodeIgniter.php(942): App\Controllers\GuestController->submitReview()
#9 C:\laragon\www\projectmahalta\system\CodeIgniter.php(502): CodeIgniter\CodeIgniter->runController(Object(App\Controllers\GuestController))
#10 C:\laragon\www\projectmahalta\system\CodeIgniter.php(361): CodeIgniter\CodeIgniter->handleRequest(NULL, Object(Config\Cache), false)
#11 C:\laragon\www\projectmahalta\public\index.php(79): CodeIgniter\CodeIgniter->run()
#12 C:\laragon\www\projectmahalta\system\Commands\Server\rewrite.php(47): require_once('C:\\laragon\\www\\...')
#13 {main}
CRITICAL - 2024-04-18 15:32:03 --> Operand should contain 1 column(s)
in SYSTEMPATH\Database\BaseConnection.php on line 647.
 1 SYSTEMPATH\Database\BaseBuilder.php(2308): CodeIgniter\Database\BaseConnection->query('INSERT INTO `feedback` (`UserID`, `UserRating`, `FeedbackMessage`, `datetime`) VALUES (:UserID:, :UserRating:, :FeedbackMessage:, :datetime:)', [...], false)
 2 SYSTEMPATH\Model.php(319): CodeIgniter\Database\BaseBuilder->insert()
 3 SYSTEMPATH\BaseModel.php(788): CodeIgniter\Model->doInsert([...])
 4 SYSTEMPATH\Model.php(715): CodeIgniter\BaseModel->insert([...], true)
 5 APPPATH\Controllers\GuestController.php(1164): CodeIgniter\Model->insert([...])
 6 SYSTEMPATH\CodeIgniter.php(942): App\Controllers\GuestController->submitReview()
 7 SYSTEMPATH\CodeIgniter.php(502): CodeIgniter\CodeIgniter->runController(Object(App\Controllers\GuestController))
 8 SYSTEMPATH\CodeIgniter.php(361): CodeIgniter\CodeIgniter->handleRequest(null, Object(Config\Cache), false)
 9 FCPATH\index.php(79): CodeIgniter\CodeIgniter->run()
10 SYSTEMPATH\Commands\Server\rewrite.php(47): require_once('C:\\laragon\\www\\projectmahalta\\public\\index.php')
ERROR - 2024-04-18 15:32:03 --> mysqli_sql_exception: Operand should contain 1 column(s) in C:\laragon\www\projectmahalta\system\Database\MySQLi\Connection.php:306
Stack trace:
#0 C:\laragon\www\projectmahalta\system\Database\MySQLi\Connection.php(306): mysqli->query('INSERT INTO `fe...', 0)
#1 C:\laragon\www\projectmahalta\system\Database\BaseConnection.php(693): CodeIgniter\Database\MySQLi\Connection->execute('INSERT INTO `fe...')
#2 C:\laragon\www\projectmahalta\system\Database\BaseConnection.php(607): CodeIgniter\Database\BaseConnection->simpleQuery('INSERT INTO `fe...')
#3 C:\laragon\www\projectmahalta\system\Database\BaseBuilder.php(2308): CodeIgniter\Database\BaseConnection->query('INSERT INTO `fe...', Array, false)
#4 C:\laragon\www\projectmahalta\system\Model.php(319): CodeIgniter\Database\BaseBuilder->insert()
#5 C:\laragon\www\projectmahalta\system\BaseModel.php(788): CodeIgniter\Model->doInsert(Array)
#6 C:\laragon\www\projectmahalta\system\Model.php(715): CodeIgniter\BaseModel->insert(Array, true)
#7 C:\laragon\www\projectmahalta\app\Controllers\GuestController.php(1164): CodeIgniter\Model->insert(Array)
#8 C:\laragon\www\projectmahalta\system\CodeIgniter.php(942): App\Controllers\GuestController->submitReview()
#9 C:\laragon\www\projectmahalta\system\CodeIgniter.php(502): CodeIgniter\CodeIgniter->runController(Object(App\Controllers\GuestController))
#10 C:\laragon\www\projectmahalta\system\CodeIgniter.php(361): CodeIgniter\CodeIgniter->handleRequest(NULL, Object(Config\Cache), false)
#11 C:\laragon\www\projectmahalta\public\index.php(79): CodeIgniter\CodeIgniter->run()
#12 C:\laragon\www\projectmahalta\system\Commands\Server\rewrite.php(47): require_once('C:\\laragon\\www\\...')
#13 {main}
CRITICAL - 2024-04-18 15:32:03 --> Operand should contain 1 column(s)
in SYSTEMPATH\Database\BaseConnection.php on line 647.
 1 SYSTEMPATH\Database\BaseBuilder.php(2308): CodeIgniter\Database\BaseConnection->query('INSERT INTO `feedback` (`UserID`, `UserRating`, `FeedbackMessage`, `datetime`) VALUES (:UserID:, :UserRating:, :FeedbackMessage:, :datetime:)', [...], false)
 2 SYSTEMPATH\Model.php(319): CodeIgniter\Database\BaseBuilder->insert()
 3 SYSTEMPATH\BaseModel.php(788): CodeIgniter\Model->doInsert([...])
 4 SYSTEMPATH\Model.php(715): CodeIgniter\BaseModel->insert([...], true)
 5 APPPATH\Controllers\GuestController.php(1164): CodeIgniter\Model->insert([...])
 6 SYSTEMPATH\CodeIgniter.php(942): App\Controllers\GuestController->submitReview()
 7 SYSTEMPATH\CodeIgniter.php(502): CodeIgniter\CodeIgniter->runController(Object(App\Controllers\GuestController))
 8 SYSTEMPATH\CodeIgniter.php(361): CodeIgniter\CodeIgniter->handleRequest(null, Object(Config\Cache), false)
 9 FCPATH\index.php(79): CodeIgniter\CodeIgniter->run()
10 SYSTEMPATH\Commands\Server\rewrite.php(47): require_once('C:\\laragon\\www\\projectmahalta\\public\\index.php')
ERROR - 2024-04-18 15:32:03 --> mysqli_sql_exception: Operand should contain 1 column(s) in C:\laragon\www\projectmahalta\system\Database\MySQLi\Connection.php:306
Stack trace:
#0 C:\laragon\www\projectmahalta\system\Database\MySQLi\Connection.php(306): mysqli->query('INSERT INTO `fe...', 0)
#1 C:\laragon\www\projectmahalta\system\Database\BaseConnection.php(693): CodeIgniter\Database\MySQLi\Connection->execute('INSERT INTO `fe...')
#2 C:\laragon\www\projectmahalta\system\Database\BaseConnection.php(607): CodeIgniter\Database\BaseConnection->simpleQuery('INSERT INTO `fe...')
#3 C:\laragon\www\projectmahalta\system\Database\BaseBuilder.php(2308): CodeIgniter\Database\BaseConnection->query('INSERT INTO `fe...', Array, false)
#4 C:\laragon\www\projectmahalta\system\Model.php(319): CodeIgniter\Database\BaseBuilder->insert()
#5 C:\laragon\www\projectmahalta\system\BaseModel.php(788): CodeIgniter\Model->doInsert(Array)
#6 C:\laragon\www\projectmahalta\system\Model.php(715): CodeIgniter\BaseModel->insert(Array, true)
#7 C:\laragon\www\projectmahalta\app\Controllers\GuestController.php(1164): CodeIgniter\Model->insert(Array)
#8 C:\laragon\www\projectmahalta\system\CodeIgniter.php(942): App\Controllers\GuestController->submitReview()
#9 C:\laragon\www\projectmahalta\system\CodeIgniter.php(502): CodeIgniter\CodeIgniter->runController(Object(App\Controllers\GuestController))
#10 C:\laragon\www\projectmahalta\system\CodeIgniter.php(361): CodeIgniter\CodeIgniter->handleRequest(NULL, Object(Config\Cache), false)
#11 C:\laragon\www\projectmahalta\public\index.php(79): CodeIgniter\CodeIgniter->run()
#12 C:\laragon\www\projectmahalta\system\Commands\Server\rewrite.php(47): require_once('C:\\laragon\\www\\...')
#13 {main}
CRITICAL - 2024-04-18 15:32:03 --> Operand should contain 1 column(s)
in SYSTEMPATH\Database\BaseConnection.php on line 647.
 1 SYSTEMPATH\Database\BaseBuilder.php(2308): CodeIgniter\Database\BaseConnection->query('INSERT INTO `feedback` (`UserID`, `UserRating`, `FeedbackMessage`, `datetime`) VALUES (:UserID:, :UserRating:, :FeedbackMessage:, :datetime:)', [...], false)
 2 SYSTEMPATH\Model.php(319): CodeIgniter\Database\BaseBuilder->insert()
 3 SYSTEMPATH\BaseModel.php(788): CodeIgniter\Model->doInsert([...])
 4 SYSTEMPATH\Model.php(715): CodeIgniter\BaseModel->insert([...], true)
 5 APPPATH\Controllers\GuestController.php(1164): CodeIgniter\Model->insert([...])
 6 SYSTEMPATH\CodeIgniter.php(942): App\Controllers\GuestController->submitReview()
 7 SYSTEMPATH\CodeIgniter.php(502): CodeIgniter\CodeIgniter->runController(Object(App\Controllers\GuestController))
 8 SYSTEMPATH\CodeIgniter.php(361): CodeIgniter\CodeIgniter->handleRequest(null, Object(Config\Cache), false)
 9 FCPATH\index.php(79): CodeIgniter\CodeIgniter->run()
10 SYSTEMPATH\Commands\Server\rewrite.php(47): require_once('C:\\laragon\\www\\projectmahalta\\public\\index.php')
ERROR - 2024-04-18 15:32:04 --> mysqli_sql_exception: Operand should contain 1 column(s) in C:\laragon\www\projectmahalta\system\Database\MySQLi\Connection.php:306
Stack trace:
#0 C:\laragon\www\projectmahalta\system\Database\MySQLi\Connection.php(306): mysqli->query('INSERT INTO `fe...', 0)
#1 C:\laragon\www\projectmahalta\system\Database\BaseConnection.php(693): CodeIgniter\Database\MySQLi\Connection->execute('INSERT INTO `fe...')
#2 C:\laragon\www\projectmahalta\system\Database\BaseConnection.php(607): CodeIgniter\Database\BaseConnection->simpleQuery('INSERT INTO `fe...')
#3 C:\laragon\www\projectmahalta\system\Database\BaseBuilder.php(2308): CodeIgniter\Database\BaseConnection->query('INSERT INTO `fe...', Array, false)
#4 C:\laragon\www\projectmahalta\system\Model.php(319): CodeIgniter\Database\BaseBuilder->insert()
#5 C:\laragon\www\projectmahalta\system\BaseModel.php(788): CodeIgniter\Model->doInsert(Array)
#6 C:\laragon\www\projectmahalta\system\Model.php(715): CodeIgniter\BaseModel->insert(Array, true)
#7 C:\laragon\www\projectmahalta\app\Controllers\GuestController.php(1164): CodeIgniter\Model->insert(Array)
#8 C:\laragon\www\projectmahalta\system\CodeIgniter.php(942): App\Controllers\GuestController->submitReview()
#9 C:\laragon\www\projectmahalta\system\CodeIgniter.php(502): CodeIgniter\CodeIgniter->runController(Object(App\Controllers\GuestController))
#10 C:\laragon\www\projectmahalta\system\CodeIgniter.php(361): CodeIgniter\CodeIgniter->handleRequest(NULL, Object(Config\Cache), false)
#11 C:\laragon\www\projectmahalta\public\index.php(79): CodeIgniter\CodeIgniter->run()
#12 C:\laragon\www\projectmahalta\system\Commands\Server\rewrite.php(47): require_once('C:\\laragon\\www\\...')
#13 {main}
CRITICAL - 2024-04-18 15:32:04 --> Operand should contain 1 column(s)
in SYSTEMPATH\Database\BaseConnection.php on line 647.
 1 SYSTEMPATH\Database\BaseBuilder.php(2308): CodeIgniter\Database\BaseConnection->query('INSERT INTO `feedback` (`UserID`, `UserRating`, `FeedbackMessage`, `datetime`) VALUES (:UserID:, :UserRating:, :FeedbackMessage:, :datetime:)', [...], false)
 2 SYSTEMPATH\Model.php(319): CodeIgniter\Database\BaseBuilder->insert()
 3 SYSTEMPATH\BaseModel.php(788): CodeIgniter\Model->doInsert([...])
 4 SYSTEMPATH\Model.php(715): CodeIgniter\BaseModel->insert([...], true)
 5 APPPATH\Controllers\GuestController.php(1164): CodeIgniter\Model->insert([...])
 6 SYSTEMPATH\CodeIgniter.php(942): App\Controllers\GuestController->submitReview()
 7 SYSTEMPATH\CodeIgniter.php(502): CodeIgniter\CodeIgniter->runController(Object(App\Controllers\GuestController))
 8 SYSTEMPATH\CodeIgniter.php(361): CodeIgniter\CodeIgniter->handleRequest(null, Object(Config\Cache), false)
 9 FCPATH\index.php(79): CodeIgniter\CodeIgniter->run()
10 SYSTEMPATH\Commands\Server\rewrite.php(47): require_once('C:\\laragon\\www\\projectmahalta\\public\\index.php')
