CRITICAL - 2024-05-17 05:54:35 --> Maximum execution time of 60 seconds exceeded
in VENDORPATH\phpmailer\phpmailer\src\SMTP.php on line 1269.
 1 [internal function]: CodeIgniter\Debug\Exceptions->shutdownHandler()
ERROR - 2024-05-17 06:39:43 --> Mailer Error: SMTP Error: Could not connect to SMTP host. Failed to connect to serverSMTP server error: Failed to connect to server Additional SMTP info: php_network_getaddresses: getaddrinfo for smtp.gmail.com failed: No such host is known. 
CRITICAL - 2024-05-17 09:34:37 --> Undefined array key "Region"
in APPPATH\Views\Admin\Hotel\reservation.php on line 275.
 1 APPPATH\Views\Admin\Hotel\reservation.php(275): CodeIgniter\Debug\Exceptions->errorHandler(2, 'Undefined array key "Region"', 'C:\\laragon\\www\\projectmahalta\\app\\Views\\Admin\\Hotel\\reservation.php', 275)
 2 SYSTEMPATH\View\View.php(228): include('C:\\laragon\\www\\projectmahalta\\app\\Views\\Admin\\Hotel\\reservation.php')
 3 SYSTEMPATH\View\View.php(231): CodeIgniter\View\View->CodeIgniter\View\{closure}()
 4 SYSTEMPATH\Common.php(1190): CodeIgniter\View\View->render('Admin\\Hotel\\reservation', [], true)
 5 APPPATH\Controllers\AdminController.php(407): view('Admin\\Hotel\\reservation', [...])
 6 SYSTEMPATH\CodeIgniter.php(942): App\Controllers\AdminController->holReservation()
 7 SYSTEMPATH\CodeIgniter.php(502): CodeIgniter\CodeIgniter->runController(Object(App\Controllers\AdminController))
 8 SYSTEMPATH\CodeIgniter.php(361): CodeIgniter\CodeIgniter->handleRequest(null, Object(Config\Cache), false)
 9 FCPATH\index.php(79): CodeIgniter\CodeIgniter->run()
10 SYSTEMPATH\Commands\Server\rewrite.php(47): require_once('C:\\laragon\\www\\projectmahalta\\public\\index.php')
CRITICAL - 2024-05-17 09:36:49 --> Undefined array key "Region"
in APPPATH\Views\Admin\Hotel\reservation.php on line 275.
 1 APPPATH\Views\Admin\Hotel\reservation.php(275): CodeIgniter\Debug\Exceptions->errorHandler(2, 'Undefined array key "Region"', 'C:\\laragon\\www\\projectmahalta\\app\\Views\\Admin\\Hotel\\reservation.php', 275)
 2 SYSTEMPATH\View\View.php(228): include('C:\\laragon\\www\\projectmahalta\\app\\Views\\Admin\\Hotel\\reservation.php')
 3 SYSTEMPATH\View\View.php(231): CodeIgniter\View\View->CodeIgniter\View\{closure}()
 4 SYSTEMPATH\Common.php(1190): CodeIgniter\View\View->render('Admin\\Hotel\\reservation', [], true)
 5 APPPATH\Controllers\AdminController.php(407): view('Admin\\Hotel\\reservation', [...])
 6 SYSTEMPATH\CodeIgniter.php(942): App\Controllers\AdminController->holReservation()
 7 SYSTEMPATH\CodeIgniter.php(502): CodeIgniter\CodeIgniter->runController(Object(App\Controllers\AdminController))
 8 SYSTEMPATH\CodeIgniter.php(361): CodeIgniter\CodeIgniter->handleRequest(null, Object(Config\Cache), false)
 9 FCPATH\index.php(79): CodeIgniter\CodeIgniter->run()
10 SYSTEMPATH\Commands\Server\rewrite.php(47): require_once('C:\\laragon\\www\\projectmahalta\\public\\index.php')
CRITICAL - 2024-05-17 10:43:16 --> Undefined variable $room
in APPPATH\Views\Admin\Hotel\reservation.php on line 297.
 1 APPPATH\Views\Admin\Hotel\reservation.php(297): CodeIgniter\Debug\Exceptions->errorHandler(2, 'Undefined variable $room', 'C:\\laragon\\www\\projectmahalta\\app\\Views\\Admin\\Hotel\\reservation.php', 297)
 2 SYSTEMPATH\View\View.php(228): include('C:\\laragon\\www\\projectmahalta\\app\\Views\\Admin\\Hotel\\reservation.php')
 3 SYSTEMPATH\View\View.php(231): CodeIgniter\View\View->CodeIgniter\View\{closure}()
 4 SYSTEMPATH\Common.php(1190): CodeIgniter\View\View->render('Admin\\Hotel\\reservation', [], true)
 5 APPPATH\Controllers\AdminController.php(407): view('Admin\\Hotel\\reservation', [...])
 6 SYSTEMPATH\CodeIgniter.php(942): App\Controllers\AdminController->holReservation()
 7 SYSTEMPATH\CodeIgniter.php(502): CodeIgniter\CodeIgniter->runController(Object(App\Controllers\AdminController))
 8 SYSTEMPATH\CodeIgniter.php(361): CodeIgniter\CodeIgniter->handleRequest(null, Object(Config\Cache), false)
 9 FCPATH\index.php(79): CodeIgniter\CodeIgniter->run()
10 SYSTEMPATH\Commands\Server\rewrite.php(47): require_once('C:\\laragon\\www\\projectmahalta\\public\\index.php')
ERROR - 2024-05-17 10:44:02 --> mysqli_sql_exception: Cannot add or update a child row: a foreign key constraint fails (`caps`.`reservations`, CONSTRAINT `reservations_ibfk_1` FOREIGN KEY (`UserID`) REFERENCES `users` (`UserID`)) in C:\laragon\www\projectmahalta\system\Database\MySQLi\Connection.php:306
Stack trace:
#0 C:\laragon\www\projectmahalta\system\Database\MySQLi\Connection.php(306): mysqli->query('UPDATE `reserva...', 0)
#1 C:\laragon\www\projectmahalta\system\Database\BaseConnection.php(693): CodeIgniter\Database\MySQLi\Connection->execute('UPDATE `reserva...')
#2 C:\laragon\www\projectmahalta\system\Database\BaseConnection.php(607): CodeIgniter\Database\BaseConnection->simpleQuery('UPDATE `reserva...')
#3 C:\laragon\www\projectmahalta\system\Database\BaseBuilder.php(2475): CodeIgniter\Database\BaseConnection->query('UPDATE `reserva...', Array, false)
#4 C:\laragon\www\projectmahalta\system\Model.php(385): CodeIgniter\Database\BaseBuilder->update()
#5 C:\laragon\www\projectmahalta\system\BaseModel.php(949): CodeIgniter\Model->doUpdate(Array, Array)
#6 C:\laragon\www\projectmahalta\system\Model.php(776): CodeIgniter\BaseModel->update(Array, Array)
#7 C:\laragon\www\projectmahalta\app\Controllers\AdminController.php(523): CodeIgniter\Model->update('255', Array)
#8 C:\laragon\www\projectmahalta\system\CodeIgniter.php(942): App\Controllers\AdminController->updateHotelReservation('255')
#9 C:\laragon\www\projectmahalta\system\CodeIgniter.php(502): CodeIgniter\CodeIgniter->runController(Object(App\Controllers\AdminController))
#10 C:\laragon\www\projectmahalta\system\CodeIgniter.php(361): CodeIgniter\CodeIgniter->handleRequest(NULL, Object(Config\Cache), false)
#11 C:\laragon\www\projectmahalta\public\index.php(79): CodeIgniter\CodeIgniter->run()
#12 C:\laragon\www\projectmahalta\system\Commands\Server\rewrite.php(47): require_once('C:\\laragon\\www\\...')
#13 {main}
CRITICAL - 2024-05-17 10:44:02 --> Cannot add or update a child row: a foreign key constraint fails (`caps`.`reservations`, CONSTRAINT `reservations_ibfk_1` FOREIGN KEY (`UserID`) REFERENCES `users` (`UserID`))
in SYSTEMPATH\Database\BaseConnection.php on line 647.
 1 SYSTEMPATH\Database\BaseBuilder.php(2475): CodeIgniter\Database\BaseConnection->query('UPDATE `reservations` SET `CheckInDate` = :CheckInDate:, `CheckOutDate` = :CheckOutDate:, `Adult` = :Adult:, `Child` = :Child:, `TotalAmount` = :TotalAmount:, `downorfullPayment` = :downorfullPayment:, `ReferenceNumber` = :ReferenceNumber:, `PaymentOption` = :PaymentOption:, `Status` = :Status:, `RoomID` = :RoomID:, `UserID` = :UserID:
WHERE `reservations`.`ReservationID` IN :reservations.ReservationID:', [...], false)
 2 SYSTEMPATH\Model.php(385): CodeIgniter\Database\BaseBuilder->update()
 3 SYSTEMPATH\BaseModel.php(949): CodeIgniter\Model->doUpdate([...], [...])
 4 SYSTEMPATH\Model.php(776): CodeIgniter\BaseModel->update([...], [...])
 5 APPPATH\Controllers\AdminController.php(523): CodeIgniter\Model->update('255', [...])
 6 SYSTEMPATH\CodeIgniter.php(942): App\Controllers\AdminController->updateHotelReservation('255')
 7 SYSTEMPATH\CodeIgniter.php(502): CodeIgniter\CodeIgniter->runController(Object(App\Controllers\AdminController))
 8 SYSTEMPATH\CodeIgniter.php(361): CodeIgniter\CodeIgniter->handleRequest(null, Object(Config\Cache), false)
 9 FCPATH\index.php(79): CodeIgniter\CodeIgniter->run()
10 SYSTEMPATH\Commands\Server\rewrite.php(47): require_once('C:\\laragon\\www\\projectmahalta\\public\\index.php')
