CRITICAL - 2024-04-12 02:00:48 --> Unsupported operand types: string * string
in APPPATH\Controllers\GuestController.php on line 465.
 1 SYSTEMPATH\CodeIgniter.php(942): App\Controllers\GuestController->formdetails()
 2 SYSTEMPATH\CodeIgniter.php(502): CodeIgniter\CodeIgniter->runController(Object(App\Controllers\GuestController))
 3 SYSTEMPATH\CodeIgniter.php(361): CodeIgniter\CodeIgniter->handleRequest(null, Object(Config\Cache), false)
 4 FCPATH\index.php(79): CodeIgniter\CodeIgniter->run()
 5 SYSTEMPATH\Commands\Server\rewrite.php(47): require_once('C:\\laragon\\www\\projectmahalta\\public\\index.php')
ERROR - 2024-04-12 20:26:07 --> mysqli_sql_exception: Unknown column 'Status' in 'field list' in C:\laragon\www\projectmahalta\system\Database\MySQLi\Connection.php:306
Stack trace:
#0 C:\laragon\www\projectmahalta\system\Database\MySQLi\Connection.php(306): mysqli->query('UPDATE `rooms` ...', 0)
#1 C:\laragon\www\projectmahalta\system\Database\BaseConnection.php(693): CodeIgniter\Database\MySQLi\Connection->execute('UPDATE `rooms` ...')
#2 C:\laragon\www\projectmahalta\system\Database\BaseConnection.php(607): CodeIgniter\Database\BaseConnection->simpleQuery('UPDATE `rooms` ...')
#3 C:\laragon\www\projectmahalta\system\Database\BaseBuilder.php(2475): CodeIgniter\Database\BaseConnection->query('UPDATE `rooms` ...', Array, false)
#4 C:\laragon\www\projectmahalta\app\Models\RoomModel.php(91): CodeIgniter\Database\BaseBuilder->update(Array)
#5 C:\laragon\www\projectmahalta\app\Controllers\GuestController.php(133): App\Models\RoomModel->findAvailableRooms('', '', 2, 0)
#6 C:\laragon\www\projectmahalta\system\CodeIgniter.php(942): App\Controllers\GuestController->getData()
#7 C:\laragon\www\projectmahalta\system\CodeIgniter.php(502): CodeIgniter\CodeIgniter->runController(Object(App\Controllers\GuestController))
#8 C:\laragon\www\projectmahalta\system\CodeIgniter.php(361): CodeIgniter\CodeIgniter->handleRequest(NULL, Object(Config\Cache), false)
#9 C:\laragon\www\projectmahalta\public\index.php(79): CodeIgniter\CodeIgniter->run()
#10 C:\laragon\www\projectmahalta\system\Commands\Server\rewrite.php(47): require_once('C:\\laragon\\www\\...')
#11 {main}
CRITICAL - 2024-04-12 20:26:07 --> Unknown column 'Status' in 'field list'
in SYSTEMPATH\Database\BaseConnection.php on line 647.
 1 SYSTEMPATH\Database\BaseBuilder.php(2475): CodeIgniter\Database\BaseConnection->query('UPDATE `rooms` SET `Status` = :Status:
WHERE `RoomID` = :RoomID:', [...], false)
 2 APPPATH\Models\RoomModel.php(91): CodeIgniter\Database\BaseBuilder->update([...])
 3 APPPATH\Controllers\GuestController.php(133): App\Models\RoomModel->findAvailableRooms('', '', 2, 0)
 4 SYSTEMPATH\CodeIgniter.php(942): App\Controllers\GuestController->getData()
 5 SYSTEMPATH\CodeIgniter.php(502): CodeIgniter\CodeIgniter->runController(Object(App\Controllers\GuestController))
 6 SYSTEMPATH\CodeIgniter.php(361): CodeIgniter\CodeIgniter->handleRequest(null, Object(Config\Cache), false)
 7 FCPATH\index.php(79): CodeIgniter\CodeIgniter->run()
 8 SYSTEMPATH\Commands\Server\rewrite.php(47): require_once('C:\\laragon\\www\\projectmahalta\\public\\index.php')
CRITICAL - 2024-04-12 20:33:44 --> whereIn() expects $values to be of type array or closure
in SYSTEMPATH\Database\BaseBuilder.php on line 939.
 1 SYSTEMPATH\Database\BaseBuilder.php(826): CodeIgniter\Database\BaseBuilder->_whereIn('Status', 'Cancel', false, 'AND ', null)
 2 APPPATH\Models\RoomModel.php(63): CodeIgniter\Database\BaseBuilder->whereIn('Status', 'Cancel')
 3 APPPATH\Controllers\GuestController.php(133): App\Models\RoomModel->findAvailableRooms('', '', 2, 0)
 4 SYSTEMPATH\CodeIgniter.php(942): App\Controllers\GuestController->getData()
 5 SYSTEMPATH\CodeIgniter.php(502): CodeIgniter\CodeIgniter->runController(Object(App\Controllers\GuestController))
 6 SYSTEMPATH\CodeIgniter.php(361): CodeIgniter\CodeIgniter->handleRequest(null, Object(Config\Cache), false)
 7 FCPATH\index.php(79): CodeIgniter\CodeIgniter->run()
 8 SYSTEMPATH\Commands\Server\rewrite.php(47): require_once('C:\\laragon\\www\\projectmahalta\\public\\index.php')
CRITICAL - 2024-04-12 20:34:32 --> Undefined array key "Status"
in APPPATH\Models\RoomModel.php on line 74.
 1 APPPATH\Models\RoomModel.php(74): CodeIgniter\Debug\Exceptions->errorHandler(2, 'Undefined array key "Status"', 'C:\\laragon\\www\\projectmahalta\\app\\Models\\RoomModel.php', 74)
 2 APPPATH\Controllers\GuestController.php(133): App\Models\RoomModel->findAvailableRooms('', '', 2, 0)
 3 SYSTEMPATH\CodeIgniter.php(942): App\Controllers\GuestController->getData()
 4 SYSTEMPATH\CodeIgniter.php(502): CodeIgniter\CodeIgniter->runController(Object(App\Controllers\GuestController))
 5 SYSTEMPATH\CodeIgniter.php(361): CodeIgniter\CodeIgniter->handleRequest(null, Object(Config\Cache), false)
 6 FCPATH\index.php(79): CodeIgniter\CodeIgniter->run()
 7 SYSTEMPATH\Commands\Server\rewrite.php(47): require_once('C:\\laragon\\www\\projectmahalta\\public\\index.php')
CRITICAL - 2024-04-12 20:36:46 --> Undefined array key "Status"
in APPPATH\Models\RoomModel.php on line 77.
 1 APPPATH\Models\RoomModel.php(77): CodeIgniter\Debug\Exceptions->errorHandler(2, 'Undefined array key "Status"', 'C:\\laragon\\www\\projectmahalta\\app\\Models\\RoomModel.php', 77)
 2 APPPATH\Controllers\GuestController.php(133): App\Models\RoomModel->findAvailableRooms('', '', 2, 0)
 3 SYSTEMPATH\CodeIgniter.php(942): App\Controllers\GuestController->getData()
 4 SYSTEMPATH\CodeIgniter.php(502): CodeIgniter\CodeIgniter->runController(Object(App\Controllers\GuestController))
 5 SYSTEMPATH\CodeIgniter.php(361): CodeIgniter\CodeIgniter->handleRequest(null, Object(Config\Cache), false)
 6 FCPATH\index.php(79): CodeIgniter\CodeIgniter->run()
 7 SYSTEMPATH\Commands\Server\rewrite.php(47): require_once('C:\\laragon\\www\\projectmahalta\\public\\index.php')
CRITICAL - 2024-04-12 20:36:47 --> Undefined array key "Status"
in APPPATH\Models\RoomModel.php on line 77.
 1 APPPATH\Models\RoomModel.php(77): CodeIgniter\Debug\Exceptions->errorHandler(2, 'Undefined array key "Status"', 'C:\\laragon\\www\\projectmahalta\\app\\Models\\RoomModel.php', 77)
 2 APPPATH\Controllers\GuestController.php(133): App\Models\RoomModel->findAvailableRooms('', '', 2, 0)
 3 SYSTEMPATH\CodeIgniter.php(942): App\Controllers\GuestController->getData()
 4 SYSTEMPATH\CodeIgniter.php(502): CodeIgniter\CodeIgniter->runController(Object(App\Controllers\GuestController))
 5 SYSTEMPATH\CodeIgniter.php(361): CodeIgniter\CodeIgniter->handleRequest(null, Object(Config\Cache), false)
 6 FCPATH\index.php(79): CodeIgniter\CodeIgniter->run()
 7 SYSTEMPATH\Commands\Server\rewrite.php(47): require_once('C:\\laragon\\www\\projectmahalta\\public\\index.php')
CRITICAL - 2024-04-12 20:36:48 --> Undefined array key "Status"
in APPPATH\Models\RoomModel.php on line 77.
 1 APPPATH\Models\RoomModel.php(77): CodeIgniter\Debug\Exceptions->errorHandler(2, 'Undefined array key "Status"', 'C:\\laragon\\www\\projectmahalta\\app\\Models\\RoomModel.php', 77)
 2 APPPATH\Controllers\GuestController.php(133): App\Models\RoomModel->findAvailableRooms('', '', 2, 0)
 3 SYSTEMPATH\CodeIgniter.php(942): App\Controllers\GuestController->getData()
 4 SYSTEMPATH\CodeIgniter.php(502): CodeIgniter\CodeIgniter->runController(Object(App\Controllers\GuestController))
 5 SYSTEMPATH\CodeIgniter.php(361): CodeIgniter\CodeIgniter->handleRequest(null, Object(Config\Cache), false)
 6 FCPATH\index.php(79): CodeIgniter\CodeIgniter->run()
 7 SYSTEMPATH\Commands\Server\rewrite.php(47): require_once('C:\\laragon\\www\\projectmahalta\\public\\index.php')
CRITICAL - 2024-04-12 20:36:48 --> Undefined array key "Status"
in APPPATH\Models\RoomModel.php on line 77.
 1 APPPATH\Models\RoomModel.php(77): CodeIgniter\Debug\Exceptions->errorHandler(2, 'Undefined array key "Status"', 'C:\\laragon\\www\\projectmahalta\\app\\Models\\RoomModel.php', 77)
 2 APPPATH\Controllers\GuestController.php(133): App\Models\RoomModel->findAvailableRooms('', '', 2, 0)
 3 SYSTEMPATH\CodeIgniter.php(942): App\Controllers\GuestController->getData()
 4 SYSTEMPATH\CodeIgniter.php(502): CodeIgniter\CodeIgniter->runController(Object(App\Controllers\GuestController))
 5 SYSTEMPATH\CodeIgniter.php(361): CodeIgniter\CodeIgniter->handleRequest(null, Object(Config\Cache), false)
 6 FCPATH\index.php(79): CodeIgniter\CodeIgniter->run()
 7 SYSTEMPATH\Commands\Server\rewrite.php(47): require_once('C:\\laragon\\www\\projectmahalta\\public\\index.php')
CRITICAL - 2024-04-12 20:36:49 --> Undefined array key "Status"
in APPPATH\Models\RoomModel.php on line 77.
 1 APPPATH\Models\RoomModel.php(77): CodeIgniter\Debug\Exceptions->errorHandler(2, 'Undefined array key "Status"', 'C:\\laragon\\www\\projectmahalta\\app\\Models\\RoomModel.php', 77)
 2 APPPATH\Controllers\GuestController.php(133): App\Models\RoomModel->findAvailableRooms('', '', 2, 0)
 3 SYSTEMPATH\CodeIgniter.php(942): App\Controllers\GuestController->getData()
 4 SYSTEMPATH\CodeIgniter.php(502): CodeIgniter\CodeIgniter->runController(Object(App\Controllers\GuestController))
 5 SYSTEMPATH\CodeIgniter.php(361): CodeIgniter\CodeIgniter->handleRequest(null, Object(Config\Cache), false)
 6 FCPATH\index.php(79): CodeIgniter\CodeIgniter->run()
 7 SYSTEMPATH\Commands\Server\rewrite.php(47): require_once('C:\\laragon\\www\\projectmahalta\\public\\index.php')
CRITICAL - 2024-04-12 21:03:46 --> Undefined array key "unavailableDates"
in APPPATH\Views\Hotell\bookroom.php on line 361.
 1 APPPATH\Views\Hotell\bookroom.php(361): CodeIgniter\Debug\Exceptions->errorHandler(2, 'Undefined array key "unavailableDates"', 'C:\\laragon\\www\\projectmahalta\\app\\Views\\Hotell\\bookroom.php', 361)
 2 SYSTEMPATH\View\View.php(228): include('C:\\laragon\\www\\projectmahalta\\app\\Views\\Hotell\\bookroom.php')
 3 SYSTEMPATH\View\View.php(231): CodeIgniter\View\View->CodeIgniter\View\{closure}()
 4 SYSTEMPATH\Common.php(1190): CodeIgniter\View\View->render('Hotell/bookroom', [], true)
 5 APPPATH\Controllers\GuestController.php(138): view('Hotell/bookroom', [...])
 6 SYSTEMPATH\CodeIgniter.php(942): App\Controllers\GuestController->getData()
 7 SYSTEMPATH\CodeIgniter.php(502): CodeIgniter\CodeIgniter->runController(Object(App\Controllers\GuestController))
 8 SYSTEMPATH\CodeIgniter.php(361): CodeIgniter\CodeIgniter->handleRequest(null, Object(Config\Cache), false)
 9 FCPATH\index.php(79): CodeIgniter\CodeIgniter->run()
10 SYSTEMPATH\Commands\Server\rewrite.php(47): require_once('C:\\laragon\\www\\projectmahalta\\public\\index.php')
ERROR - 2024-04-12 21:10:57 --> mysqli_sql_exception: Incorrect DATETIME value: '' in C:\laragon\www\projectmahalta\system\Database\MySQLi\Connection.php:306
Stack trace:
#0 C:\laragon\www\projectmahalta\system\Database\MySQLi\Connection.php(306): mysqli->query('SELECT DATE_FOR...', 0)
#1 C:\laragon\www\projectmahalta\system\Database\BaseConnection.php(693): CodeIgniter\Database\MySQLi\Connection->execute('SELECT DATE_FOR...')
#2 C:\laragon\www\projectmahalta\system\Database\BaseConnection.php(607): CodeIgniter\Database\BaseConnection->simpleQuery('SELECT DATE_FOR...')
#3 C:\laragon\www\projectmahalta\system\Database\BaseBuilder.php(1615): CodeIgniter\Database\BaseConnection->query('SELECT DATE_FOR...', Array, false)
#4 C:\laragon\www\projectmahalta\app\Models\RoomModel.php(66): CodeIgniter\Database\BaseBuilder->get()
#5 C:\laragon\www\projectmahalta\app\Controllers\GuestController.php(133): App\Models\RoomModel->findAvailableRooms('', '', 2, 0)
#6 C:\laragon\www\projectmahalta\system\CodeIgniter.php(942): App\Controllers\GuestController->getData()
#7 C:\laragon\www\projectmahalta\system\CodeIgniter.php(502): CodeIgniter\CodeIgniter->runController(Object(App\Controllers\GuestController))
#8 C:\laragon\www\projectmahalta\system\CodeIgniter.php(361): CodeIgniter\CodeIgniter->handleRequest(NULL, Object(Config\Cache), false)
#9 C:\laragon\www\projectmahalta\public\index.php(79): CodeIgniter\CodeIgniter->run()
#10 C:\laragon\www\projectmahalta\system\Commands\Server\rewrite.php(47): require_once('C:\\laragon\\www\\...')
#11 {main}
CRITICAL - 2024-04-12 21:10:57 --> Incorrect DATETIME value: ''
in SYSTEMPATH\Database\BaseConnection.php on line 647.
 1 SYSTEMPATH\Database\BaseBuilder.php(1615): CodeIgniter\Database\BaseConnection->query('SELECT DATE_FORMAT(CheckInDate, "%Y-%m-%d") as StartDate, DATE_FORMAT(CheckOutDate, "%Y-%m-%d") as EndDate, `Status`
FROM `reservations`
WHERE `RoomID` = :RoomID:
AND `CheckInDate` <= :CheckInDate:
AND `CheckOutDate` >= :CheckOutDate:', [...], false)
 2 APPPATH\Models\RoomModel.php(66): CodeIgniter\Database\BaseBuilder->get()
 3 APPPATH\Controllers\GuestController.php(133): App\Models\RoomModel->findAvailableRooms('', '', 2, 0)
 4 SYSTEMPATH\CodeIgniter.php(942): App\Controllers\GuestController->getData()
 5 SYSTEMPATH\CodeIgniter.php(502): CodeIgniter\CodeIgniter->runController(Object(App\Controllers\GuestController))
 6 SYSTEMPATH\CodeIgniter.php(361): CodeIgniter\CodeIgniter->handleRequest(null, Object(Config\Cache), false)
 7 FCPATH\index.php(79): CodeIgniter\CodeIgniter->run()
 8 SYSTEMPATH\Commands\Server\rewrite.php(47): require_once('C:\\laragon\\www\\projectmahalta\\public\\index.php')
ERROR - 2024-04-12 21:12:22 --> mysqli_sql_exception: Incorrect DATETIME value: '' in C:\laragon\www\projectmahalta\system\Database\MySQLi\Connection.php:306
Stack trace:
#0 C:\laragon\www\projectmahalta\system\Database\MySQLi\Connection.php(306): mysqli->query('SELECT DATE_FOR...', 0)
#1 C:\laragon\www\projectmahalta\system\Database\BaseConnection.php(693): CodeIgniter\Database\MySQLi\Connection->execute('SELECT DATE_FOR...')
#2 C:\laragon\www\projectmahalta\system\Database\BaseConnection.php(607): CodeIgniter\Database\BaseConnection->simpleQuery('SELECT DATE_FOR...')
#3 C:\laragon\www\projectmahalta\system\Database\BaseBuilder.php(1615): CodeIgniter\Database\BaseConnection->query('SELECT DATE_FOR...', Array, false)
#4 C:\laragon\www\projectmahalta\app\Models\RoomModel.php(66): CodeIgniter\Database\BaseBuilder->get()
#5 C:\laragon\www\projectmahalta\app\Controllers\GuestController.php(133): App\Models\RoomModel->findAvailableRooms('', '', 2, 0)
#6 C:\laragon\www\projectmahalta\system\CodeIgniter.php(942): App\Controllers\GuestController->getData()
#7 C:\laragon\www\projectmahalta\system\CodeIgniter.php(502): CodeIgniter\CodeIgniter->runController(Object(App\Controllers\GuestController))
#8 C:\laragon\www\projectmahalta\system\CodeIgniter.php(361): CodeIgniter\CodeIgniter->handleRequest(NULL, Object(Config\Cache), false)
#9 C:\laragon\www\projectmahalta\public\index.php(79): CodeIgniter\CodeIgniter->run()
#10 C:\laragon\www\projectmahalta\system\Commands\Server\rewrite.php(47): require_once('C:\\laragon\\www\\...')
#11 {main}
CRITICAL - 2024-04-12 21:12:22 --> Incorrect DATETIME value: ''
in SYSTEMPATH\Database\BaseConnection.php on line 647.
 1 SYSTEMPATH\Database\BaseBuilder.php(1615): CodeIgniter\Database\BaseConnection->query('SELECT DATE_FORMAT(CheckInDate, "%Y-%m-%d") as StartDate, DATE_FORMAT(CheckOutDate, "%Y-%m-%d") as EndDate, `Status`
FROM `reservations`
WHERE `RoomID` = :RoomID:
AND `CheckInDate` <= :CheckInDate:
AND `CheckOutDate` >= :CheckOutDate:', [...], false)
 2 APPPATH\Models\RoomModel.php(66): CodeIgniter\Database\BaseBuilder->get()
 3 APPPATH\Controllers\GuestController.php(133): App\Models\RoomModel->findAvailableRooms('', '', 2, 0)
 4 SYSTEMPATH\CodeIgniter.php(942): App\Controllers\GuestController->getData()
 5 SYSTEMPATH\CodeIgniter.php(502): CodeIgniter\CodeIgniter->runController(Object(App\Controllers\GuestController))
 6 SYSTEMPATH\CodeIgniter.php(361): CodeIgniter\CodeIgniter->handleRequest(null, Object(Config\Cache), false)
 7 FCPATH\index.php(79): CodeIgniter\CodeIgniter->run()
 8 SYSTEMPATH\Commands\Server\rewrite.php(47): require_once('C:\\laragon\\www\\projectmahalta\\public\\index.php')
ERROR - 2024-04-12 21:12:23 --> mysqli_sql_exception: Incorrect DATETIME value: '' in C:\laragon\www\projectmahalta\system\Database\MySQLi\Connection.php:306
Stack trace:
#0 C:\laragon\www\projectmahalta\system\Database\MySQLi\Connection.php(306): mysqli->query('SELECT DATE_FOR...', 0)
#1 C:\laragon\www\projectmahalta\system\Database\BaseConnection.php(693): CodeIgniter\Database\MySQLi\Connection->execute('SELECT DATE_FOR...')
#2 C:\laragon\www\projectmahalta\system\Database\BaseConnection.php(607): CodeIgniter\Database\BaseConnection->simpleQuery('SELECT DATE_FOR...')
#3 C:\laragon\www\projectmahalta\system\Database\BaseBuilder.php(1615): CodeIgniter\Database\BaseConnection->query('SELECT DATE_FOR...', Array, false)
#4 C:\laragon\www\projectmahalta\app\Models\RoomModel.php(66): CodeIgniter\Database\BaseBuilder->get()
#5 C:\laragon\www\projectmahalta\app\Controllers\GuestController.php(133): App\Models\RoomModel->findAvailableRooms('', '', 2, 0)
#6 C:\laragon\www\projectmahalta\system\CodeIgniter.php(942): App\Controllers\GuestController->getData()
#7 C:\laragon\www\projectmahalta\system\CodeIgniter.php(502): CodeIgniter\CodeIgniter->runController(Object(App\Controllers\GuestController))
#8 C:\laragon\www\projectmahalta\system\CodeIgniter.php(361): CodeIgniter\CodeIgniter->handleRequest(NULL, Object(Config\Cache), false)
#9 C:\laragon\www\projectmahalta\public\index.php(79): CodeIgniter\CodeIgniter->run()
#10 C:\laragon\www\projectmahalta\system\Commands\Server\rewrite.php(47): require_once('C:\\laragon\\www\\...')
#11 {main}
CRITICAL - 2024-04-12 21:12:23 --> Incorrect DATETIME value: ''
in SYSTEMPATH\Database\BaseConnection.php on line 647.
 1 SYSTEMPATH\Database\BaseBuilder.php(1615): CodeIgniter\Database\BaseConnection->query('SELECT DATE_FORMAT(CheckInDate, "%Y-%m-%d") as StartDate, DATE_FORMAT(CheckOutDate, "%Y-%m-%d") as EndDate, `Status`
FROM `reservations`
WHERE `RoomID` = :RoomID:
AND `CheckInDate` <= :CheckInDate:
AND `CheckOutDate` >= :CheckOutDate:', [...], false)
 2 APPPATH\Models\RoomModel.php(66): CodeIgniter\Database\BaseBuilder->get()
 3 APPPATH\Controllers\GuestController.php(133): App\Models\RoomModel->findAvailableRooms('', '', 2, 0)
 4 SYSTEMPATH\CodeIgniter.php(942): App\Controllers\GuestController->getData()
 5 SYSTEMPATH\CodeIgniter.php(502): CodeIgniter\CodeIgniter->runController(Object(App\Controllers\GuestController))
 6 SYSTEMPATH\CodeIgniter.php(361): CodeIgniter\CodeIgniter->handleRequest(null, Object(Config\Cache), false)
 7 FCPATH\index.php(79): CodeIgniter\CodeIgniter->run()
 8 SYSTEMPATH\Commands\Server\rewrite.php(47): require_once('C:\\laragon\\www\\projectmahalta\\public\\index.php')
ERROR - 2024-04-12 21:12:24 --> mysqli_sql_exception: Incorrect DATETIME value: '' in C:\laragon\www\projectmahalta\system\Database\MySQLi\Connection.php:306
Stack trace:
#0 C:\laragon\www\projectmahalta\system\Database\MySQLi\Connection.php(306): mysqli->query('SELECT DATE_FOR...', 0)
#1 C:\laragon\www\projectmahalta\system\Database\BaseConnection.php(693): CodeIgniter\Database\MySQLi\Connection->execute('SELECT DATE_FOR...')
#2 C:\laragon\www\projectmahalta\system\Database\BaseConnection.php(607): CodeIgniter\Database\BaseConnection->simpleQuery('SELECT DATE_FOR...')
#3 C:\laragon\www\projectmahalta\system\Database\BaseBuilder.php(1615): CodeIgniter\Database\BaseConnection->query('SELECT DATE_FOR...', Array, false)
#4 C:\laragon\www\projectmahalta\app\Models\RoomModel.php(66): CodeIgniter\Database\BaseBuilder->get()
#5 C:\laragon\www\projectmahalta\app\Controllers\GuestController.php(133): App\Models\RoomModel->findAvailableRooms('', '', 2, 0)
#6 C:\laragon\www\projectmahalta\system\CodeIgniter.php(942): App\Controllers\GuestController->getData()
#7 C:\laragon\www\projectmahalta\system\CodeIgniter.php(502): CodeIgniter\CodeIgniter->runController(Object(App\Controllers\GuestController))
#8 C:\laragon\www\projectmahalta\system\CodeIgniter.php(361): CodeIgniter\CodeIgniter->handleRequest(NULL, Object(Config\Cache), false)
#9 C:\laragon\www\projectmahalta\public\index.php(79): CodeIgniter\CodeIgniter->run()
#10 C:\laragon\www\projectmahalta\system\Commands\Server\rewrite.php(47): require_once('C:\\laragon\\www\\...')
#11 {main}
CRITICAL - 2024-04-12 21:12:24 --> Incorrect DATETIME value: ''
in SYSTEMPATH\Database\BaseConnection.php on line 647.
 1 SYSTEMPATH\Database\BaseBuilder.php(1615): CodeIgniter\Database\BaseConnection->query('SELECT DATE_FORMAT(CheckInDate, "%Y-%m-%d") as StartDate, DATE_FORMAT(CheckOutDate, "%Y-%m-%d") as EndDate, `Status`
FROM `reservations`
WHERE `RoomID` = :RoomID:
AND `CheckInDate` <= :CheckInDate:
AND `CheckOutDate` >= :CheckOutDate:', [...], false)
 2 APPPATH\Models\RoomModel.php(66): CodeIgniter\Database\BaseBuilder->get()
 3 APPPATH\Controllers\GuestController.php(133): App\Models\RoomModel->findAvailableRooms('', '', 2, 0)
 4 SYSTEMPATH\CodeIgniter.php(942): App\Controllers\GuestController->getData()
 5 SYSTEMPATH\CodeIgniter.php(502): CodeIgniter\CodeIgniter->runController(Object(App\Controllers\GuestController))
 6 SYSTEMPATH\CodeIgniter.php(361): CodeIgniter\CodeIgniter->handleRequest(null, Object(Config\Cache), false)
 7 FCPATH\index.php(79): CodeIgniter\CodeIgniter->run()
 8 SYSTEMPATH\Commands\Server\rewrite.php(47): require_once('C:\\laragon\\www\\projectmahalta\\public\\index.php')
ERROR - 2024-04-12 21:12:24 --> mysqli_sql_exception: Incorrect DATETIME value: '' in C:\laragon\www\projectmahalta\system\Database\MySQLi\Connection.php:306
Stack trace:
#0 C:\laragon\www\projectmahalta\system\Database\MySQLi\Connection.php(306): mysqli->query('SELECT DATE_FOR...', 0)
#1 C:\laragon\www\projectmahalta\system\Database\BaseConnection.php(693): CodeIgniter\Database\MySQLi\Connection->execute('SELECT DATE_FOR...')
#2 C:\laragon\www\projectmahalta\system\Database\BaseConnection.php(607): CodeIgniter\Database\BaseConnection->simpleQuery('SELECT DATE_FOR...')
#3 C:\laragon\www\projectmahalta\system\Database\BaseBuilder.php(1615): CodeIgniter\Database\BaseConnection->query('SELECT DATE_FOR...', Array, false)
#4 C:\laragon\www\projectmahalta\app\Models\RoomModel.php(66): CodeIgniter\Database\BaseBuilder->get()
#5 C:\laragon\www\projectmahalta\app\Controllers\GuestController.php(133): App\Models\RoomModel->findAvailableRooms('', '', 2, 0)
#6 C:\laragon\www\projectmahalta\system\CodeIgniter.php(942): App\Controllers\GuestController->getData()
#7 C:\laragon\www\projectmahalta\system\CodeIgniter.php(502): CodeIgniter\CodeIgniter->runController(Object(App\Controllers\GuestController))
#8 C:\laragon\www\projectmahalta\system\CodeIgniter.php(361): CodeIgniter\CodeIgniter->handleRequest(NULL, Object(Config\Cache), false)
#9 C:\laragon\www\projectmahalta\public\index.php(79): CodeIgniter\CodeIgniter->run()
#10 C:\laragon\www\projectmahalta\system\Commands\Server\rewrite.php(47): require_once('C:\\laragon\\www\\...')
#11 {main}
CRITICAL - 2024-04-12 21:12:24 --> Incorrect DATETIME value: ''
in SYSTEMPATH\Database\BaseConnection.php on line 647.
 1 SYSTEMPATH\Database\BaseBuilder.php(1615): CodeIgniter\Database\BaseConnection->query('SELECT DATE_FORMAT(CheckInDate, "%Y-%m-%d") as StartDate, DATE_FORMAT(CheckOutDate, "%Y-%m-%d") as EndDate, `Status`
FROM `reservations`
WHERE `RoomID` = :RoomID:
AND `CheckInDate` <= :CheckInDate:
AND `CheckOutDate` >= :CheckOutDate:', [...], false)
 2 APPPATH\Models\RoomModel.php(66): CodeIgniter\Database\BaseBuilder->get()
 3 APPPATH\Controllers\GuestController.php(133): App\Models\RoomModel->findAvailableRooms('', '', 2, 0)
 4 SYSTEMPATH\CodeIgniter.php(942): App\Controllers\GuestController->getData()
 5 SYSTEMPATH\CodeIgniter.php(502): CodeIgniter\CodeIgniter->runController(Object(App\Controllers\GuestController))
 6 SYSTEMPATH\CodeIgniter.php(361): CodeIgniter\CodeIgniter->handleRequest(null, Object(Config\Cache), false)
 7 FCPATH\index.php(79): CodeIgniter\CodeIgniter->run()
 8 SYSTEMPATH\Commands\Server\rewrite.php(47): require_once('C:\\laragon\\www\\projectmahalta\\public\\index.php')
CRITICAL - 2024-04-12 21:16:01 --> Undefined variable $reservation
in APPPATH\Views\Hotell\bookroom.php on line 373.
 1 APPPATH\Views\Hotell\bookroom.php(373): CodeIgniter\Debug\Exceptions->errorHandler(2, 'Undefined variable $reservation', 'C:\\laragon\\www\\projectmahalta\\app\\Views\\Hotell\\bookroom.php', 373)
 2 SYSTEMPATH\View\View.php(228): include('C:\\laragon\\www\\projectmahalta\\app\\Views\\Hotell\\bookroom.php')
 3 SYSTEMPATH\View\View.php(231): CodeIgniter\View\View->CodeIgniter\View\{closure}()
 4 SYSTEMPATH\Common.php(1190): CodeIgniter\View\View->render('Hotell/bookroom', [], true)
 5 APPPATH\Controllers\GuestController.php(138): view('Hotell/bookroom', [...])
 6 SYSTEMPATH\CodeIgniter.php(942): App\Controllers\GuestController->getData()
 7 SYSTEMPATH\CodeIgniter.php(502): CodeIgniter\CodeIgniter->runController(Object(App\Controllers\GuestController))
 8 SYSTEMPATH\CodeIgniter.php(361): CodeIgniter\CodeIgniter->handleRequest(null, Object(Config\Cache), false)
 9 FCPATH\index.php(79): CodeIgniter\CodeIgniter->run()
10 SYSTEMPATH\Commands\Server\rewrite.php(47): require_once('C:\\laragon\\www\\projectmahalta\\public\\index.php')
CRITICAL - 2024-04-12 21:17:27 --> Undefined array key "reservationStatus"
in APPPATH\Views\Hotell\bookroom.php on line 373.
 1 APPPATH\Views\Hotell\bookroom.php(373): CodeIgniter\Debug\Exceptions->errorHandler(2, 'Undefined array key "reservationStatus"', 'C:\\laragon\\www\\projectmahalta\\app\\Views\\Hotell\\bookroom.php', 373)
 2 SYSTEMPATH\View\View.php(228): include('C:\\laragon\\www\\projectmahalta\\app\\Views\\Hotell\\bookroom.php')
 3 SYSTEMPATH\View\View.php(231): CodeIgniter\View\View->CodeIgniter\View\{closure}()
 4 SYSTEMPATH\Common.php(1190): CodeIgniter\View\View->render('Hotell/bookroom', [], true)
 5 APPPATH\Controllers\GuestController.php(138): view('Hotell/bookroom', [...])
 6 SYSTEMPATH\CodeIgniter.php(942): App\Controllers\GuestController->getData()
 7 SYSTEMPATH\CodeIgniter.php(502): CodeIgniter\CodeIgniter->runController(Object(App\Controllers\GuestController))
 8 SYSTEMPATH\CodeIgniter.php(361): CodeIgniter\CodeIgniter->handleRequest(null, Object(Config\Cache), false)
 9 FCPATH\index.php(79): CodeIgniter\CodeIgniter->run()
10 SYSTEMPATH\Commands\Server\rewrite.php(47): require_once('C:\\laragon\\www\\projectmahalta\\public\\index.php')
CRITICAL - 2024-04-12 21:17:29 --> Undefined array key "reservationStatus"
in APPPATH\Views\Hotell\bookroom.php on line 373.
 1 APPPATH\Views\Hotell\bookroom.php(373): CodeIgniter\Debug\Exceptions->errorHandler(2, 'Undefined array key "reservationStatus"', 'C:\\laragon\\www\\projectmahalta\\app\\Views\\Hotell\\bookroom.php', 373)
 2 SYSTEMPATH\View\View.php(228): include('C:\\laragon\\www\\projectmahalta\\app\\Views\\Hotell\\bookroom.php')
 3 SYSTEMPATH\View\View.php(231): CodeIgniter\View\View->CodeIgniter\View\{closure}()
 4 SYSTEMPATH\Common.php(1190): CodeIgniter\View\View->render('Hotell/bookroom', [], true)
 5 APPPATH\Controllers\GuestController.php(138): view('Hotell/bookroom', [...])
 6 SYSTEMPATH\CodeIgniter.php(942): App\Controllers\GuestController->getData()
 7 SYSTEMPATH\CodeIgniter.php(502): CodeIgniter\CodeIgniter->runController(Object(App\Controllers\GuestController))
 8 SYSTEMPATH\CodeIgniter.php(361): CodeIgniter\CodeIgniter->handleRequest(null, Object(Config\Cache), false)
 9 FCPATH\index.php(79): CodeIgniter\CodeIgniter->run()
10 SYSTEMPATH\Commands\Server\rewrite.php(47): require_once('C:\\laragon\\www\\projectmahalta\\public\\index.php')
CRITICAL - 2024-04-12 21:17:29 --> Undefined array key "reservationStatus"
in APPPATH\Views\Hotell\bookroom.php on line 373.
 1 APPPATH\Views\Hotell\bookroom.php(373): CodeIgniter\Debug\Exceptions->errorHandler(2, 'Undefined array key "reservationStatus"', 'C:\\laragon\\www\\projectmahalta\\app\\Views\\Hotell\\bookroom.php', 373)
 2 SYSTEMPATH\View\View.php(228): include('C:\\laragon\\www\\projectmahalta\\app\\Views\\Hotell\\bookroom.php')
 3 SYSTEMPATH\View\View.php(231): CodeIgniter\View\View->CodeIgniter\View\{closure}()
 4 SYSTEMPATH\Common.php(1190): CodeIgniter\View\View->render('Hotell/bookroom', [], true)
 5 APPPATH\Controllers\GuestController.php(138): view('Hotell/bookroom', [...])
 6 SYSTEMPATH\CodeIgniter.php(942): App\Controllers\GuestController->getData()
 7 SYSTEMPATH\CodeIgniter.php(502): CodeIgniter\CodeIgniter->runController(Object(App\Controllers\GuestController))
 8 SYSTEMPATH\CodeIgniter.php(361): CodeIgniter\CodeIgniter->handleRequest(null, Object(Config\Cache), false)
 9 FCPATH\index.php(79): CodeIgniter\CodeIgniter->run()
10 SYSTEMPATH\Commands\Server\rewrite.php(47): require_once('C:\\laragon\\www\\projectmahalta\\public\\index.php')
CRITICAL - 2024-04-12 21:18:37 --> Undefined array key "status"
in APPPATH\Models\RoomModel.php on line 86.
 1 APPPATH\Models\RoomModel.php(86): CodeIgniter\Debug\Exceptions->errorHandler(2, 'Undefined array key "status"', 'C:\\laragon\\www\\projectmahalta\\app\\Models\\RoomModel.php', 86)
 2 APPPATH\Controllers\GuestController.php(133): App\Models\RoomModel->findAvailableRooms('', '', 2, 0)
 3 SYSTEMPATH\CodeIgniter.php(942): App\Controllers\GuestController->getData()
 4 SYSTEMPATH\CodeIgniter.php(502): CodeIgniter\CodeIgniter->runController(Object(App\Controllers\GuestController))
 5 SYSTEMPATH\CodeIgniter.php(361): CodeIgniter\CodeIgniter->handleRequest(null, Object(Config\Cache), false)
 6 FCPATH\index.php(79): CodeIgniter\CodeIgniter->run()
 7 SYSTEMPATH\Commands\Server\rewrite.php(47): require_once('C:\\laragon\\www\\projectmahalta\\public\\index.php')
