ERROR - 2024-04-14 05:53:07 --> mysqli_sql_exception: Unknown column 'Confirm' in 'where clause' in C:\laragon\www\projectmahalta\system\Database\MySQLi\Connection.php:306
Stack trace:
#0 C:\laragon\www\projectmahalta\system\Database\MySQLi\Connection.php(306): mysqli->query('SELECT reservat...', 0)
#1 C:\laragon\www\projectmahalta\system\Database\BaseConnection.php(693): CodeIgniter\Database\MySQLi\Connection->execute('SELECT reservat...')
#2 C:\laragon\www\projectmahalta\system\Database\BaseConnection.php(607): CodeIgniter\Database\BaseConnection->simpleQuery('SELECT reservat...')
#3 C:\laragon\www\projectmahalta\system\Database\BaseBuilder.php(1615): CodeIgniter\Database\BaseConnection->query('SELECT reservat...', Array, false)
#4 C:\laragon\www\projectmahalta\system\Model.php(237): CodeIgniter\Database\BaseBuilder->get()
#5 C:\laragon\www\projectmahalta\system\BaseModel.php(624): CodeIgniter\Model->doFindAll(0, 0)
#6 C:\laragon\www\projectmahalta\app\Controllers\AdminController.php(185): CodeIgniter\BaseModel->findAll()
#7 C:\laragon\www\projectmahalta\system\CodeIgniter.php(942): App\Controllers\AdminController->dashboard()
#8 C:\laragon\www\projectmahalta\system\CodeIgniter.php(502): CodeIgniter\CodeIgniter->runController(Object(App\Controllers\AdminController))
#9 C:\laragon\www\projectmahalta\system\CodeIgniter.php(361): CodeIgniter\CodeIgniter->handleRequest(NULL, Object(Config\Cache), false)
#10 C:\laragon\www\projectmahalta\public\index.php(79): CodeIgniter\CodeIgniter->run()
#11 C:\laragon\www\projectmahalta\system\Commands\Server\rewrite.php(47): require_once('C:\\laragon\\www\\...')
#12 {main}
CRITICAL - 2024-04-14 05:53:07 --> Unknown column 'Confirm' in 'where clause'
in SYSTEMPATH\Database\BaseConnection.php on line 647.
 1 SYSTEMPATH\Database\BaseBuilder.php(1615): CodeIgniter\Database\BaseConnection->query('SELECT reservations.ReservationID, rooms.RoomID, rooms.RoomNumber, rooms.RoomType, reservations.CheckInDate, reservations.CheckOutDate, reservations.NumberOfGuests, reservations.ReferenceNumber, reservations.TotalAmount, reservations.Status, users.UserID, users.FirstName, users.LastName, users.ContactNumber, CONCAT(users.Region, ", ", users.Province, ", ", users.City, ", ", users.Barangay) as Address, reservations.UserID
FROM `reservations`
JOIN `rooms` ON `reservations`.`RoomID` = `rooms`.`RoomID`
JOIN `users` ON `reservations`.`UserID` = `users`.`UserID`
WHERE `reservations`.`Status` = Confirm', [], false)
 2 SYSTEMPATH\Model.php(237): CodeIgniter\Database\BaseBuilder->get()
 3 SYSTEMPATH\BaseModel.php(624): CodeIgniter\Model->doFindAll(0, 0)
 4 APPPATH\Controllers\AdminController.php(185): CodeIgniter\BaseModel->findAll()
 5 SYSTEMPATH\CodeIgniter.php(942): App\Controllers\AdminController->dashboard()
 6 SYSTEMPATH\CodeIgniter.php(502): CodeIgniter\CodeIgniter->runController(Object(App\Controllers\AdminController))
 7 SYSTEMPATH\CodeIgniter.php(361): CodeIgniter\CodeIgniter->handleRequest(null, Object(Config\Cache), false)
 8 FCPATH\index.php(79): CodeIgniter\CodeIgniter->run()
 9 SYSTEMPATH\Commands\Server\rewrite.php(47): require_once('C:\\laragon\\www\\projectmahalta\\public\\index.php')
CRITICAL - 2024-04-14 07:17:22 --> Undefined array key "RoomName"
in APPPATH\Controllers\GuestController.php on line 625.
 1 APPPATH\Controllers\GuestController.php(625): CodeIgniter\Debug\Exceptions->errorHandler(2, 'Undefined array key "RoomName"', 'C:\\laragon\\www\\projectmahalta\\app\\Controllers\\GuestController.php', 625)
 2 APPPATH\Controllers\GuestController.php(587): App\Controllers\GuestController->prepareEmailMessage([...], [...], [...], [...])
 3 SYSTEMPATH\CodeIgniter.php(942): App\Controllers\GuestController->addReservation()
 4 SYSTEMPATH\CodeIgniter.php(502): CodeIgniter\CodeIgniter->runController(Object(App\Controllers\GuestController))
 5 SYSTEMPATH\CodeIgniter.php(361): CodeIgniter\CodeIgniter->handleRequest(null, Object(Config\Cache), false)
 6 FCPATH\index.php(79): CodeIgniter\CodeIgniter->run()
 7 SYSTEMPATH\Commands\Server\rewrite.php(47): require_once('C:\\laragon\\www\\projectmahalta\\public\\index.php')
CRITICAL - 2024-04-14 07:18:02 --> Undefined array key "Price"
in APPPATH\Controllers\GuestController.php on line 626.
 1 APPPATH\Controllers\GuestController.php(626): CodeIgniter\Debug\Exceptions->errorHandler(2, 'Undefined array key "Price"', 'C:\\laragon\\www\\projectmahalta\\app\\Controllers\\GuestController.php', 626)
 2 APPPATH\Controllers\GuestController.php(587): App\Controllers\GuestController->prepareEmailMessage([...], [...], [...], [...])
 3 SYSTEMPATH\CodeIgniter.php(942): App\Controllers\GuestController->addReservation()
 4 SYSTEMPATH\CodeIgniter.php(502): CodeIgniter\CodeIgniter->runController(Object(App\Controllers\GuestController))
 5 SYSTEMPATH\CodeIgniter.php(361): CodeIgniter\CodeIgniter->handleRequest(null, Object(Config\Cache), false)
 6 FCPATH\index.php(79): CodeIgniter\CodeIgniter->run()
 7 SYSTEMPATH\Commands\Server\rewrite.php(47): require_once('C:\\laragon\\www\\projectmahalta\\public\\index.php')
CRITICAL - 2024-04-14 07:18:39 --> Undefined array key "AmenityName"
in APPPATH\Controllers\GuestController.php on line 637.
 1 APPPATH\Controllers\GuestController.php(637): CodeIgniter\Debug\Exceptions->errorHandler(2, 'Undefined array key "AmenityName"', 'C:\\laragon\\www\\projectmahalta\\app\\Controllers\\GuestController.php', 637)
 2 APPPATH\Controllers\GuestController.php(587): App\Controllers\GuestController->prepareEmailMessage([...], [...], [...], [...])
 3 SYSTEMPATH\CodeIgniter.php(942): App\Controllers\GuestController->addReservation()
 4 SYSTEMPATH\CodeIgniter.php(502): CodeIgniter\CodeIgniter->runController(Object(App\Controllers\GuestController))
 5 SYSTEMPATH\CodeIgniter.php(361): CodeIgniter\CodeIgniter->handleRequest(null, Object(Config\Cache), false)
 6 FCPATH\index.php(79): CodeIgniter\CodeIgniter->run()
 7 SYSTEMPATH\Commands\Server\rewrite.php(47): require_once('C:\\laragon\\www\\projectmahalta\\public\\index.php')
CRITICAL - 2024-04-14 07:50:05 --> Undefined array key "UniqueID"
in APPPATH\Views\Hotell\index.php on line 364.
 1 APPPATH\Views\Hotell\index.php(364): CodeIgniter\Debug\Exceptions->errorHandler(2, 'Undefined array key "UniqueID"', 'C:\\laragon\\www\\projectmahalta\\app\\Views\\Hotell\\index.php', 364)
 2 SYSTEMPATH\View\View.php(228): include('C:\\laragon\\www\\projectmahalta\\app\\Views\\Hotell\\index.php')
 3 SYSTEMPATH\View\View.php(231): CodeIgniter\View\View->CodeIgniter\View\{closure}()
 4 SYSTEMPATH\Common.php(1190): CodeIgniter\View\View->render('Hotell\\index', [], true)
 5 APPPATH\Controllers\GuestController.php(90): view('Hotell\\index', [...])
 6 SYSTEMPATH\CodeIgniter.php(942): App\Controllers\GuestController->home()
 7 SYSTEMPATH\CodeIgniter.php(502): CodeIgniter\CodeIgniter->runController(Object(App\Controllers\GuestController))
 8 SYSTEMPATH\CodeIgniter.php(361): CodeIgniter\CodeIgniter->handleRequest(null, Object(Config\Cache), false)
 9 FCPATH\index.php(79): CodeIgniter\CodeIgniter->run()
10 SYSTEMPATH\Commands\Server\rewrite.php(47): require_once('C:\\laragon\\www\\projectmahalta\\public\\index.php')
CRITICAL - 2024-04-14 07:50:49 --> Undefined array key "CreatedAt"
in APPPATH\Views\Hotell\index.php on line 368.
 1 APPPATH\Views\Hotell\index.php(368): CodeIgniter\Debug\Exceptions->errorHandler(2, 'Undefined array key "CreatedAt"', 'C:\\laragon\\www\\projectmahalta\\app\\Views\\Hotell\\index.php', 368)
 2 SYSTEMPATH\View\View.php(228): include('C:\\laragon\\www\\projectmahalta\\app\\Views\\Hotell\\index.php')
 3 SYSTEMPATH\View\View.php(231): CodeIgniter\View\View->CodeIgniter\View\{closure}()
 4 SYSTEMPATH\Common.php(1190): CodeIgniter\View\View->render('Hotell\\index', [], true)
 5 APPPATH\Controllers\GuestController.php(90): view('Hotell\\index', [...])
 6 SYSTEMPATH\CodeIgniter.php(942): App\Controllers\GuestController->home()
 7 SYSTEMPATH\CodeIgniter.php(502): CodeIgniter\CodeIgniter->runController(Object(App\Controllers\GuestController))
 8 SYSTEMPATH\CodeIgniter.php(361): CodeIgniter\CodeIgniter->handleRequest(null, Object(Config\Cache), false)
 9 FCPATH\index.php(79): CodeIgniter\CodeIgniter->run()
10 SYSTEMPATH\Commands\Server\rewrite.php(47): require_once('C:\\laragon\\www\\projectmahalta\\public\\index.php')
CRITICAL - 2024-04-14 07:50:58 --> Undefined array key "created_at"
in APPPATH\Views\Hotell\index.php on line 368.
 1 APPPATH\Views\Hotell\index.php(368): CodeIgniter\Debug\Exceptions->errorHandler(2, 'Undefined array key "created_at"', 'C:\\laragon\\www\\projectmahalta\\app\\Views\\Hotell\\index.php', 368)
 2 SYSTEMPATH\View\View.php(228): include('C:\\laragon\\www\\projectmahalta\\app\\Views\\Hotell\\index.php')
 3 SYSTEMPATH\View\View.php(231): CodeIgniter\View\View->CodeIgniter\View\{closure}()
 4 SYSTEMPATH\Common.php(1190): CodeIgniter\View\View->render('Hotell\\index', [], true)
 5 APPPATH\Controllers\GuestController.php(90): view('Hotell\\index', [...])
 6 SYSTEMPATH\CodeIgniter.php(942): App\Controllers\GuestController->home()
 7 SYSTEMPATH\CodeIgniter.php(502): CodeIgniter\CodeIgniter->runController(Object(App\Controllers\GuestController))
 8 SYSTEMPATH\CodeIgniter.php(361): CodeIgniter\CodeIgniter->handleRequest(null, Object(Config\Cache), false)
 9 FCPATH\index.php(79): CodeIgniter\CodeIgniter->run()
10 SYSTEMPATH\Commands\Server\rewrite.php(47): require_once('C:\\laragon\\www\\projectmahalta\\public\\index.php')
CRITICAL - 2024-04-14 07:50:59 --> Undefined array key "created_at"
in APPPATH\Views\Hotell\index.php on line 368.
 1 APPPATH\Views\Hotell\index.php(368): CodeIgniter\Debug\Exceptions->errorHandler(2, 'Undefined array key "created_at"', 'C:\\laragon\\www\\projectmahalta\\app\\Views\\Hotell\\index.php', 368)
 2 SYSTEMPATH\View\View.php(228): include('C:\\laragon\\www\\projectmahalta\\app\\Views\\Hotell\\index.php')
 3 SYSTEMPATH\View\View.php(231): CodeIgniter\View\View->CodeIgniter\View\{closure}()
 4 SYSTEMPATH\Common.php(1190): CodeIgniter\View\View->render('Hotell\\index', [], true)
 5 APPPATH\Controllers\GuestController.php(90): view('Hotell\\index', [...])
 6 SYSTEMPATH\CodeIgniter.php(942): App\Controllers\GuestController->home()
 7 SYSTEMPATH\CodeIgniter.php(502): CodeIgniter\CodeIgniter->runController(Object(App\Controllers\GuestController))
 8 SYSTEMPATH\CodeIgniter.php(361): CodeIgniter\CodeIgniter->handleRequest(null, Object(Config\Cache), false)
 9 FCPATH\index.php(79): CodeIgniter\CodeIgniter->run()
10 SYSTEMPATH\Commands\Server\rewrite.php(47): require_once('C:\\laragon\\www\\projectmahalta\\public\\index.php')
