ERROR - 2024-04-15 00:01:23 --> mysqli_sql_exception: Unknown column 'convention.conVenueID' in 'where clause' in C:\laragon\www\projectmahalta\system\Database\MySQLi\Connection.php:306
Stack trace:
#0 C:\laragon\www\projectmahalta\system\Database\MySQLi\Connection.php(306): mysqli->query('SELECT `UserID`...', 0)
#1 C:\laragon\www\projectmahalta\system\Database\BaseConnection.php(693): CodeIgniter\Database\MySQLi\Connection->execute('SELECT `UserID`...')
#2 C:\laragon\www\projectmahalta\system\Database\BaseConnection.php(607): CodeIgniter\Database\BaseConnection->simpleQuery('SELECT `UserID`...')
#3 C:\laragon\www\projectmahalta\system\Database\BaseBuilder.php(1615): CodeIgniter\Database\BaseConnection->query('SELECT `UserID`...', Array, false)
#4 C:\laragon\www\projectmahalta\system\Model.php(871): CodeIgniter\Database\BaseBuilder->get()
#5 C:\laragon\www\projectmahalta\app\Controllers\GuestController.php(879): CodeIgniter\Model->__call('get', Array)
#6 C:\laragon\www\projectmahalta\app\Controllers\GuestController.php(863): App\Controllers\GuestController->sendReservationReminders()
#7 C:\laragon\www\projectmahalta\system\CodeIgniter.php(942): App\Controllers\GuestController->getconvenuedirectInformation()
#8 C:\laragon\www\projectmahalta\system\CodeIgniter.php(502): CodeIgniter\CodeIgniter->runController(Object(App\Controllers\GuestController))
#9 C:\laragon\www\projectmahalta\system\CodeIgniter.php(361): CodeIgniter\CodeIgniter->handleRequest(NULL, Object(Config\Cache), false)
#10 C:\laragon\www\projectmahalta\public\index.php(79): CodeIgniter\CodeIgniter->run()
#11 C:\laragon\www\projectmahalta\system\Commands\Server\rewrite.php(47): require_once('C:\\laragon\\www\\...')
#12 {main}
CRITICAL - 2024-04-15 00:01:23 --> Unknown column 'convention.conVenueID' in 'where clause'
in SYSTEMPATH\Database\BaseConnection.php on line 647.
 1 SYSTEMPATH\Database\BaseBuilder.php(1615): CodeIgniter\Database\BaseConnection->query('SELECT `UserID`, `CheckInDate`, `ReferenceNumber`
FROM `reservations`
WHERE `convention`.`conVenueID` = :convention.conVenueID:
AND `CheckInDate` = :CheckInDate:', [...], false)
 2 SYSTEMPATH\Model.php(871): CodeIgniter\Database\BaseBuilder->get()
 3 APPPATH\Controllers\GuestController.php(879): CodeIgniter\Model->__call('get', [])
 4 APPPATH\Controllers\GuestController.php(863): App\Controllers\GuestController->sendReservationReminders()
 5 SYSTEMPATH\CodeIgniter.php(942): App\Controllers\GuestController->getconvenuedirectInformation()
 6 SYSTEMPATH\CodeIgniter.php(502): CodeIgniter\CodeIgniter->runController(Object(App\Controllers\GuestController))
 7 SYSTEMPATH\CodeIgniter.php(361): CodeIgniter\CodeIgniter->handleRequest(null, Object(Config\Cache), false)
 8 FCPATH\index.php(79): CodeIgniter\CodeIgniter->run()
 9 SYSTEMPATH\Commands\Server\rewrite.php(47): require_once('C:\\laragon\\www\\projectmahalta\\public\\index.php')
ERROR - 2024-04-15 00:01:49 --> mysqli_sql_exception: Unknown column 'convention.conVenueID' in 'field list' in C:\laragon\www\projectmahalta\system\Database\MySQLi\Connection.php:306
Stack trace:
#0 C:\laragon\www\projectmahalta\system\Database\MySQLi\Connection.php(306): mysqli->query('SELECT `UserID`...', 0)
#1 C:\laragon\www\projectmahalta\system\Database\BaseConnection.php(693): CodeIgniter\Database\MySQLi\Connection->execute('SELECT `UserID`...')
#2 C:\laragon\www\projectmahalta\system\Database\BaseConnection.php(607): CodeIgniter\Database\BaseConnection->simpleQuery('SELECT `UserID`...')
#3 C:\laragon\www\projectmahalta\system\Database\BaseBuilder.php(1615): CodeIgniter\Database\BaseConnection->query('SELECT `UserID`...', Array, false)
#4 C:\laragon\www\projectmahalta\system\Model.php(871): CodeIgniter\Database\BaseBuilder->get()
#5 C:\laragon\www\projectmahalta\app\Controllers\GuestController.php(879): CodeIgniter\Model->__call('get', Array)
#6 C:\laragon\www\projectmahalta\app\Controllers\GuestController.php(863): App\Controllers\GuestController->sendReservationReminders()
#7 C:\laragon\www\projectmahalta\system\CodeIgniter.php(942): App\Controllers\GuestController->getconvenuedirectInformation()
#8 C:\laragon\www\projectmahalta\system\CodeIgniter.php(502): CodeIgniter\CodeIgniter->runController(Object(App\Controllers\GuestController))
#9 C:\laragon\www\projectmahalta\system\CodeIgniter.php(361): CodeIgniter\CodeIgniter->handleRequest(NULL, Object(Config\Cache), false)
#10 C:\laragon\www\projectmahalta\public\index.php(79): CodeIgniter\CodeIgniter->run()
#11 C:\laragon\www\projectmahalta\system\Commands\Server\rewrite.php(47): require_once('C:\\laragon\\www\\...')
#12 {main}
CRITICAL - 2024-04-15 00:01:49 --> Unknown column 'convention.conVenueID' in 'field list'
in SYSTEMPATH\Database\BaseConnection.php on line 647.
 1 SYSTEMPATH\Database\BaseBuilder.php(1615): CodeIgniter\Database\BaseConnection->query('SELECT `UserID`, `CheckInDate`, `ReferenceNumber`, `convention`.`conVenueID`
FROM `reservations`
WHERE `convention`.`conVenueID` = :convention.conVenueID:
AND `CheckInDate` = :CheckInDate:', [...], false)
 2 SYSTEMPATH\Model.php(871): CodeIgniter\Database\BaseBuilder->get()
 3 APPPATH\Controllers\GuestController.php(879): CodeIgniter\Model->__call('get', [])
 4 APPPATH\Controllers\GuestController.php(863): App\Controllers\GuestController->sendReservationReminders()
 5 SYSTEMPATH\CodeIgniter.php(942): App\Controllers\GuestController->getconvenuedirectInformation()
 6 SYSTEMPATH\CodeIgniter.php(502): CodeIgniter\CodeIgniter->runController(Object(App\Controllers\GuestController))
 7 SYSTEMPATH\CodeIgniter.php(361): CodeIgniter\CodeIgniter->handleRequest(null, Object(Config\Cache), false)
 8 FCPATH\index.php(79): CodeIgniter\CodeIgniter->run()
 9 SYSTEMPATH\Commands\Server\rewrite.php(47): require_once('C:\\laragon\\www\\projectmahalta\\public\\index.php')
CRITICAL - 2024-04-15 05:14:47 --> Undefined array key "ArrivalDate"
in APPPATH\Controllers\AdminController.php on line 691.
 1 APPPATH\Controllers\AdminController.php(691): CodeIgniter\Debug\Exceptions->errorHandler(2, 'Undefined array key "ArrivalDate"', 'C:\\laragon\\www\\projectmahalta\\app\\Controllers\\AdminController.php', 691)
 2 SYSTEMPATH\CodeIgniter.php(942): App\Controllers\AdminController->updateResStatus('Confirm', '152')
 3 SYSTEMPATH\CodeIgniter.php(502): CodeIgniter\CodeIgniter->runController(Object(App\Controllers\AdminController))
 4 SYSTEMPATH\CodeIgniter.php(361): CodeIgniter\CodeIgniter->handleRequest(null, Object(Config\Cache), false)
 5 FCPATH\index.php(79): CodeIgniter\CodeIgniter->run()
 6 SYSTEMPATH\Commands\Server\rewrite.php(47): require_once('C:\\laragon\\www\\projectmahalta\\public\\index.php')
CRITICAL - 2024-04-15 06:27:39 --> Undefined variable $message
in APPPATH\Views\Hotell\index.php on line 357.
 1 APPPATH\Views\Hotell\index.php(357): CodeIgniter\Debug\Exceptions->errorHandler(2, 'Undefined variable $message', 'C:\\laragon\\www\\projectmahalta\\app\\Views\\Hotell\\index.php', 357)
 2 SYSTEMPATH\View\View.php(228): include('C:\\laragon\\www\\projectmahalta\\app\\Views\\Hotell\\index.php')
 3 SYSTEMPATH\View\View.php(231): CodeIgniter\View\View->CodeIgniter\View\{closure}()
 4 SYSTEMPATH\Common.php(1190): CodeIgniter\View\View->render('Hotell\\index', [], true)
 5 APPPATH\Controllers\GuestController.php(90): view('Hotell\\index', [...])
 6 SYSTEMPATH\CodeIgniter.php(942): App\Controllers\GuestController->home()
 7 SYSTEMPATH\CodeIgniter.php(502): CodeIgniter\CodeIgniter->runController(Object(App\Controllers\GuestController))
 8 SYSTEMPATH\CodeIgniter.php(361): CodeIgniter\CodeIgniter->handleRequest(null, Object(Config\Cache), false)
 9 FCPATH\index.php(79): CodeIgniter\CodeIgniter->run()
10 SYSTEMPATH\Commands\Server\rewrite.php(47): require_once('C:\\laragon\\www\\projectmahalta\\public\\index.php')
CRITICAL - 2024-04-15 06:28:28 --> Undefined array key "created_at"
in APPPATH\Views\Hotell\index.php on line 353.
 1 APPPATH\Views\Hotell\index.php(353): CodeIgniter\Debug\Exceptions->errorHandler(2, 'Undefined array key "created_at"', 'C:\\laragon\\www\\projectmahalta\\app\\Views\\Hotell\\index.php', 353)
 2 SYSTEMPATH\View\View.php(228): include('C:\\laragon\\www\\projectmahalta\\app\\Views\\Hotell\\index.php')
 3 SYSTEMPATH\View\View.php(231): CodeIgniter\View\View->CodeIgniter\View\{closure}()
 4 SYSTEMPATH\Common.php(1190): CodeIgniter\View\View->render('Hotell\\index', [], true)
 5 APPPATH\Controllers\GuestController.php(90): view('Hotell\\index', [...])
 6 SYSTEMPATH\CodeIgniter.php(942): App\Controllers\GuestController->home()
 7 SYSTEMPATH\CodeIgniter.php(502): CodeIgniter\CodeIgniter->runController(Object(App\Controllers\GuestController))
 8 SYSTEMPATH\CodeIgniter.php(361): CodeIgniter\CodeIgniter->handleRequest(null, Object(Config\Cache), false)
 9 FCPATH\index.php(79): CodeIgniter\CodeIgniter->run()
10 SYSTEMPATH\Commands\Server\rewrite.php(47): require_once('C:\\laragon\\www\\projectmahalta\\public\\index.php')
CRITICAL - 2024-04-15 06:30:23 --> Undefined variable $created_at
in APPPATH\Views\Hotell\index.php on line 362.
 1 APPPATH\Views\Hotell\index.php(362): CodeIgniter\Debug\Exceptions->errorHandler(2, 'Undefined variable $created_at', 'C:\\laragon\\www\\projectmahalta\\app\\Views\\Hotell\\index.php', 362)
 2 SYSTEMPATH\View\View.php(228): include('C:\\laragon\\www\\projectmahalta\\app\\Views\\Hotell\\index.php')
 3 SYSTEMPATH\View\View.php(231): CodeIgniter\View\View->CodeIgniter\View\{closure}()
 4 SYSTEMPATH\Common.php(1190): CodeIgniter\View\View->render('Hotell\\index', [], true)
 5 APPPATH\Controllers\GuestController.php(90): view('Hotell\\index', [...])
 6 SYSTEMPATH\CodeIgniter.php(942): App\Controllers\GuestController->home()
 7 SYSTEMPATH\CodeIgniter.php(502): CodeIgniter\CodeIgniter->runController(Object(App\Controllers\GuestController))
 8 SYSTEMPATH\CodeIgniter.php(361): CodeIgniter\CodeIgniter->handleRequest(null, Object(Config\Cache), false)
 9 FCPATH\index.php(79): CodeIgniter\CodeIgniter->run()
10 SYSTEMPATH\Commands\Server\rewrite.php(47): require_once('C:\\laragon\\www\\projectmahalta\\public\\index.php')
CRITICAL - 2024-04-15 06:31:17 --> Undefined array key "CreatedAt"
in APPPATH\Views\Hotell\index.php on line 340.
 1 APPPATH\Views\Hotell\index.php(340): CodeIgniter\Debug\Exceptions->errorHandler(2, 'Undefined array key "CreatedAt"', 'C:\\laragon\\www\\projectmahalta\\app\\Views\\Hotell\\index.php', 340)
 2 SYSTEMPATH\View\View.php(228): include('C:\\laragon\\www\\projectmahalta\\app\\Views\\Hotell\\index.php')
 3 SYSTEMPATH\View\View.php(231): CodeIgniter\View\View->CodeIgniter\View\{closure}()
 4 SYSTEMPATH\Common.php(1190): CodeIgniter\View\View->render('Hotell\\index', [], true)
 5 APPPATH\Controllers\GuestController.php(90): view('Hotell\\index', [...])
 6 SYSTEMPATH\CodeIgniter.php(942): App\Controllers\GuestController->home()
 7 SYSTEMPATH\CodeIgniter.php(502): CodeIgniter\CodeIgniter->runController(Object(App\Controllers\GuestController))
 8 SYSTEMPATH\CodeIgniter.php(361): CodeIgniter\CodeIgniter->handleRequest(null, Object(Config\Cache), false)
 9 FCPATH\index.php(79): CodeIgniter\CodeIgniter->run()
10 SYSTEMPATH\Commands\Server\rewrite.php(47): require_once('C:\\laragon\\www\\projectmahalta\\public\\index.php')
