ERROR - 2024-03-21 13:03:18 --> mysqli_sql_exception: Table 'caps.restaurant_dining_tables' doesn't exist in C:\laragon\www\projectmahalta\system\Database\MySQLi\Connection.php:306
Stack trace:
#0 C:\laragon\www\projectmahalta\system\Database\MySQLi\Connection.php(306): mysqli->query('SELECT *\nFROM `...', 0)
#1 C:\laragon\www\projectmahalta\system\Database\BaseConnection.php(693): CodeIgniter\Database\MySQLi\Connection->execute('SELECT *\nFROM `...')
#2 C:\laragon\www\projectmahalta\system\Database\BaseConnection.php(607): CodeIgniter\Database\BaseConnection->simpleQuery('SELECT *\nFROM `...')
#3 C:\laragon\www\projectmahalta\system\Database\BaseBuilder.php(1615): CodeIgniter\Database\BaseConnection->query('SELECT *\nFROM `...', Array, false)
#4 C:\laragon\www\projectmahalta\system\Model.php(237): CodeIgniter\Database\BaseBuilder->get()
#5 C:\laragon\www\projectmahalta\system\BaseModel.php(624): CodeIgniter\Model->doFindAll(0, 0)
#6 C:\laragon\www\projectmahalta\app\Controllers\StaffController.php(587): CodeIgniter\BaseModel->findAll()
#7 C:\laragon\www\projectmahalta\system\CodeIgniter.php(942): App\Controllers\StaffController->resTable()
#8 C:\laragon\www\projectmahalta\system\CodeIgniter.php(502): CodeIgniter\CodeIgniter->runController(Object(App\Controllers\StaffController))
#9 C:\laragon\www\projectmahalta\system\CodeIgniter.php(361): CodeIgniter\CodeIgniter->handleRequest(NULL, Object(Config\Cache), false)
#10 C:\laragon\www\projectmahalta\public\index.php(79): CodeIgniter\CodeIgniter->run()
#11 C:\laragon\www\projectmahalta\system\Commands\Server\rewrite.php(47): require_once('C:\\laragon\\www\\...')
#12 {main}
CRITICAL - 2024-03-21 13:03:18 --> Table 'caps.restaurant_dining_tables' doesn't exist
in SYSTEMPATH\Database\BaseConnection.php on line 647.
 1 SYSTEMPATH\Database\BaseBuilder.php(1615): CodeIgniter\Database\BaseConnection->query('SELECT *
FROM `restaurant_dining_tables`', [], false)
 2 SYSTEMPATH\Model.php(237): CodeIgniter\Database\BaseBuilder->get()
 3 SYSTEMPATH\BaseModel.php(624): CodeIgniter\Model->doFindAll(0, 0)
 4 APPPATH\Controllers\StaffController.php(587): CodeIgniter\BaseModel->findAll()
 5 SYSTEMPATH\CodeIgniter.php(942): App\Controllers\StaffController->resTable()
 6 SYSTEMPATH\CodeIgniter.php(502): CodeIgniter\CodeIgniter->runController(Object(App\Controllers\StaffController))
 7 SYSTEMPATH\CodeIgniter.php(361): CodeIgniter\CodeIgniter->handleRequest(null, Object(Config\Cache), false)
 8 FCPATH\index.php(79): CodeIgniter\CodeIgniter->run()
 9 SYSTEMPATH\Commands\Server\rewrite.php(47): require_once('C:\\laragon\\www\\projectmahalta\\public\\index.php')
ERROR - 2024-03-21 13:04:10 --> mysqli_sql_exception: Table 'caps.restaurant_dining_tables' doesn't exist in C:\laragon\www\projectmahalta\system\Database\MySQLi\Connection.php:306
Stack trace:
#0 C:\laragon\www\projectmahalta\system\Database\MySQLi\Connection.php(306): mysqli->query('SELECT `reserva...', 0)
#1 C:\laragon\www\projectmahalta\system\Database\BaseConnection.php(693): CodeIgniter\Database\MySQLi\Connection->execute('SELECT `reserva...')
#2 C:\laragon\www\projectmahalta\system\Database\BaseConnection.php(607): CodeIgniter\Database\BaseConnection->simpleQuery('SELECT `reserva...')
#3 C:\laragon\www\projectmahalta\system\Database\BaseBuilder.php(1615): CodeIgniter\Database\BaseConnection->query('SELECT `reserva...', Array, false)
#4 C:\laragon\www\projectmahalta\system\Model.php(237): CodeIgniter\Database\BaseBuilder->get()
#5 C:\laragon\www\projectmahalta\system\BaseModel.php(624): CodeIgniter\Model->doFindAll(0, 0)
#6 C:\laragon\www\projectmahalta\app\Controllers\StaffController.php(457): CodeIgniter\BaseModel->findAll()
#7 C:\laragon\www\projectmahalta\system\CodeIgniter.php(942): App\Controllers\StaffController->resReservation()
#8 C:\laragon\www\projectmahalta\system\CodeIgniter.php(502): CodeIgniter\CodeIgniter->runController(Object(App\Controllers\StaffController))
#9 C:\laragon\www\projectmahalta\system\CodeIgniter.php(361): CodeIgniter\CodeIgniter->handleRequest(NULL, Object(Config\Cache), false)
#10 C:\laragon\www\projectmahalta\public\index.php(79): CodeIgniter\CodeIgniter->run()
#11 C:\laragon\www\projectmahalta\system\Commands\Server\rewrite.php(47): require_once('C:\\laragon\\www\\...')
#12 {main}
CRITICAL - 2024-03-21 13:04:10 --> Table 'caps.restaurant_dining_tables' doesn't exist
in SYSTEMPATH\Database\BaseConnection.php on line 647.
 1 SYSTEMPATH\Database\BaseBuilder.php(1615): CodeIgniter\Database\BaseConnection->query('SELECT `reservations`.`ReservationID`, `restaurant_dining_tables`.`TableID`, `restaurant_dining_tables`.`TableNumber`, `reservations`.`CheckInDate`, `reservations`.`CheckOutDate`, `reservations`.`NumberOfGuests`, `reservations`.`Note`, `reservations`.`Status`, `users`.`UserID`, `users`.`FirstName`, `users`.`LastName`, `users`.`ContactNumber`, `users`.`Address`, `reservations`.`UserID`
FROM `reservations`
JOIN `restaurant_dining_tables` ON `reservations`.`TableID` = `restaurant_dining_tables`.`TableID`
JOIN `users` ON `reservations`.`UserID` = `users`.`UserID`', [], false)
 2 SYSTEMPATH\Model.php(237): CodeIgniter\Database\BaseBuilder->get()
 3 SYSTEMPATH\BaseModel.php(624): CodeIgniter\Model->doFindAll(0, 0)
 4 APPPATH\Controllers\StaffController.php(457): CodeIgniter\BaseModel->findAll()
 5 SYSTEMPATH\CodeIgniter.php(942): App\Controllers\StaffController->resReservation()
 6 SYSTEMPATH\CodeIgniter.php(502): CodeIgniter\CodeIgniter->runController(Object(App\Controllers\StaffController))
 7 SYSTEMPATH\CodeIgniter.php(361): CodeIgniter\CodeIgniter->handleRequest(null, Object(Config\Cache), false)
 8 FCPATH\index.php(79): CodeIgniter\CodeIgniter->run()
 9 SYSTEMPATH\Commands\Server\rewrite.php(47): require_once('C:\\laragon\\www\\projectmahalta\\public\\index.php')
CRITICAL - 2024-03-21 13:15:30 --> Undefined variable $tables
in APPPATH\Views\Stafff\RestaurantStaff\venue.php on line 117.
 1 APPPATH\Views\Stafff\RestaurantStaff\venue.php(117): CodeIgniter\Debug\Exceptions->errorHandler(2, 'Undefined variable $tables', 'C:\\laragon\\www\\projectmahalta\\app\\Views\\Stafff\\RestaurantStaff\\venue.php', 117)
 2 SYSTEMPATH\View\View.php(228): include('C:\\laragon\\www\\projectmahalta\\app\\Views\\Stafff\\RestaurantStaff\\venue.php')
 3 SYSTEMPATH\View\View.php(231): CodeIgniter\View\View->CodeIgniter\View\{closure}()
 4 SYSTEMPATH\Common.php(1190): CodeIgniter\View\View->render('Stafff\\RestaurantStaff\\venue', [], true)
 5 APPPATH\Controllers\StaffController.php(604): view('Stafff\\RestaurantStaff\\venue', [...])
 6 SYSTEMPATH\CodeIgniter.php(942): App\Controllers\StaffController->resVenue()
 7 SYSTEMPATH\CodeIgniter.php(502): CodeIgniter\CodeIgniter->runController(Object(App\Controllers\StaffController))
 8 SYSTEMPATH\CodeIgniter.php(361): CodeIgniter\CodeIgniter->handleRequest(null, Object(Config\Cache), false)
 9 FCPATH\index.php(79): CodeIgniter\CodeIgniter->run()
10 SYSTEMPATH\Commands\Server\rewrite.php(47): require_once('C:\\laragon\\www\\projectmahalta\\public\\index.php')
