ERROR - 2024-05-19 10:52:42 --> mysqli_sql_exception: Unknown column 'guest.Status' in 'field list' in C:\laragon\www\projectmahalta\system\Database\MySQLi\Connection.php:306
Stack trace:
#0 C:\laragon\www\projectmahalta\system\Database\MySQLi\Connection.php(306): mysqli->query('SELECT guest.Gu...', 0)
#1 C:\laragon\www\projectmahalta\system\Database\BaseConnection.php(693): CodeIgniter\Database\MySQLi\Connection->execute('SELECT guest.Gu...')
#2 C:\laragon\www\projectmahalta\system\Database\BaseConnection.php(607): CodeIgniter\Database\BaseConnection->simpleQuery('SELECT guest.Gu...')
#3 C:\laragon\www\projectmahalta\system\Database\BaseBuilder.php(1615): CodeIgniter\Database\BaseConnection->query('SELECT guest.Gu...', Array, false)
#4 C:\laragon\www\projectmahalta\system\Model.php(237): CodeIgniter\Database\BaseBuilder->get()
#5 C:\laragon\www\projectmahalta\system\BaseModel.php(624): CodeIgniter\Model->doFindAll(0, 0)
#6 C:\laragon\www\projectmahalta\app\Controllers\AdminController.php(239): CodeIgniter\BaseModel->findAll()
#7 C:\laragon\www\projectmahalta\system\CodeIgniter.php(942): App\Controllers\AdminController->dashboard()
#8 C:\laragon\www\projectmahalta\system\CodeIgniter.php(502): CodeIgniter\CodeIgniter->runController(Object(App\Controllers\AdminController))
#9 C:\laragon\www\projectmahalta\system\CodeIgniter.php(361): CodeIgniter\CodeIgniter->handleRequest(NULL, Object(Config\Cache), false)
#10 C:\laragon\www\projectmahalta\public\index.php(79): CodeIgniter\CodeIgniter->run()
#11 C:\laragon\www\projectmahalta\system\Commands\Server\rewrite.php(47): require_once('C:\\laragon\\www\\...')
#12 {main}
CRITICAL - 2024-05-19 10:52:42 --> Unknown column 'guest.Status' in 'field list'
in SYSTEMPATH\Database\BaseConnection.php on line 647.
 1 SYSTEMPATH\Database\BaseBuilder.php(1615): CodeIgniter\Database\BaseConnection->query('SELECT guest.GuestID, guest.Status, users.UserID, users.FirstName, users.LastName, users.Email, users.ContactNumber, CONCAT(users.Region, ", ", users.Province, ", ", users.City, ", ", users.Barangay) as Address
FROM `guest`
JOIN `users` ON `guest`.`UserID` = `users`.`UserID`', [], false)
 2 SYSTEMPATH\Model.php(237): CodeIgniter\Database\BaseBuilder->get()
 3 SYSTEMPATH\BaseModel.php(624): CodeIgniter\Model->doFindAll(0, 0)
 4 APPPATH\Controllers\AdminController.php(239): CodeIgniter\BaseModel->findAll()
 5 SYSTEMPATH\CodeIgniter.php(942): App\Controllers\AdminController->dashboard()
 6 SYSTEMPATH\CodeIgniter.php(502): CodeIgniter\CodeIgniter->runController(Object(App\Controllers\AdminController))
 7 SYSTEMPATH\CodeIgniter.php(361): CodeIgniter\CodeIgniter->handleRequest(null, Object(Config\Cache), false)
 8 FCPATH\index.php(79): CodeIgniter\CodeIgniter->run()
 9 SYSTEMPATH\Commands\Server\rewrite.php(47): require_once('C:\\laragon\\www\\projectmahalta\\public\\index.php')
ERROR - 2024-05-19 10:53:19 --> mysqli_sql_exception: Unknown column 'guest.Status' in 'field list' in C:\laragon\www\projectmahalta\system\Database\MySQLi\Connection.php:306
Stack trace:
#0 C:\laragon\www\projectmahalta\system\Database\MySQLi\Connection.php(306): mysqli->query('SELECT guest.Gu...', 0)
#1 C:\laragon\www\projectmahalta\system\Database\BaseConnection.php(693): CodeIgniter\Database\MySQLi\Connection->execute('SELECT guest.Gu...')
#2 C:\laragon\www\projectmahalta\system\Database\BaseConnection.php(607): CodeIgniter\Database\BaseConnection->simpleQuery('SELECT guest.Gu...')
#3 C:\laragon\www\projectmahalta\system\Database\BaseBuilder.php(1615): CodeIgniter\Database\BaseConnection->query('SELECT guest.Gu...', Array, false)
#4 C:\laragon\www\projectmahalta\system\Model.php(237): CodeIgniter\Database\BaseBuilder->get()
#5 C:\laragon\www\projectmahalta\system\BaseModel.php(624): CodeIgniter\Model->doFindAll(0, 0)
#6 C:\laragon\www\projectmahalta\app\Controllers\AdminController.php(239): CodeIgniter\BaseModel->findAll()
#7 C:\laragon\www\projectmahalta\system\CodeIgniter.php(942): App\Controllers\AdminController->dashboard()
#8 C:\laragon\www\projectmahalta\system\CodeIgniter.php(502): CodeIgniter\CodeIgniter->runController(Object(App\Controllers\AdminController))
#9 C:\laragon\www\projectmahalta\system\CodeIgniter.php(361): CodeIgniter\CodeIgniter->handleRequest(NULL, Object(Config\Cache), false)
#10 C:\laragon\www\projectmahalta\public\index.php(79): CodeIgniter\CodeIgniter->run()
#11 C:\laragon\www\projectmahalta\system\Commands\Server\rewrite.php(47): require_once('C:\\laragon\\www\\...')
#12 {main}
CRITICAL - 2024-05-19 10:53:19 --> Unknown column 'guest.Status' in 'field list'
in SYSTEMPATH\Database\BaseConnection.php on line 647.
 1 SYSTEMPATH\Database\BaseBuilder.php(1615): CodeIgniter\Database\BaseConnection->query('SELECT guest.GuestID, guest.Status, users.UserID, users.FirstName, users.LastName, users.Email, users.ContactNumber, CONCAT(users.Region, ", ", users.Province, ", ", users.City, ", ", users.Barangay) as Address
FROM `guest`
JOIN `users` ON `guest`.`UserID` = `users`.`UserID`', [], false)
 2 SYSTEMPATH\Model.php(237): CodeIgniter\Database\BaseBuilder->get()
 3 SYSTEMPATH\BaseModel.php(624): CodeIgniter\Model->doFindAll(0, 0)
 4 APPPATH\Controllers\AdminController.php(239): CodeIgniter\BaseModel->findAll()
 5 SYSTEMPATH\CodeIgniter.php(942): App\Controllers\AdminController->dashboard()
 6 SYSTEMPATH\CodeIgniter.php(502): CodeIgniter\CodeIgniter->runController(Object(App\Controllers\AdminController))
 7 SYSTEMPATH\CodeIgniter.php(361): CodeIgniter\CodeIgniter->handleRequest(null, Object(Config\Cache), false)
 8 FCPATH\index.php(79): CodeIgniter\CodeIgniter->run()
 9 SYSTEMPATH\Commands\Server\rewrite.php(47): require_once('C:\\laragon\\www\\projectmahalta\\public\\index.php')
ERROR - 2024-05-19 13:12:49 --> mysqli_sql_exception: Table 'caps.reservation' doesn't exist in C:\laragon\www\projectmahalta\system\Database\MySQLi\Connection.php:306
Stack trace:
#0 C:\laragon\www\projectmahalta\system\Database\MySQLi\Connection.php(306): mysqli->query('SELECT `reserva...', 0)
#1 C:\laragon\www\projectmahalta\system\Database\BaseConnection.php(693): CodeIgniter\Database\MySQLi\Connection->execute('SELECT `reserva...')
#2 C:\laragon\www\projectmahalta\system\Database\BaseConnection.php(607): CodeIgniter\Database\BaseConnection->simpleQuery('SELECT `reserva...')
#3 C:\laragon\www\projectmahalta\system\Database\BaseBuilder.php(1615): CodeIgniter\Database\BaseConnection->query('SELECT `reserva...', Array, false)
#4 C:\laragon\www\projectmahalta\system\Model.php(237): CodeIgniter\Database\BaseBuilder->get()
#5 C:\laragon\www\projectmahalta\system\BaseModel.php(624): CodeIgniter\Model->doFindAll(0, 0)
#6 C:\laragon\www\projectmahalta\app\Controllers\AdminController.php(266): CodeIgniter\BaseModel->findAll()
#7 C:\laragon\www\projectmahalta\system\CodeIgniter.php(942): App\Controllers\AdminController->dashboard()
#8 C:\laragon\www\projectmahalta\system\CodeIgniter.php(502): CodeIgniter\CodeIgniter->runController(Object(App\Controllers\AdminController))
#9 C:\laragon\www\projectmahalta\system\CodeIgniter.php(361): CodeIgniter\CodeIgniter->handleRequest(NULL, Object(Config\Cache), false)
#10 C:\laragon\www\projectmahalta\public\index.php(79): CodeIgniter\CodeIgniter->run()
#11 C:\laragon\www\projectmahalta\system\Commands\Server\rewrite.php(47): require_once('C:\\laragon\\www\\...')
#12 {main}
CRITICAL - 2024-05-19 13:12:49 --> Table 'caps.reservation' doesn't exist
in SYSTEMPATH\Database\BaseConnection.php on line 647.
 1 SYSTEMPATH\Database\BaseBuilder.php(1615): CodeIgniter\Database\BaseConnection->query('SELECT `reservations`.`ReservationID`, `reservations`.`CheckOutDate`, `reservations`.`NumberOfGuests`, `reservations`.`Note`, `reservations`.`Status`, `users`.`UserID`, `users`.`FirstName`, `users`.`LastName`, `users`.`ContactNumber`, CONCAT(users.Region, ", ", `users`.`Province`, ", ", `users`.`City`, ", ", users.Barangay) as Address, `reservations`.`UserID`
FROM `reservation_amenities`
JOIN `reservation` ON `reservation_amenities`.`VenueID` = `reservation`.`ReservationID`
JOIN `users` ON `reservation_amenities`.`UserID` = `users`.`UserID`
JOIN `room_inventory` ON `reservation_amenities`.`roomInventoryID` = `room_inventory`.`roomInventoryID`
WHERE `reservations`.`Status` = :reservations.Status:', [...], false)
 2 SYSTEMPATH\Model.php(237): CodeIgniter\Database\BaseBuilder->get()
 3 SYSTEMPATH\BaseModel.php(624): CodeIgniter\Model->doFindAll(0, 0)
 4 APPPATH\Controllers\AdminController.php(266): CodeIgniter\BaseModel->findAll()
 5 SYSTEMPATH\CodeIgniter.php(942): App\Controllers\AdminController->dashboard()
 6 SYSTEMPATH\CodeIgniter.php(502): CodeIgniter\CodeIgniter->runController(Object(App\Controllers\AdminController))
 7 SYSTEMPATH\CodeIgniter.php(361): CodeIgniter\CodeIgniter->handleRequest(null, Object(Config\Cache), false)
 8 FCPATH\index.php(79): CodeIgniter\CodeIgniter->run()
 9 SYSTEMPATH\Commands\Server\rewrite.php(47): require_once('C:\\laragon\\www\\projectmahalta\\public\\index.php')
ERROR - 2024-05-19 22:44:45 --> mysqli_sql_exception: Table 'caps.reservation' doesn't exist in C:\laragon\www\projectmahalta\system\Database\MySQLi\Connection.php:306
Stack trace:
#0 C:\laragon\www\projectmahalta\system\Database\MySQLi\Connection.php(306): mysqli->query('SELECT `reserva...', 0)
#1 C:\laragon\www\projectmahalta\system\Database\BaseConnection.php(693): CodeIgniter\Database\MySQLi\Connection->execute('SELECT `reserva...')
#2 C:\laragon\www\projectmahalta\system\Database\BaseConnection.php(607): CodeIgniter\Database\BaseConnection->simpleQuery('SELECT `reserva...')
#3 C:\laragon\www\projectmahalta\system\Database\BaseBuilder.php(1615): CodeIgniter\Database\BaseConnection->query('SELECT `reserva...', Array, false)
#4 C:\laragon\www\projectmahalta\system\Model.php(237): CodeIgniter\Database\BaseBuilder->get()
#5 C:\laragon\www\projectmahalta\system\BaseModel.php(624): CodeIgniter\Model->doFindAll(0, 0)
#6 C:\laragon\www\projectmahalta\app\Controllers\AdminController.php(266): CodeIgniter\BaseModel->findAll()
#7 C:\laragon\www\projectmahalta\system\CodeIgniter.php(942): App\Controllers\AdminController->dashboard()
#8 C:\laragon\www\projectmahalta\system\CodeIgniter.php(502): CodeIgniter\CodeIgniter->runController(Object(App\Controllers\AdminController))
#9 C:\laragon\www\projectmahalta\system\CodeIgniter.php(361): CodeIgniter\CodeIgniter->handleRequest(NULL, Object(Config\Cache), false)
#10 C:\laragon\www\projectmahalta\public\index.php(79): CodeIgniter\CodeIgniter->run()
#11 C:\laragon\www\projectmahalta\system\Commands\Server\rewrite.php(47): require_once('C:\\laragon\\www\\...')
#12 {main}
CRITICAL - 2024-05-19 22:44:45 --> Table 'caps.reservation' doesn't exist
in SYSTEMPATH\Database\BaseConnection.php on line 647.
 1 SYSTEMPATH\Database\BaseBuilder.php(1615): CodeIgniter\Database\BaseConnection->query('SELECT `reservations`.`ReservationID`, `reservations`.`CheckOutDate`, `reservations`.`UserID`, `room_inventory`.`roomInventoryID`, `room_inventory`.`ProductName`, `reservation_amenities`.`AmenitiesID`, `reservation_amenities`.`InsertQuantity`
FROM `reservation_amenities`
JOIN `reservation` ON `reservation_amenities`.`ReservationID` = `reservation`.`ReservationID`
JOIN `users` ON `reservation_amenities`.`UserID` = `users`.`UserID`
JOIN `room_inventory` ON `reservation_amenities`.`roomInventoryID` = `room_inventory`.`roomInventoryID`
WHERE `reservations`.`Status` = :reservations.Status:', [...], false)
 2 SYSTEMPATH\Model.php(237): CodeIgniter\Database\BaseBuilder->get()
 3 SYSTEMPATH\BaseModel.php(624): CodeIgniter\Model->doFindAll(0, 0)
 4 APPPATH\Controllers\AdminController.php(266): CodeIgniter\BaseModel->findAll()
 5 SYSTEMPATH\CodeIgniter.php(942): App\Controllers\AdminController->dashboard()
 6 SYSTEMPATH\CodeIgniter.php(502): CodeIgniter\CodeIgniter->runController(Object(App\Controllers\AdminController))
 7 SYSTEMPATH\CodeIgniter.php(361): CodeIgniter\CodeIgniter->handleRequest(null, Object(Config\Cache), false)
 8 FCPATH\index.php(79): CodeIgniter\CodeIgniter->run()
 9 SYSTEMPATH\Commands\Server\rewrite.php(47): require_once('C:\\laragon\\www\\projectmahalta\\public\\index.php')
CRITICAL - 2024-05-19 22:46:23 --> Call to undefined method App\Models\ReservationModel::getMonthlyInventoryData
in SYSTEMPATH\Model.php on line 873.
 1 APPPATH\Controllers\AdminController.php(307): CodeIgniter\Model->__call('getMonthlyInventoryData', [...])
 2 SYSTEMPATH\CodeIgniter.php(942): App\Controllers\AdminController->getMonthlyData()
 3 SYSTEMPATH\CodeIgniter.php(502): CodeIgniter\CodeIgniter->runController(Object(App\Controllers\AdminController))
 4 SYSTEMPATH\CodeIgniter.php(361): CodeIgniter\CodeIgniter->handleRequest(null, Object(Config\Cache), false)
 5 FCPATH\index.php(79): CodeIgniter\CodeIgniter->run()
 6 SYSTEMPATH\Commands\Server\rewrite.php(47): require_once('C:\\laragon\\www\\projectmahalta\\public\\index.php')
CRITICAL - 2024-05-19 22:46:25 --> Call to undefined method App\Models\ReservationModel::getMonthlyInventoryData
in SYSTEMPATH\Model.php on line 873.
 1 APPPATH\Controllers\AdminController.php(307): CodeIgniter\Model->__call('getMonthlyInventoryData', [...])
 2 SYSTEMPATH\CodeIgniter.php(942): App\Controllers\AdminController->getMonthlyData()
 3 SYSTEMPATH\CodeIgniter.php(502): CodeIgniter\CodeIgniter->runController(Object(App\Controllers\AdminController))
 4 SYSTEMPATH\CodeIgniter.php(361): CodeIgniter\CodeIgniter->handleRequest(null, Object(Config\Cache), false)
 5 FCPATH\index.php(79): CodeIgniter\CodeIgniter->run()
 6 SYSTEMPATH\Commands\Server\rewrite.php(47): require_once('C:\\laragon\\www\\projectmahalta\\public\\index.php')
CRITICAL - 2024-05-19 22:46:26 --> Call to undefined method App\Models\ReservationModel::getMonthlyInventoryData
in SYSTEMPATH\Model.php on line 873.
 1 APPPATH\Controllers\AdminController.php(307): CodeIgniter\Model->__call('getMonthlyInventoryData', [...])
 2 SYSTEMPATH\CodeIgniter.php(942): App\Controllers\AdminController->getMonthlyData()
 3 SYSTEMPATH\CodeIgniter.php(502): CodeIgniter\CodeIgniter->runController(Object(App\Controllers\AdminController))
 4 SYSTEMPATH\CodeIgniter.php(361): CodeIgniter\CodeIgniter->handleRequest(null, Object(Config\Cache), false)
 5 FCPATH\index.php(79): CodeIgniter\CodeIgniter->run()
 6 SYSTEMPATH\Commands\Server\rewrite.php(47): require_once('C:\\laragon\\www\\projectmahalta\\public\\index.php')
