CRITICAL - 2024-05-20 03:12:49 --> Trying to access array offset on null
in APPPATH\Controllers\GuestController.php on line 584.
 1 APPPATH\Controllers\GuestController.php(584): CodeIgniter\Debug\Exceptions->errorHandler(2, 'Trying to access array offset on null', 'C:\\laragon\\www\\projectmahalta\\app\\Controllers\\GuestController.php', 584)
 2 SYSTEMPATH\CodeIgniter.php(942): App\Controllers\GuestController->addReservation()
 3 SYSTEMPATH\CodeIgniter.php(502): CodeIgniter\CodeIgniter->runController(Object(App\Controllers\GuestController))
 4 SYSTEMPATH\CodeIgniter.php(361): CodeIgniter\CodeIgniter->handleRequest(null, Object(Config\Cache), false)
 5 FCPATH\index.php(79): CodeIgniter\CodeIgniter->run()
 6 SYSTEMPATH\Commands\Server\rewrite.php(47): require_once('C:\\laragon\\www\\projectmahalta\\public\\index.php')
CRITICAL - 2024-05-20 03:22:14 --> Undefined variable $reservationID
in APPPATH\Controllers\GuestController.php on line 656.
 1 APPPATH\Controllers\GuestController.php(656): CodeIgniter\Debug\Exceptions->errorHandler(2, 'Undefined variable $reservationID', 'C:\\laragon\\www\\projectmahalta\\app\\Controllers\\GuestController.php', 656)
 2 SYSTEMPATH\CodeIgniter.php(942): App\Controllers\GuestController->addReservation()
 3 SYSTEMPATH\CodeIgniter.php(502): CodeIgniter\CodeIgniter->runController(Object(App\Controllers\GuestController))
 4 SYSTEMPATH\CodeIgniter.php(361): CodeIgniter\CodeIgniter->handleRequest(null, Object(Config\Cache), false)
 5 FCPATH\index.php(79): CodeIgniter\CodeIgniter->run()
 6 SYSTEMPATH\Commands\Server\rewrite.php(47): require_once('C:\\laragon\\www\\projectmahalta\\public\\index.php')
CRITICAL - 2024-05-20 03:22:55 --> Undefined variable $reservationID
in APPPATH\Controllers\GuestController.php on line 656.
 1 APPPATH\Controllers\GuestController.php(656): CodeIgniter\Debug\Exceptions->errorHandler(2, 'Undefined variable $reservationID', 'C:\\laragon\\www\\projectmahalta\\app\\Controllers\\GuestController.php', 656)
 2 SYSTEMPATH\CodeIgniter.php(942): App\Controllers\GuestController->addReservation()
 3 SYSTEMPATH\CodeIgniter.php(502): CodeIgniter\CodeIgniter->runController(Object(App\Controllers\GuestController))
 4 SYSTEMPATH\CodeIgniter.php(361): CodeIgniter\CodeIgniter->handleRequest(null, Object(Config\Cache), false)
 5 FCPATH\index.php(79): CodeIgniter\CodeIgniter->run()
 6 SYSTEMPATH\Commands\Server\rewrite.php(47): require_once('C:\\laragon\\www\\projectmahalta\\public\\index.php')
CRITICAL - 2024-05-20 03:22:57 --> Undefined variable $reservationID
in APPPATH\Controllers\GuestController.php on line 656.
 1 APPPATH\Controllers\GuestController.php(656): CodeIgniter\Debug\Exceptions->errorHandler(2, 'Undefined variable $reservationID', 'C:\\laragon\\www\\projectmahalta\\app\\Controllers\\GuestController.php', 656)
 2 SYSTEMPATH\CodeIgniter.php(942): App\Controllers\GuestController->addReservation()
 3 SYSTEMPATH\CodeIgniter.php(502): CodeIgniter\CodeIgniter->runController(Object(App\Controllers\GuestController))
 4 SYSTEMPATH\CodeIgniter.php(361): CodeIgniter\CodeIgniter->handleRequest(null, Object(Config\Cache), false)
 5 FCPATH\index.php(79): CodeIgniter\CodeIgniter->run()
 6 SYSTEMPATH\Commands\Server\rewrite.php(47): require_once('C:\\laragon\\www\\projectmahalta\\public\\index.php')
CRITICAL - 2024-05-20 03:23:07 --> Undefined variable $reservationID
in APPPATH\Controllers\GuestController.php on line 656.
 1 APPPATH\Controllers\GuestController.php(656): CodeIgniter\Debug\Exceptions->errorHandler(2, 'Undefined variable $reservationID', 'C:\\laragon\\www\\projectmahalta\\app\\Controllers\\GuestController.php', 656)
 2 SYSTEMPATH\CodeIgniter.php(942): App\Controllers\GuestController->addReservation()
 3 SYSTEMPATH\CodeIgniter.php(502): CodeIgniter\CodeIgniter->runController(Object(App\Controllers\GuestController))
 4 SYSTEMPATH\CodeIgniter.php(361): CodeIgniter\CodeIgniter->handleRequest(null, Object(Config\Cache), false)
 5 FCPATH\index.php(79): CodeIgniter\CodeIgniter->run()
 6 SYSTEMPATH\Commands\Server\rewrite.php(47): require_once('C:\\laragon\\www\\projectmahalta\\public\\index.php')
CRITICAL - 2024-05-20 03:23:38 --> Undefined variable $reservationID
in APPPATH\Controllers\GuestController.php on line 656.
 1 APPPATH\Controllers\GuestController.php(656): CodeIgniter\Debug\Exceptions->errorHandler(2, 'Undefined variable $reservationID', 'C:\\laragon\\www\\projectmahalta\\app\\Controllers\\GuestController.php', 656)
 2 SYSTEMPATH\CodeIgniter.php(942): App\Controllers\GuestController->addReservation()
 3 SYSTEMPATH\CodeIgniter.php(502): CodeIgniter\CodeIgniter->runController(Object(App\Controllers\GuestController))
 4 SYSTEMPATH\CodeIgniter.php(361): CodeIgniter\CodeIgniter->handleRequest(null, Object(Config\Cache), false)
 5 FCPATH\index.php(79): CodeIgniter\CodeIgniter->run()
 6 SYSTEMPATH\Commands\Server\rewrite.php(47): require_once('C:\\laragon\\www\\projectmahalta\\public\\index.php')
CRITICAL - 2024-05-20 03:24:08 --> Undefined variable $reservationID
in APPPATH\Controllers\GuestController.php on line 656.
 1 APPPATH\Controllers\GuestController.php(656): CodeIgniter\Debug\Exceptions->errorHandler(2, 'Undefined variable $reservationID', 'C:\\laragon\\www\\projectmahalta\\app\\Controllers\\GuestController.php', 656)
 2 SYSTEMPATH\CodeIgniter.php(942): App\Controllers\GuestController->addReservation()
 3 SYSTEMPATH\CodeIgniter.php(502): CodeIgniter\CodeIgniter->runController(Object(App\Controllers\GuestController))
 4 SYSTEMPATH\CodeIgniter.php(361): CodeIgniter\CodeIgniter->handleRequest(null, Object(Config\Cache), false)
 5 FCPATH\index.php(79): CodeIgniter\CodeIgniter->run()
 6 SYSTEMPATH\Commands\Server\rewrite.php(47): require_once('C:\\laragon\\www\\projectmahalta\\public\\index.php')
CRITICAL - 2024-05-20 03:24:11 --> Undefined variable $reservationID
in APPPATH\Controllers\GuestController.php on line 656.
 1 APPPATH\Controllers\GuestController.php(656): CodeIgniter\Debug\Exceptions->errorHandler(2, 'Undefined variable $reservationID', 'C:\\laragon\\www\\projectmahalta\\app\\Controllers\\GuestController.php', 656)
 2 SYSTEMPATH\CodeIgniter.php(942): App\Controllers\GuestController->addReservation()
 3 SYSTEMPATH\CodeIgniter.php(502): CodeIgniter\CodeIgniter->runController(Object(App\Controllers\GuestController))
 4 SYSTEMPATH\CodeIgniter.php(361): CodeIgniter\CodeIgniter->handleRequest(null, Object(Config\Cache), false)
 5 FCPATH\index.php(79): CodeIgniter\CodeIgniter->run()
 6 SYSTEMPATH\Commands\Server\rewrite.php(47): require_once('C:\\laragon\\www\\projectmahalta\\public\\index.php')
CRITICAL - 2024-05-20 03:38:33 --> syntax error, unexpected token "}", expecting ";"
in APPPATH\Controllers\BaseController.php on line 87.
 1 SYSTEMPATH\Autoloader\Autoloader.php(291): CodeIgniter\Autoloader\Autoloader->includeFile('C:\\laragon\\www\\projectmahalta\\app\\Controllers\\BaseController.php')
 2 SYSTEMPATH\Autoloader\Autoloader.php(269): CodeIgniter\Autoloader\Autoloader->loadInNamespace('App\\Controllers\\BaseController')
 3 APPPATH\Controllers\GuestController.php(30): CodeIgniter\Autoloader\Autoloader->loadClass('App\\Controllers\\BaseController')
 4 SYSTEMPATH\Autoloader\Autoloader.php(312): include_once('C:\\laragon\\www\\projectmahalta\\app\\Controllers\\GuestController.php')
 5 SYSTEMPATH\Autoloader\Autoloader.php(291): CodeIgniter\Autoloader\Autoloader->includeFile('C:\\laragon\\www\\projectmahalta\\app\\Controllers\\GuestController.php')
 6 SYSTEMPATH\Autoloader\Autoloader.php(269): CodeIgniter\Autoloader\Autoloader->loadInNamespace('App\\Controllers\\GuestController')
 7 [internal function]: CodeIgniter\Autoloader\Autoloader->loadClass('App\\Controllers\\GuestController')
 8 SYSTEMPATH\CodeIgniter.php(900): class_exists('\\App\\Controllers\\GuestController', true)
 9 SYSTEMPATH\CodeIgniter.php(489): CodeIgniter\CodeIgniter->startController()
10 SYSTEMPATH\CodeIgniter.php(361): CodeIgniter\CodeIgniter->handleRequest(null, Object(Config\Cache), false)
11 FCPATH\index.php(79): CodeIgniter\CodeIgniter->run()
12 SYSTEMPATH\Commands\Server\rewrite.php(47): require_once('C:\\laragon\\www\\projectmahalta\\public\\index.php')
ERROR - 2024-05-20 03:48:07 --> mysqli_sql_exception: Table 'caps.loginattemps' doesn't exist in C:\laragon\www\projectmahalta\system\Database\MySQLi\Connection.php:306
Stack trace:
#0 C:\laragon\www\projectmahalta\system\Database\MySQLi\Connection.php(306): mysqli->query('SELECT COUNT(*)...', 0)
#1 C:\laragon\www\projectmahalta\system\Database\BaseConnection.php(693): CodeIgniter\Database\MySQLi\Connection->execute('SELECT COUNT(*)...')
#2 C:\laragon\www\projectmahalta\system\Database\BaseConnection.php(607): CodeIgniter\Database\BaseConnection->simpleQuery('SELECT COUNT(*)...')
#3 C:\laragon\www\projectmahalta\system\Database\BaseBuilder.php(1699): CodeIgniter\Database\BaseConnection->query('SELECT COUNT(*)...', Array, false)
#4 C:\laragon\www\projectmahalta\system\Model.php(599): CodeIgniter\Database\BaseBuilder->countAllResults(true)
#5 C:\laragon\www\projectmahalta\app\Controllers\UserController.php(251): CodeIgniter\Model->countAllResults()
#6 C:\laragon\www\projectmahalta\system\CodeIgniter.php(942): App\Controllers\UserController->LoginAuth()
#7 C:\laragon\www\projectmahalta\system\CodeIgniter.php(502): CodeIgniter\CodeIgniter->runController(Object(App\Controllers\UserController))
#8 C:\laragon\www\projectmahalta\system\CodeIgniter.php(361): CodeIgniter\CodeIgniter->handleRequest(NULL, Object(Config\Cache), false)
#9 C:\laragon\www\projectmahalta\public\index.php(79): CodeIgniter\CodeIgniter->run()
#10 C:\laragon\www\projectmahalta\system\Commands\Server\rewrite.php(47): require_once('C:\\laragon\\www\\...')
#11 {main}
CRITICAL - 2024-05-20 03:48:07 --> Table 'caps.loginattemps' doesn't exist
in SYSTEMPATH\Database\BaseConnection.php on line 647.
 1 SYSTEMPATH\Database\BaseBuilder.php(1699): CodeIgniter\Database\BaseConnection->query('SELECT COUNT(*) AS `numrows`
FROM `loginattemps`
WHERE `email` = :email:
AND `ip_address` = :ip_address:
AND `attempt_time` > :attempt_time:', [...], false)
 2 SYSTEMPATH\Model.php(599): CodeIgniter\Database\BaseBuilder->countAllResults(true)
 3 APPPATH\Controllers\UserController.php(251): CodeIgniter\Model->countAllResults()
 4 SYSTEMPATH\CodeIgniter.php(942): App\Controllers\UserController->LoginAuth()
 5 SYSTEMPATH\CodeIgniter.php(502): CodeIgniter\CodeIgniter->runController(Object(App\Controllers\UserController))
 6 SYSTEMPATH\CodeIgniter.php(361): CodeIgniter\CodeIgniter->handleRequest(null, Object(Config\Cache), false)
 7 FCPATH\index.php(79): CodeIgniter\CodeIgniter->run()
 8 SYSTEMPATH\Commands\Server\rewrite.php(47): require_once('C:\\laragon\\www\\projectmahalta\\public\\index.php')
ERROR - 2024-05-20 03:58:40 --> mysqli_sql_exception: Table 'caps.jobs' doesn't exist in C:\laragon\www\projectmahalta\system\Database\MySQLi\Connection.php:306
Stack trace:
#0 C:\laragon\www\projectmahalta\system\Database\MySQLi\Connection.php(306): mysqli->query('SELECT *\nFROM `...', 0)
#1 C:\laragon\www\projectmahalta\system\Database\BaseConnection.php(693): CodeIgniter\Database\MySQLi\Connection->execute('SELECT *\nFROM `...')
#2 C:\laragon\www\projectmahalta\system\Database\BaseConnection.php(607): CodeIgniter\Database\BaseConnection->simpleQuery('SELECT *\nFROM `...')
#3 C:\laragon\www\projectmahalta\system\Database\BaseBuilder.php(1615): CodeIgniter\Database\BaseConnection->query('SELECT *\nFROM `...', Array, false)
#4 C:\laragon\www\projectmahalta\system\Model.php(237): CodeIgniter\Database\BaseBuilder->get()
#5 C:\laragon\www\projectmahalta\system\BaseModel.php(624): CodeIgniter\Model->doFindAll(0, 0)
#6 C:\laragon\www\projectmahalta\app\Controllers\BaseController.php(35): CodeIgniter\BaseModel->findAll()
#7 C:\laragon\www\projectmahalta\app\Controllers\BaseController.php(24): App\Controllers\BaseController->processPendingJobs()
#8 C:\laragon\www\projectmahalta\app\Controllers\BaseController.php(19): App\Controllers\BaseController->initialize()
#9 C:\laragon\www\projectmahalta\system\CodeIgniter.php(915): App\Controllers\BaseController->initController(Object(CodeIgniter\HTTP\IncomingRequest), Object(CodeIgniter\HTTP\Response), Object(CodeIgniter\Log\Logger))
#10 C:\laragon\www\projectmahalta\system\CodeIgniter.php(493): CodeIgniter\CodeIgniter->createController()
#11 C:\laragon\www\projectmahalta\system\CodeIgniter.php(361): CodeIgniter\CodeIgniter->handleRequest(NULL, Object(Config\Cache), false)
#12 C:\laragon\www\projectmahalta\public\index.php(79): CodeIgniter\CodeIgniter->run()
#13 C:\laragon\www\projectmahalta\system\Commands\Server\rewrite.php(47): require_once('C:\\laragon\\www\\...')
#14 {main}
CRITICAL - 2024-05-20 03:58:40 --> Table 'caps.jobs' doesn't exist
in SYSTEMPATH\Database\BaseConnection.php on line 647.
 1 SYSTEMPATH\Database\BaseBuilder.php(1615): CodeIgniter\Database\BaseConnection->query('SELECT *
FROM `jobs`
WHERE `run_at` <= :run_at:
AND `status` = :status:', [...], false)
 2 SYSTEMPATH\Model.php(237): CodeIgniter\Database\BaseBuilder->get()
 3 SYSTEMPATH\BaseModel.php(624): CodeIgniter\Model->doFindAll(0, 0)
 4 APPPATH\Controllers\BaseController.php(35): CodeIgniter\BaseModel->findAll()
 5 APPPATH\Controllers\BaseController.php(24): App\Controllers\BaseController->processPendingJobs()
 6 APPPATH\Controllers\BaseController.php(19): App\Controllers\BaseController->initialize()
 7 SYSTEMPATH\CodeIgniter.php(915): App\Controllers\BaseController->initController(Object(CodeIgniter\HTTP\IncomingRequest), Object(CodeIgniter\HTTP\Response), Object(CodeIgniter\Log\Logger))
 8 SYSTEMPATH\CodeIgniter.php(493): CodeIgniter\CodeIgniter->createController()
 9 SYSTEMPATH\CodeIgniter.php(361): CodeIgniter\CodeIgniter->handleRequest(null, Object(Config\Cache), false)
10 FCPATH\index.php(79): CodeIgniter\CodeIgniter->run()
11 SYSTEMPATH\Commands\Server\rewrite.php(47): require_once('C:\\laragon\\www\\projectmahalta\\public\\index.php')
ERROR - 2024-05-20 09:16:11 --> mysqli_sql_exception: Cannot delete or update a parent row: a foreign key constraint fails (`caps`.`reservations`, CONSTRAINT `reservations_ibfk_2` FOREIGN KEY (`RoomID`) REFERENCES `rooms` (`RoomID`)) in C:\laragon\www\projectmahalta\system\Database\MySQLi\Connection.php:306
Stack trace:
#0 C:\laragon\www\projectmahalta\system\Database\MySQLi\Connection.php(306): mysqli->query('DELETE FROM `ro...', 0)
#1 C:\laragon\www\projectmahalta\system\Database\BaseConnection.php(693): CodeIgniter\Database\MySQLi\Connection->execute('DELETE FROM `ro...')
#2 C:\laragon\www\projectmahalta\system\Database\BaseConnection.php(607): CodeIgniter\Database\BaseConnection->simpleQuery('DELETE FROM `ro...')
#3 C:\laragon\www\projectmahalta\system\Database\BaseBuilder.php(2790): CodeIgniter\Database\BaseConnection->query('DELETE FROM `ro...', Array, false)
#4 C:\laragon\www\projectmahalta\system\Model.php(445): CodeIgniter\Database\BaseBuilder->delete()
#5 C:\laragon\www\projectmahalta\system\BaseModel.php(1080): CodeIgniter\Model->doDelete(Array, false)
#6 C:\laragon\www\projectmahalta\app\Controllers\StaffController.php(486): CodeIgniter\BaseModel->delete(Array)
#7 C:\laragon\www\projectmahalta\system\CodeIgniter.php(942): App\Controllers\StaffController->deleteRoom('1')
#8 C:\laragon\www\projectmahalta\system\CodeIgniter.php(502): CodeIgniter\CodeIgniter->runController(Object(App\Controllers\StaffController))
#9 C:\laragon\www\projectmahalta\system\CodeIgniter.php(361): CodeIgniter\CodeIgniter->handleRequest(NULL, Object(Config\Cache), false)
#10 C:\laragon\www\projectmahalta\public\index.php(79): CodeIgniter\CodeIgniter->run()
#11 C:\laragon\www\projectmahalta\system\Commands\Server\rewrite.php(47): require_once('C:\\laragon\\www\\...')
#12 {main}
CRITICAL - 2024-05-20 09:16:11 --> Cannot delete or update a parent row: a foreign key constraint fails (`caps`.`reservations`, CONSTRAINT `reservations_ibfk_2` FOREIGN KEY (`RoomID`) REFERENCES `rooms` (`RoomID`))
in SYSTEMPATH\Database\BaseConnection.php on line 647.
 1 SYSTEMPATH\Database\BaseBuilder.php(2790): CodeIgniter\Database\BaseConnection->query('DELETE FROM `rooms`
WHERE `RoomID` IN :RoomID:', [...], false)
 2 SYSTEMPATH\Model.php(445): CodeIgniter\Database\BaseBuilder->delete()
 3 SYSTEMPATH\BaseModel.php(1080): CodeIgniter\Model->doDelete([...], false)
 4 APPPATH\Controllers\StaffController.php(486): CodeIgniter\BaseModel->delete([...])
 5 SYSTEMPATH\CodeIgniter.php(942): App\Controllers\StaffController->deleteRoom('1')
 6 SYSTEMPATH\CodeIgniter.php(502): CodeIgniter\CodeIgniter->runController(Object(App\Controllers\StaffController))
 7 SYSTEMPATH\CodeIgniter.php(361): CodeIgniter\CodeIgniter->handleRequest(null, Object(Config\Cache), false)
 8 FCPATH\index.php(79): CodeIgniter\CodeIgniter->run()
 9 SYSTEMPATH\Commands\Server\rewrite.php(47): require_once('C:\\laragon\\www\\projectmahalta\\public\\index.php')
CRITICAL - 2024-05-20 09:42:01 --> include(include/logo.php): Failed to open stream: No such file or directory
in APPPATH\Views\Stafff\RestaurantStaff\setting.php on line 27.
 1 APPPATH\Views\Stafff\RestaurantStaff\setting.php(27): CodeIgniter\Debug\Exceptions->errorHandler(2, 'include(include/logo.php): Failed to open stream: No such file or directory', 'C:\\laragon\\www\\projectmahalta\\app\\Views\\Stafff\\RestaurantStaff\\setting.php', 27)
 2 APPPATH\Views\Stafff\RestaurantStaff\setting.php(27): include()
 3 SYSTEMPATH\View\View.php(228): include('C:\\laragon\\www\\projectmahalta\\app\\Views\\Stafff\\RestaurantStaff\\setting.php')
 4 SYSTEMPATH\View\View.php(231): CodeIgniter\View\View->CodeIgniter\View\{closure}()
 5 SYSTEMPATH\Common.php(1190): CodeIgniter\View\View->render('Stafff\\RestaurantStaff\\setting', [], true)
 6 APPPATH\Controllers\StaffController.php(760): view('Stafff\\RestaurantStaff\\setting', [...])
 7 SYSTEMPATH\CodeIgniter.php(942): App\Controllers\StaffController->ressetting()
 8 SYSTEMPATH\CodeIgniter.php(502): CodeIgniter\CodeIgniter->runController(Object(App\Controllers\StaffController))
 9 SYSTEMPATH\CodeIgniter.php(361): CodeIgniter\CodeIgniter->handleRequest(null, Object(Config\Cache), false)
10 FCPATH\index.php(79): CodeIgniter\CodeIgniter->run()
11 SYSTEMPATH\Commands\Server\rewrite.php(47): require_once('C:\\laragon\\www\\projectmahalta\\public\\index.php')
