CRITICAL - 2024-05-14 06:28:15 --> Undefined array key "Image"
in APPPATH\Views\Hotell\booking.php on line 170.
 1 APPPATH\Views\Hotell\booking.php(170): CodeIgniter\Debug\Exceptions->errorHandler(2, 'Undefined array key "Image"', 'C:\\laragon\\www\\projectmahalta\\app\\Views\\Hotell\\booking.php', 170)
 2 SYSTEMPATH\View\View.php(228): include('C:\\laragon\\www\\projectmahalta\\app\\Views\\Hotell\\booking.php')
 3 SYSTEMPATH\View\View.php(231): CodeIgniter\View\View->CodeIgniter\View\{closure}()
 4 SYSTEMPATH\Common.php(1190): CodeIgniter\View\View->render('Hotell\\booking', [], true)
 5 APPPATH\Controllers\GuestController.php(1620): view('Hotell\\booking', [...])
 6 SYSTEMPATH\CodeIgniter.php(942): App\Controllers\GuestController->booking()
 7 SYSTEMPATH\CodeIgniter.php(502): CodeIgniter\CodeIgniter->runController(Object(App\Controllers\GuestController))
 8 SYSTEMPATH\CodeIgniter.php(361): CodeIgniter\CodeIgniter->handleRequest(null, Object(Config\Cache), false)
 9 FCPATH\index.php(79): CodeIgniter\CodeIgniter->run()
10 SYSTEMPATH\Commands\Server\rewrite.php(47): require_once('C:\\laragon\\www\\projectmahalta\\public\\index.php')
CRITICAL - 2024-05-14 06:39:43 --> Undefined variable $room
in APPPATH\Views\Hotell\booking.php on line 184.
 1 APPPATH\Views\Hotell\booking.php(184): CodeIgniter\Debug\Exceptions->errorHandler(2, 'Undefined variable $room', 'C:\\laragon\\www\\projectmahalta\\app\\Views\\Hotell\\booking.php', 184)
 2 SYSTEMPATH\View\View.php(228): include('C:\\laragon\\www\\projectmahalta\\app\\Views\\Hotell\\booking.php')
 3 SYSTEMPATH\View\View.php(231): CodeIgniter\View\View->CodeIgniter\View\{closure}()
 4 SYSTEMPATH\Common.php(1190): CodeIgniter\View\View->render('Hotell\\booking', [], true)
 5 APPPATH\Controllers\GuestController.php(1620): view('Hotell\\booking', [...])
 6 SYSTEMPATH\CodeIgniter.php(942): App\Controllers\GuestController->booking()
 7 SYSTEMPATH\CodeIgniter.php(502): CodeIgniter\CodeIgniter->runController(Object(App\Controllers\GuestController))
 8 SYSTEMPATH\CodeIgniter.php(361): CodeIgniter\CodeIgniter->handleRequest(null, Object(Config\Cache), false)
 9 FCPATH\index.php(79): CodeIgniter\CodeIgniter->run()
10 SYSTEMPATH\Commands\Server\rewrite.php(47): require_once('C:\\laragon\\www\\projectmahalta\\public\\index.php')
CRITICAL - 2024-05-14 06:43:31 --> Undefined array key "Children"
in APPPATH\Views\Hotell\booking.php on line 185.
 1 APPPATH\Views\Hotell\booking.php(185): CodeIgniter\Debug\Exceptions->errorHandler(2, 'Undefined array key "Children"', 'C:\\laragon\\www\\projectmahalta\\app\\Views\\Hotell\\booking.php', 185)
 2 SYSTEMPATH\View\View.php(228): include('C:\\laragon\\www\\projectmahalta\\app\\Views\\Hotell\\booking.php')
 3 SYSTEMPATH\View\View.php(231): CodeIgniter\View\View->CodeIgniter\View\{closure}()
 4 SYSTEMPATH\Common.php(1190): CodeIgniter\View\View->render('Hotell\\booking', [], true)
 5 APPPATH\Controllers\GuestController.php(1620): view('Hotell\\booking', [...])
 6 SYSTEMPATH\CodeIgniter.php(942): App\Controllers\GuestController->booking()
 7 SYSTEMPATH\CodeIgniter.php(502): CodeIgniter\CodeIgniter->runController(Object(App\Controllers\GuestController))
 8 SYSTEMPATH\CodeIgniter.php(361): CodeIgniter\CodeIgniter->handleRequest(null, Object(Config\Cache), false)
 9 FCPATH\index.php(79): CodeIgniter\CodeIgniter->run()
10 SYSTEMPATH\Commands\Server\rewrite.php(47): require_once('C:\\laragon\\www\\projectmahalta\\public\\index.php')
CRITICAL - 2024-05-14 06:51:36 --> Attempt to read property "downorfullPayment" on array
in APPPATH\Views\Hotell\booking.php on line 188.
 1 APPPATH\Views\Hotell\booking.php(188): CodeIgniter\Debug\Exceptions->errorHandler(2, 'Attempt to read property "downorfullPayment" on array', 'C:\\laragon\\www\\projectmahalta\\app\\Views\\Hotell\\booking.php', 188)
 2 SYSTEMPATH\View\View.php(228): include('C:\\laragon\\www\\projectmahalta\\app\\Views\\Hotell\\booking.php')
 3 SYSTEMPATH\View\View.php(231): CodeIgniter\View\View->CodeIgniter\View\{closure}()
 4 SYSTEMPATH\Common.php(1190): CodeIgniter\View\View->render('Hotell\\booking', [], true)
 5 APPPATH\Controllers\GuestController.php(1620): view('Hotell\\booking', [...])
 6 SYSTEMPATH\CodeIgniter.php(942): App\Controllers\GuestController->booking()
 7 SYSTEMPATH\CodeIgniter.php(502): CodeIgniter\CodeIgniter->runController(Object(App\Controllers\GuestController))
 8 SYSTEMPATH\CodeIgniter.php(361): CodeIgniter\CodeIgniter->handleRequest(null, Object(Config\Cache), false)
 9 FCPATH\index.php(79): CodeIgniter\CodeIgniter->run()
10 SYSTEMPATH\Commands\Server\rewrite.php(47): require_once('C:\\laragon\\www\\projectmahalta\\public\\index.php')
CRITICAL - 2024-05-14 07:10:41 --> Undefined array key "RoomNumber"
in APPPATH\Views\Hotell\booking.php on line 220.
 1 APPPATH\Views\Hotell\booking.php(220): CodeIgniter\Debug\Exceptions->errorHandler(2, 'Undefined array key "RoomNumber"', 'C:\\laragon\\www\\projectmahalta\\app\\Views\\Hotell\\booking.php', 220)
 2 SYSTEMPATH\View\View.php(228): include('C:\\laragon\\www\\projectmahalta\\app\\Views\\Hotell\\booking.php')
 3 SYSTEMPATH\View\View.php(231): CodeIgniter\View\View->CodeIgniter\View\{closure}()
 4 SYSTEMPATH\Common.php(1190): CodeIgniter\View\View->render('Hotell\\booking', [], true)
 5 APPPATH\Controllers\GuestController.php(1620): view('Hotell\\booking', [...])
 6 SYSTEMPATH\CodeIgniter.php(942): App\Controllers\GuestController->booking()
 7 SYSTEMPATH\CodeIgniter.php(502): CodeIgniter\CodeIgniter->runController(Object(App\Controllers\GuestController))
 8 SYSTEMPATH\CodeIgniter.php(361): CodeIgniter\CodeIgniter->handleRequest(null, Object(Config\Cache), false)
 9 FCPATH\index.php(79): CodeIgniter\CodeIgniter->run()
10 SYSTEMPATH\Commands\Server\rewrite.php(47): require_once('C:\\laragon\\www\\projectmahalta\\public\\index.php')
