CRITICAL - 2024-04-08 02:38:44 --> Class "App\Models\VenueModel" not found
in APPPATH\Controllers\GuestController.php on line 57.
 1 SYSTEMPATH\CodeIgniter.php(914): App\Controllers\GuestController->__construct()
 2 SYSTEMPATH\CodeIgniter.php(493): CodeIgniter\CodeIgniter->createController()
 3 SYSTEMPATH\CodeIgniter.php(361): CodeIgniter\CodeIgniter->handleRequest(null, Object(Config\Cache), false)
 4 FCPATH\index.php(79): CodeIgniter\CodeIgniter->run()
 5 SYSTEMPATH\Commands\Server\rewrite.php(47): require_once('C:\\laragon\\www\\projectmahalta\\public\\index.php')
CRITICAL - 2024-04-08 02:40:31 --> Class "App\Models\VenueModel" not found
in APPPATH\Controllers\GuestController.php on line 57.
 1 SYSTEMPATH\CodeIgniter.php(914): App\Controllers\GuestController->__construct()
 2 SYSTEMPATH\CodeIgniter.php(493): CodeIgniter\CodeIgniter->createController()
 3 SYSTEMPATH\CodeIgniter.php(361): CodeIgniter\CodeIgniter->handleRequest(null, Object(Config\Cache), false)
 4 FCPATH\index.php(79): CodeIgniter\CodeIgniter->run()
 5 SYSTEMPATH\Commands\Server\rewrite.php(47): require_once('C:\\laragon\\www\\projectmahalta\\public\\index.php')
CRITICAL - 2024-04-08 02:40:31 --> Class "App\Models\VenueModel" not found
in APPPATH\Controllers\GuestController.php on line 57.
 1 SYSTEMPATH\CodeIgniter.php(914): App\Controllers\GuestController->__construct()
 2 SYSTEMPATH\CodeIgniter.php(493): CodeIgniter\CodeIgniter->createController()
 3 SYSTEMPATH\CodeIgniter.php(361): CodeIgniter\CodeIgniter->handleRequest(null, Object(Config\Cache), false)
 4 FCPATH\index.php(79): CodeIgniter\CodeIgniter->run()
 5 SYSTEMPATH\Commands\Server\rewrite.php(47): require_once('C:\\laragon\\www\\projectmahalta\\public\\index.php')
CRITICAL - 2024-04-08 02:40:32 --> Class "App\Models\VenueModel" not found
in APPPATH\Controllers\GuestController.php on line 57.
 1 SYSTEMPATH\CodeIgniter.php(914): App\Controllers\GuestController->__construct()
 2 SYSTEMPATH\CodeIgniter.php(493): CodeIgniter\CodeIgniter->createController()
 3 SYSTEMPATH\CodeIgniter.php(361): CodeIgniter\CodeIgniter->handleRequest(null, Object(Config\Cache), false)
 4 FCPATH\index.php(79): CodeIgniter\CodeIgniter->run()
 5 SYSTEMPATH\Commands\Server\rewrite.php(47): require_once('C:\\laragon\\www\\projectmahalta\\public\\index.php')
CRITICAL - 2024-04-08 02:40:33 --> Class "App\Models\VenueModel" not found
in APPPATH\Controllers\GuestController.php on line 57.
 1 SYSTEMPATH\CodeIgniter.php(914): App\Controllers\GuestController->__construct()
 2 SYSTEMPATH\CodeIgniter.php(493): CodeIgniter\CodeIgniter->createController()
 3 SYSTEMPATH\CodeIgniter.php(361): CodeIgniter\CodeIgniter->handleRequest(null, Object(Config\Cache), false)
 4 FCPATH\index.php(79): CodeIgniter\CodeIgniter->run()
 5 SYSTEMPATH\Commands\Server\rewrite.php(47): require_once('C:\\laragon\\www\\projectmahalta\\public\\index.php')
CRITICAL - 2024-04-08 02:40:34 --> Class "App\Models\VenueModel" not found
in APPPATH\Controllers\GuestController.php on line 57.
 1 SYSTEMPATH\CodeIgniter.php(914): App\Controllers\GuestController->__construct()
 2 SYSTEMPATH\CodeIgniter.php(493): CodeIgniter\CodeIgniter->createController()
 3 SYSTEMPATH\CodeIgniter.php(361): CodeIgniter\CodeIgniter->handleRequest(null, Object(Config\Cache), false)
 4 FCPATH\index.php(79): CodeIgniter\CodeIgniter->run()
 5 SYSTEMPATH\Commands\Server\rewrite.php(47): require_once('C:\\laragon\\www\\projectmahalta\\public\\index.php')
CRITICAL - 2024-04-08 02:40:36 --> Class "App\Models\VenueModel" not found
in APPPATH\Controllers\GuestController.php on line 57.
 1 SYSTEMPATH\CodeIgniter.php(914): App\Controllers\GuestController->__construct()
 2 SYSTEMPATH\CodeIgniter.php(493): CodeIgniter\CodeIgniter->createController()
 3 SYSTEMPATH\CodeIgniter.php(361): CodeIgniter\CodeIgniter->handleRequest(null, Object(Config\Cache), false)
 4 FCPATH\index.php(79): CodeIgniter\CodeIgniter->run()
 5 SYSTEMPATH\Commands\Server\rewrite.php(47): require_once('C:\\laragon\\www\\projectmahalta\\public\\index.php')
CRITICAL - 2024-04-08 02:42:51 --> Undefined variable $events
in APPPATH\Views\Stafff\ConventionStaff\venue.php on line 118.
 1 APPPATH\Views\Stafff\ConventionStaff\venue.php(118): CodeIgniter\Debug\Exceptions->errorHandler(2, 'Undefined variable $events', 'C:\\laragon\\www\\projectmahalta\\app\\Views\\Stafff\\ConventionStaff\\venue.php', 118)
 2 SYSTEMPATH\View\View.php(228): include('C:\\laragon\\www\\projectmahalta\\app\\Views\\Stafff\\ConventionStaff\\venue.php')
 3 SYSTEMPATH\View\View.php(231): CodeIgniter\View\View->CodeIgniter\View\{closure}()
 4 SYSTEMPATH\Common.php(1190): CodeIgniter\View\View->render('Stafff\\ConventionStaff\\venue', [], true)
 5 APPPATH\Controllers\StaffController.php(893): view('Stafff\\ConventionStaff\\venue', [...])
 6 SYSTEMPATH\CodeIgniter.php(942): App\Controllers\StaffController->conVenue()
 7 SYSTEMPATH\CodeIgniter.php(502): CodeIgniter\CodeIgniter->runController(Object(App\Controllers\StaffController))
 8 SYSTEMPATH\CodeIgniter.php(361): CodeIgniter\CodeIgniter->handleRequest(null, Object(Config\Cache), false)
 9 FCPATH\index.php(79): CodeIgniter\CodeIgniter->run()
10 SYSTEMPATH\Commands\Server\rewrite.php(47): require_once('C:\\laragon\\www\\projectmahalta\\public\\index.php')
CRITICAL - 2024-04-08 02:53:22 --> Undefined array key "conVenueID"
in APPPATH\Views\Stafff\ConventionStaff\venue.php on line 119.
 1 APPPATH\Views\Stafff\ConventionStaff\venue.php(119): CodeIgniter\Debug\Exceptions->errorHandler(2, 'Undefined array key "conVenueID"', 'C:\\laragon\\www\\projectmahalta\\app\\Views\\Stafff\\ConventionStaff\\venue.php', 119)
 2 SYSTEMPATH\View\View.php(228): include('C:\\laragon\\www\\projectmahalta\\app\\Views\\Stafff\\ConventionStaff\\venue.php')
 3 SYSTEMPATH\View\View.php(231): CodeIgniter\View\View->CodeIgniter\View\{closure}()
 4 SYSTEMPATH\Common.php(1190): CodeIgniter\View\View->render('Stafff\\ConventionStaff\\venue', [], true)
 5 APPPATH\Controllers\StaffController.php(893): view('Stafff\\ConventionStaff\\venue', [...])
 6 SYSTEMPATH\CodeIgniter.php(942): App\Controllers\StaffController->conVenue()
 7 SYSTEMPATH\CodeIgniter.php(502): CodeIgniter\CodeIgniter->runController(Object(App\Controllers\StaffController))
 8 SYSTEMPATH\CodeIgniter.php(361): CodeIgniter\CodeIgniter->handleRequest(null, Object(Config\Cache), false)
 9 FCPATH\index.php(79): CodeIgniter\CodeIgniter->run()
10 SYSTEMPATH\Commands\Server\rewrite.php(47): require_once('C:\\laragon\\www\\projectmahalta\\public\\index.php')
CRITICAL - 2024-04-08 02:54:14 --> Undefined array key "conVenueID"
in APPPATH\Views\Stafff\ConventionStaff\venue.php on line 119.
 1 APPPATH\Views\Stafff\ConventionStaff\venue.php(119): CodeIgniter\Debug\Exceptions->errorHandler(2, 'Undefined array key "conVenueID"', 'C:\\laragon\\www\\projectmahalta\\app\\Views\\Stafff\\ConventionStaff\\venue.php', 119)
 2 SYSTEMPATH\View\View.php(228): include('C:\\laragon\\www\\projectmahalta\\app\\Views\\Stafff\\ConventionStaff\\venue.php')
 3 SYSTEMPATH\View\View.php(231): CodeIgniter\View\View->CodeIgniter\View\{closure}()
 4 SYSTEMPATH\Common.php(1190): CodeIgniter\View\View->render('Stafff\\ConventionStaff\\venue', [], true)
 5 APPPATH\Controllers\StaffController.php(893): view('Stafff\\ConventionStaff\\venue', [...])
 6 SYSTEMPATH\CodeIgniter.php(942): App\Controllers\StaffController->conVenue()
 7 SYSTEMPATH\CodeIgniter.php(502): CodeIgniter\CodeIgniter->runController(Object(App\Controllers\StaffController))
 8 SYSTEMPATH\CodeIgniter.php(361): CodeIgniter\CodeIgniter->handleRequest(null, Object(Config\Cache), false)
 9 FCPATH\index.php(79): CodeIgniter\CodeIgniter->run()
10 SYSTEMPATH\Commands\Server\rewrite.php(47): require_once('C:\\laragon\\www\\projectmahalta\\public\\index.php')
CRITICAL - 2024-04-08 02:54:16 --> Undefined array key "conVenueID"
in APPPATH\Views\Stafff\ConventionStaff\venue.php on line 119.
 1 APPPATH\Views\Stafff\ConventionStaff\venue.php(119): CodeIgniter\Debug\Exceptions->errorHandler(2, 'Undefined array key "conVenueID"', 'C:\\laragon\\www\\projectmahalta\\app\\Views\\Stafff\\ConventionStaff\\venue.php', 119)
 2 SYSTEMPATH\View\View.php(228): include('C:\\laragon\\www\\projectmahalta\\app\\Views\\Stafff\\ConventionStaff\\venue.php')
 3 SYSTEMPATH\View\View.php(231): CodeIgniter\View\View->CodeIgniter\View\{closure}()
 4 SYSTEMPATH\Common.php(1190): CodeIgniter\View\View->render('Stafff\\ConventionStaff\\venue', [], true)
 5 APPPATH\Controllers\StaffController.php(893): view('Stafff\\ConventionStaff\\venue', [...])
 6 SYSTEMPATH\CodeIgniter.php(942): App\Controllers\StaffController->conVenue()
 7 SYSTEMPATH\CodeIgniter.php(502): CodeIgniter\CodeIgniter->runController(Object(App\Controllers\StaffController))
 8 SYSTEMPATH\CodeIgniter.php(361): CodeIgniter\CodeIgniter->handleRequest(null, Object(Config\Cache), false)
 9 FCPATH\index.php(79): CodeIgniter\CodeIgniter->run()
10 SYSTEMPATH\Commands\Server\rewrite.php(47): require_once('C:\\laragon\\www\\projectmahalta\\public\\index.php')
CRITICAL - 2024-04-08 02:54:16 --> Undefined array key "conVenueID"
in APPPATH\Views\Stafff\ConventionStaff\venue.php on line 119.
 1 APPPATH\Views\Stafff\ConventionStaff\venue.php(119): CodeIgniter\Debug\Exceptions->errorHandler(2, 'Undefined array key "conVenueID"', 'C:\\laragon\\www\\projectmahalta\\app\\Views\\Stafff\\ConventionStaff\\venue.php', 119)
 2 SYSTEMPATH\View\View.php(228): include('C:\\laragon\\www\\projectmahalta\\app\\Views\\Stafff\\ConventionStaff\\venue.php')
 3 SYSTEMPATH\View\View.php(231): CodeIgniter\View\View->CodeIgniter\View\{closure}()
 4 SYSTEMPATH\Common.php(1190): CodeIgniter\View\View->render('Stafff\\ConventionStaff\\venue', [], true)
 5 APPPATH\Controllers\StaffController.php(893): view('Stafff\\ConventionStaff\\venue', [...])
 6 SYSTEMPATH\CodeIgniter.php(942): App\Controllers\StaffController->conVenue()
 7 SYSTEMPATH\CodeIgniter.php(502): CodeIgniter\CodeIgniter->runController(Object(App\Controllers\StaffController))
 8 SYSTEMPATH\CodeIgniter.php(361): CodeIgniter\CodeIgniter->handleRequest(null, Object(Config\Cache), false)
 9 FCPATH\index.php(79): CodeIgniter\CodeIgniter->run()
10 SYSTEMPATH\Commands\Server\rewrite.php(47): require_once('C:\\laragon\\www\\projectmahalta\\public\\index.php')
CRITICAL - 2024-04-08 02:54:16 --> Undefined array key "conVenueID"
in APPPATH\Views\Stafff\ConventionStaff\venue.php on line 119.
 1 APPPATH\Views\Stafff\ConventionStaff\venue.php(119): CodeIgniter\Debug\Exceptions->errorHandler(2, 'Undefined array key "conVenueID"', 'C:\\laragon\\www\\projectmahalta\\app\\Views\\Stafff\\ConventionStaff\\venue.php', 119)
 2 SYSTEMPATH\View\View.php(228): include('C:\\laragon\\www\\projectmahalta\\app\\Views\\Stafff\\ConventionStaff\\venue.php')
 3 SYSTEMPATH\View\View.php(231): CodeIgniter\View\View->CodeIgniter\View\{closure}()
 4 SYSTEMPATH\Common.php(1190): CodeIgniter\View\View->render('Stafff\\ConventionStaff\\venue', [], true)
 5 APPPATH\Controllers\StaffController.php(893): view('Stafff\\ConventionStaff\\venue', [...])
 6 SYSTEMPATH\CodeIgniter.php(942): App\Controllers\StaffController->conVenue()
 7 SYSTEMPATH\CodeIgniter.php(502): CodeIgniter\CodeIgniter->runController(Object(App\Controllers\StaffController))
 8 SYSTEMPATH\CodeIgniter.php(361): CodeIgniter\CodeIgniter->handleRequest(null, Object(Config\Cache), false)
 9 FCPATH\index.php(79): CodeIgniter\CodeIgniter->run()
10 SYSTEMPATH\Commands\Server\rewrite.php(47): require_once('C:\\laragon\\www\\projectmahalta\\public\\index.php')
CRITICAL - 2024-04-08 02:55:17 --> Undefined array key "conVenueID"
in APPPATH\Views\Stafff\ConventionStaff\venue.php on line 119.
 1 APPPATH\Views\Stafff\ConventionStaff\venue.php(119): CodeIgniter\Debug\Exceptions->errorHandler(2, 'Undefined array key "conVenueID"', 'C:\\laragon\\www\\projectmahalta\\app\\Views\\Stafff\\ConventionStaff\\venue.php', 119)
 2 SYSTEMPATH\View\View.php(228): include('C:\\laragon\\www\\projectmahalta\\app\\Views\\Stafff\\ConventionStaff\\venue.php')
 3 SYSTEMPATH\View\View.php(231): CodeIgniter\View\View->CodeIgniter\View\{closure}()
 4 SYSTEMPATH\Common.php(1190): CodeIgniter\View\View->render('Stafff\\ConventionStaff\\venue', [], true)
 5 APPPATH\Controllers\StaffController.php(893): view('Stafff\\ConventionStaff\\venue', [...])
 6 SYSTEMPATH\CodeIgniter.php(942): App\Controllers\StaffController->conVenue()
 7 SYSTEMPATH\CodeIgniter.php(502): CodeIgniter\CodeIgniter->runController(Object(App\Controllers\StaffController))
 8 SYSTEMPATH\CodeIgniter.php(361): CodeIgniter\CodeIgniter->handleRequest(null, Object(Config\Cache), false)
 9 FCPATH\index.php(79): CodeIgniter\CodeIgniter->run()
10 SYSTEMPATH\Commands\Server\rewrite.php(47): require_once('C:\\laragon\\www\\projectmahalta\\public\\index.php')
CRITICAL - 2024-04-08 02:55:18 --> Undefined array key "conVenueID"
in APPPATH\Views\Stafff\ConventionStaff\venue.php on line 119.
 1 APPPATH\Views\Stafff\ConventionStaff\venue.php(119): CodeIgniter\Debug\Exceptions->errorHandler(2, 'Undefined array key "conVenueID"', 'C:\\laragon\\www\\projectmahalta\\app\\Views\\Stafff\\ConventionStaff\\venue.php', 119)
 2 SYSTEMPATH\View\View.php(228): include('C:\\laragon\\www\\projectmahalta\\app\\Views\\Stafff\\ConventionStaff\\venue.php')
 3 SYSTEMPATH\View\View.php(231): CodeIgniter\View\View->CodeIgniter\View\{closure}()
 4 SYSTEMPATH\Common.php(1190): CodeIgniter\View\View->render('Stafff\\ConventionStaff\\venue', [], true)
 5 APPPATH\Controllers\StaffController.php(893): view('Stafff\\ConventionStaff\\venue', [...])
 6 SYSTEMPATH\CodeIgniter.php(942): App\Controllers\StaffController->conVenue()
 7 SYSTEMPATH\CodeIgniter.php(502): CodeIgniter\CodeIgniter->runController(Object(App\Controllers\StaffController))
 8 SYSTEMPATH\CodeIgniter.php(361): CodeIgniter\CodeIgniter->handleRequest(null, Object(Config\Cache), false)
 9 FCPATH\index.php(79): CodeIgniter\CodeIgniter->run()
10 SYSTEMPATH\Commands\Server\rewrite.php(47): require_once('C:\\laragon\\www\\projectmahalta\\public\\index.php')
CRITICAL - 2024-04-08 02:55:18 --> Undefined array key "conVenueID"
in APPPATH\Views\Stafff\ConventionStaff\venue.php on line 119.
 1 APPPATH\Views\Stafff\ConventionStaff\venue.php(119): CodeIgniter\Debug\Exceptions->errorHandler(2, 'Undefined array key "conVenueID"', 'C:\\laragon\\www\\projectmahalta\\app\\Views\\Stafff\\ConventionStaff\\venue.php', 119)
 2 SYSTEMPATH\View\View.php(228): include('C:\\laragon\\www\\projectmahalta\\app\\Views\\Stafff\\ConventionStaff\\venue.php')
 3 SYSTEMPATH\View\View.php(231): CodeIgniter\View\View->CodeIgniter\View\{closure}()
 4 SYSTEMPATH\Common.php(1190): CodeIgniter\View\View->render('Stafff\\ConventionStaff\\venue', [], true)
 5 APPPATH\Controllers\StaffController.php(893): view('Stafff\\ConventionStaff\\venue', [...])
 6 SYSTEMPATH\CodeIgniter.php(942): App\Controllers\StaffController->conVenue()
 7 SYSTEMPATH\CodeIgniter.php(502): CodeIgniter\CodeIgniter->runController(Object(App\Controllers\StaffController))
 8 SYSTEMPATH\CodeIgniter.php(361): CodeIgniter\CodeIgniter->handleRequest(null, Object(Config\Cache), false)
 9 FCPATH\index.php(79): CodeIgniter\CodeIgniter->run()
10 SYSTEMPATH\Commands\Server\rewrite.php(47): require_once('C:\\laragon\\www\\projectmahalta\\public\\index.php')
CRITICAL - 2024-04-08 02:55:18 --> Undefined array key "conVenueID"
in APPPATH\Views\Stafff\ConventionStaff\venue.php on line 119.
 1 APPPATH\Views\Stafff\ConventionStaff\venue.php(119): CodeIgniter\Debug\Exceptions->errorHandler(2, 'Undefined array key "conVenueID"', 'C:\\laragon\\www\\projectmahalta\\app\\Views\\Stafff\\ConventionStaff\\venue.php', 119)
 2 SYSTEMPATH\View\View.php(228): include('C:\\laragon\\www\\projectmahalta\\app\\Views\\Stafff\\ConventionStaff\\venue.php')
 3 SYSTEMPATH\View\View.php(231): CodeIgniter\View\View->CodeIgniter\View\{closure}()
 4 SYSTEMPATH\Common.php(1190): CodeIgniter\View\View->render('Stafff\\ConventionStaff\\venue', [], true)
 5 APPPATH\Controllers\StaffController.php(893): view('Stafff\\ConventionStaff\\venue', [...])
 6 SYSTEMPATH\CodeIgniter.php(942): App\Controllers\StaffController->conVenue()
 7 SYSTEMPATH\CodeIgniter.php(502): CodeIgniter\CodeIgniter->runController(Object(App\Controllers\StaffController))
 8 SYSTEMPATH\CodeIgniter.php(361): CodeIgniter\CodeIgniter->handleRequest(null, Object(Config\Cache), false)
 9 FCPATH\index.php(79): CodeIgniter\CodeIgniter->run()
10 SYSTEMPATH\Commands\Server\rewrite.php(47): require_once('C:\\laragon\\www\\projectmahalta\\public\\index.php')
CRITICAL - 2024-04-08 02:55:18 --> Undefined array key "conVenueID"
in APPPATH\Views\Stafff\ConventionStaff\venue.php on line 119.
 1 APPPATH\Views\Stafff\ConventionStaff\venue.php(119): CodeIgniter\Debug\Exceptions->errorHandler(2, 'Undefined array key "conVenueID"', 'C:\\laragon\\www\\projectmahalta\\app\\Views\\Stafff\\ConventionStaff\\venue.php', 119)
 2 SYSTEMPATH\View\View.php(228): include('C:\\laragon\\www\\projectmahalta\\app\\Views\\Stafff\\ConventionStaff\\venue.php')
 3 SYSTEMPATH\View\View.php(231): CodeIgniter\View\View->CodeIgniter\View\{closure}()
 4 SYSTEMPATH\Common.php(1190): CodeIgniter\View\View->render('Stafff\\ConventionStaff\\venue', [], true)
 5 APPPATH\Controllers\StaffController.php(893): view('Stafff\\ConventionStaff\\venue', [...])
 6 SYSTEMPATH\CodeIgniter.php(942): App\Controllers\StaffController->conVenue()
 7 SYSTEMPATH\CodeIgniter.php(502): CodeIgniter\CodeIgniter->runController(Object(App\Controllers\StaffController))
 8 SYSTEMPATH\CodeIgniter.php(361): CodeIgniter\CodeIgniter->handleRequest(null, Object(Config\Cache), false)
 9 FCPATH\index.php(79): CodeIgniter\CodeIgniter->run()
10 SYSTEMPATH\Commands\Server\rewrite.php(47): require_once('C:\\laragon\\www\\projectmahalta\\public\\index.php')
CRITICAL - 2024-04-08 02:55:18 --> Undefined array key "conVenueID"
in APPPATH\Views\Stafff\ConventionStaff\venue.php on line 119.
 1 APPPATH\Views\Stafff\ConventionStaff\venue.php(119): CodeIgniter\Debug\Exceptions->errorHandler(2, 'Undefined array key "conVenueID"', 'C:\\laragon\\www\\projectmahalta\\app\\Views\\Stafff\\ConventionStaff\\venue.php', 119)
 2 SYSTEMPATH\View\View.php(228): include('C:\\laragon\\www\\projectmahalta\\app\\Views\\Stafff\\ConventionStaff\\venue.php')
 3 SYSTEMPATH\View\View.php(231): CodeIgniter\View\View->CodeIgniter\View\{closure}()
 4 SYSTEMPATH\Common.php(1190): CodeIgniter\View\View->render('Stafff\\ConventionStaff\\venue', [], true)
 5 APPPATH\Controllers\StaffController.php(893): view('Stafff\\ConventionStaff\\venue', [...])
 6 SYSTEMPATH\CodeIgniter.php(942): App\Controllers\StaffController->conVenue()
 7 SYSTEMPATH\CodeIgniter.php(502): CodeIgniter\CodeIgniter->runController(Object(App\Controllers\StaffController))
 8 SYSTEMPATH\CodeIgniter.php(361): CodeIgniter\CodeIgniter->handleRequest(null, Object(Config\Cache), false)
 9 FCPATH\index.php(79): CodeIgniter\CodeIgniter->run()
10 SYSTEMPATH\Commands\Server\rewrite.php(47): require_once('C:\\laragon\\www\\projectmahalta\\public\\index.php')
CRITICAL - 2024-04-08 02:55:19 --> Undefined array key "conVenueID"
in APPPATH\Views\Stafff\ConventionStaff\venue.php on line 119.
 1 APPPATH\Views\Stafff\ConventionStaff\venue.php(119): CodeIgniter\Debug\Exceptions->errorHandler(2, 'Undefined array key "conVenueID"', 'C:\\laragon\\www\\projectmahalta\\app\\Views\\Stafff\\ConventionStaff\\venue.php', 119)
 2 SYSTEMPATH\View\View.php(228): include('C:\\laragon\\www\\projectmahalta\\app\\Views\\Stafff\\ConventionStaff\\venue.php')
 3 SYSTEMPATH\View\View.php(231): CodeIgniter\View\View->CodeIgniter\View\{closure}()
 4 SYSTEMPATH\Common.php(1190): CodeIgniter\View\View->render('Stafff\\ConventionStaff\\venue', [], true)
 5 APPPATH\Controllers\StaffController.php(893): view('Stafff\\ConventionStaff\\venue', [...])
 6 SYSTEMPATH\CodeIgniter.php(942): App\Controllers\StaffController->conVenue()
 7 SYSTEMPATH\CodeIgniter.php(502): CodeIgniter\CodeIgniter->runController(Object(App\Controllers\StaffController))
 8 SYSTEMPATH\CodeIgniter.php(361): CodeIgniter\CodeIgniter->handleRequest(null, Object(Config\Cache), false)
 9 FCPATH\index.php(79): CodeIgniter\CodeIgniter->run()
10 SYSTEMPATH\Commands\Server\rewrite.php(47): require_once('C:\\laragon\\www\\projectmahalta\\public\\index.php')
CRITICAL - 2024-04-08 02:55:19 --> Undefined array key "conVenueID"
in APPPATH\Views\Stafff\ConventionStaff\venue.php on line 119.
 1 APPPATH\Views\Stafff\ConventionStaff\venue.php(119): CodeIgniter\Debug\Exceptions->errorHandler(2, 'Undefined array key "conVenueID"', 'C:\\laragon\\www\\projectmahalta\\app\\Views\\Stafff\\ConventionStaff\\venue.php', 119)
 2 SYSTEMPATH\View\View.php(228): include('C:\\laragon\\www\\projectmahalta\\app\\Views\\Stafff\\ConventionStaff\\venue.php')
 3 SYSTEMPATH\View\View.php(231): CodeIgniter\View\View->CodeIgniter\View\{closure}()
 4 SYSTEMPATH\Common.php(1190): CodeIgniter\View\View->render('Stafff\\ConventionStaff\\venue', [], true)
 5 APPPATH\Controllers\StaffController.php(893): view('Stafff\\ConventionStaff\\venue', [...])
 6 SYSTEMPATH\CodeIgniter.php(942): App\Controllers\StaffController->conVenue()
 7 SYSTEMPATH\CodeIgniter.php(502): CodeIgniter\CodeIgniter->runController(Object(App\Controllers\StaffController))
 8 SYSTEMPATH\CodeIgniter.php(361): CodeIgniter\CodeIgniter->handleRequest(null, Object(Config\Cache), false)
 9 FCPATH\index.php(79): CodeIgniter\CodeIgniter->run()
10 SYSTEMPATH\Commands\Server\rewrite.php(47): require_once('C:\\laragon\\www\\projectmahalta\\public\\index.php')
CRITICAL - 2024-04-08 02:55:38 --> Undefined array key "conVenueID"
in APPPATH\Views\Stafff\ConventionStaff\venue.php on line 119.
 1 APPPATH\Views\Stafff\ConventionStaff\venue.php(119): CodeIgniter\Debug\Exceptions->errorHandler(2, 'Undefined array key "conVenueID"', 'C:\\laragon\\www\\projectmahalta\\app\\Views\\Stafff\\ConventionStaff\\venue.php', 119)
 2 SYSTEMPATH\View\View.php(228): include('C:\\laragon\\www\\projectmahalta\\app\\Views\\Stafff\\ConventionStaff\\venue.php')
 3 SYSTEMPATH\View\View.php(231): CodeIgniter\View\View->CodeIgniter\View\{closure}()
 4 SYSTEMPATH\Common.php(1190): CodeIgniter\View\View->render('Stafff\\ConventionStaff\\venue', [], true)
 5 APPPATH\Controllers\StaffController.php(893): view('Stafff\\ConventionStaff\\venue', [...])
 6 SYSTEMPATH\CodeIgniter.php(942): App\Controllers\StaffController->conVenue()
 7 SYSTEMPATH\CodeIgniter.php(502): CodeIgniter\CodeIgniter->runController(Object(App\Controllers\StaffController))
 8 SYSTEMPATH\CodeIgniter.php(361): CodeIgniter\CodeIgniter->handleRequest(null, Object(Config\Cache), false)
 9 FCPATH\index.php(79): CodeIgniter\CodeIgniter->run()
10 SYSTEMPATH\Commands\Server\rewrite.php(47): require_once('C:\\laragon\\www\\projectmahalta\\public\\index.php')
CRITICAL - 2024-04-08 02:55:39 --> Undefined array key "conVenueID"
in APPPATH\Views\Stafff\ConventionStaff\venue.php on line 119.
 1 APPPATH\Views\Stafff\ConventionStaff\venue.php(119): CodeIgniter\Debug\Exceptions->errorHandler(2, 'Undefined array key "conVenueID"', 'C:\\laragon\\www\\projectmahalta\\app\\Views\\Stafff\\ConventionStaff\\venue.php', 119)
 2 SYSTEMPATH\View\View.php(228): include('C:\\laragon\\www\\projectmahalta\\app\\Views\\Stafff\\ConventionStaff\\venue.php')
 3 SYSTEMPATH\View\View.php(231): CodeIgniter\View\View->CodeIgniter\View\{closure}()
 4 SYSTEMPATH\Common.php(1190): CodeIgniter\View\View->render('Stafff\\ConventionStaff\\venue', [], true)
 5 APPPATH\Controllers\StaffController.php(893): view('Stafff\\ConventionStaff\\venue', [...])
 6 SYSTEMPATH\CodeIgniter.php(942): App\Controllers\StaffController->conVenue()
 7 SYSTEMPATH\CodeIgniter.php(502): CodeIgniter\CodeIgniter->runController(Object(App\Controllers\StaffController))
 8 SYSTEMPATH\CodeIgniter.php(361): CodeIgniter\CodeIgniter->handleRequest(null, Object(Config\Cache), false)
 9 FCPATH\index.php(79): CodeIgniter\CodeIgniter->run()
10 SYSTEMPATH\Commands\Server\rewrite.php(47): require_once('C:\\laragon\\www\\projectmahalta\\public\\index.php')
CRITICAL - 2024-04-08 02:55:39 --> Undefined array key "conVenueID"
in APPPATH\Views\Stafff\ConventionStaff\venue.php on line 119.
 1 APPPATH\Views\Stafff\ConventionStaff\venue.php(119): CodeIgniter\Debug\Exceptions->errorHandler(2, 'Undefined array key "conVenueID"', 'C:\\laragon\\www\\projectmahalta\\app\\Views\\Stafff\\ConventionStaff\\venue.php', 119)
 2 SYSTEMPATH\View\View.php(228): include('C:\\laragon\\www\\projectmahalta\\app\\Views\\Stafff\\ConventionStaff\\venue.php')
 3 SYSTEMPATH\View\View.php(231): CodeIgniter\View\View->CodeIgniter\View\{closure}()
 4 SYSTEMPATH\Common.php(1190): CodeIgniter\View\View->render('Stafff\\ConventionStaff\\venue', [], true)
 5 APPPATH\Controllers\StaffController.php(893): view('Stafff\\ConventionStaff\\venue', [...])
 6 SYSTEMPATH\CodeIgniter.php(942): App\Controllers\StaffController->conVenue()
 7 SYSTEMPATH\CodeIgniter.php(502): CodeIgniter\CodeIgniter->runController(Object(App\Controllers\StaffController))
 8 SYSTEMPATH\CodeIgniter.php(361): CodeIgniter\CodeIgniter->handleRequest(null, Object(Config\Cache), false)
 9 FCPATH\index.php(79): CodeIgniter\CodeIgniter->run()
10 SYSTEMPATH\Commands\Server\rewrite.php(47): require_once('C:\\laragon\\www\\projectmahalta\\public\\index.php')
CRITICAL - 2024-04-08 02:55:39 --> Undefined array key "conVenueID"
in APPPATH\Views\Stafff\ConventionStaff\venue.php on line 119.
 1 APPPATH\Views\Stafff\ConventionStaff\venue.php(119): CodeIgniter\Debug\Exceptions->errorHandler(2, 'Undefined array key "conVenueID"', 'C:\\laragon\\www\\projectmahalta\\app\\Views\\Stafff\\ConventionStaff\\venue.php', 119)
 2 SYSTEMPATH\View\View.php(228): include('C:\\laragon\\www\\projectmahalta\\app\\Views\\Stafff\\ConventionStaff\\venue.php')
 3 SYSTEMPATH\View\View.php(231): CodeIgniter\View\View->CodeIgniter\View\{closure}()
 4 SYSTEMPATH\Common.php(1190): CodeIgniter\View\View->render('Stafff\\ConventionStaff\\venue', [], true)
 5 APPPATH\Controllers\StaffController.php(893): view('Stafff\\ConventionStaff\\venue', [...])
 6 SYSTEMPATH\CodeIgniter.php(942): App\Controllers\StaffController->conVenue()
 7 SYSTEMPATH\CodeIgniter.php(502): CodeIgniter\CodeIgniter->runController(Object(App\Controllers\StaffController))
 8 SYSTEMPATH\CodeIgniter.php(361): CodeIgniter\CodeIgniter->handleRequest(null, Object(Config\Cache), false)
 9 FCPATH\index.php(79): CodeIgniter\CodeIgniter->run()
10 SYSTEMPATH\Commands\Server\rewrite.php(47): require_once('C:\\laragon\\www\\projectmahalta\\public\\index.php')
CRITICAL - 2024-04-08 02:56:40 --> Undefined array key "conVenueName"
in APPPATH\Views\Stafff\ConventionStaff\venue.php on line 134.
 1 APPPATH\Views\Stafff\ConventionStaff\venue.php(134): CodeIgniter\Debug\Exceptions->errorHandler(2, 'Undefined array key "conVenueName"', 'C:\\laragon\\www\\projectmahalta\\app\\Views\\Stafff\\ConventionStaff\\venue.php', 134)
 2 SYSTEMPATH\View\View.php(228): include('C:\\laragon\\www\\projectmahalta\\app\\Views\\Stafff\\ConventionStaff\\venue.php')
 3 SYSTEMPATH\View\View.php(231): CodeIgniter\View\View->CodeIgniter\View\{closure}()
 4 SYSTEMPATH\Common.php(1190): CodeIgniter\View\View->render('Stafff\\ConventionStaff\\venue', [], true)
 5 APPPATH\Controllers\StaffController.php(893): view('Stafff\\ConventionStaff\\venue', [...])
 6 SYSTEMPATH\CodeIgniter.php(942): App\Controllers\StaffController->conVenue()
 7 SYSTEMPATH\CodeIgniter.php(502): CodeIgniter\CodeIgniter->runController(Object(App\Controllers\StaffController))
 8 SYSTEMPATH\CodeIgniter.php(361): CodeIgniter\CodeIgniter->handleRequest(null, Object(Config\Cache), false)
 9 FCPATH\index.php(79): CodeIgniter\CodeIgniter->run()
10 SYSTEMPATH\Commands\Server\rewrite.php(47): require_once('C:\\laragon\\www\\projectmahalta\\public\\index.php')
CRITICAL - 2024-04-08 02:58:35 --> Undefined array key "conVenueID"
in APPPATH\Views\Stafff\ConventionStaff\venue.php on line 119.
 1 APPPATH\Views\Stafff\ConventionStaff\venue.php(119): CodeIgniter\Debug\Exceptions->errorHandler(2, 'Undefined array key "conVenueID"', 'C:\\laragon\\www\\projectmahalta\\app\\Views\\Stafff\\ConventionStaff\\venue.php', 119)
 2 SYSTEMPATH\View\View.php(228): include('C:\\laragon\\www\\projectmahalta\\app\\Views\\Stafff\\ConventionStaff\\venue.php')
 3 SYSTEMPATH\View\View.php(231): CodeIgniter\View\View->CodeIgniter\View\{closure}()
 4 SYSTEMPATH\Common.php(1190): CodeIgniter\View\View->render('Stafff\\ConventionStaff\\venue', [], true)
 5 APPPATH\Controllers\StaffController.php(893): view('Stafff\\ConventionStaff\\venue', [...])
 6 SYSTEMPATH\CodeIgniter.php(942): App\Controllers\StaffController->conVenue()
 7 SYSTEMPATH\CodeIgniter.php(502): CodeIgniter\CodeIgniter->runController(Object(App\Controllers\StaffController))
 8 SYSTEMPATH\CodeIgniter.php(361): CodeIgniter\CodeIgniter->handleRequest(null, Object(Config\Cache), false)
 9 FCPATH\index.php(79): CodeIgniter\CodeIgniter->run()
10 SYSTEMPATH\Commands\Server\rewrite.php(47): require_once('C:\\laragon\\www\\projectmahalta\\public\\index.php')
CRITICAL - 2024-04-08 03:19:51 --> Undefined variable $convenues
in APPPATH\Views\Hotell\conreservation.php on line 70.
 1 APPPATH\Views\Hotell\conreservation.php(70): CodeIgniter\Debug\Exceptions->errorHandler(2, 'Undefined variable $convenues', 'C:\\laragon\\www\\projectmahalta\\app\\Views\\Hotell\\conreservation.php', 70)
 2 SYSTEMPATH\View\View.php(228): include('C:\\laragon\\www\\projectmahalta\\app\\Views\\Hotell\\conreservation.php')
 3 SYSTEMPATH\View\View.php(231): CodeIgniter\View\View->CodeIgniter\View\{closure}()
 4 SYSTEMPATH\Common.php(1190): CodeIgniter\View\View->render('Hotell\\conreservation', [], true)
 5 APPPATH\Controllers\GuestController.php(374): view('Hotell\\conreservation', [...])
 6 SYSTEMPATH\CodeIgniter.php(942): App\Controllers\GuestController->conReservation()
 7 SYSTEMPATH\CodeIgniter.php(502): CodeIgniter\CodeIgniter->runController(Object(App\Controllers\GuestController))
 8 SYSTEMPATH\CodeIgniter.php(361): CodeIgniter\CodeIgniter->handleRequest(null, Object(Config\Cache), false)
 9 FCPATH\index.php(79): CodeIgniter\CodeIgniter->run()
10 SYSTEMPATH\Commands\Server\rewrite.php(47): require_once('C:\\laragon\\www\\projectmahalta\\public\\index.php')
CRITICAL - 2024-04-08 03:32:33 --> Undefined variable $events
in APPPATH\Views\Hotell\conreservation.php on line 83.
 1 APPPATH\Views\Hotell\conreservation.php(83): CodeIgniter\Debug\Exceptions->errorHandler(2, 'Undefined variable $events', 'C:\\laragon\\www\\projectmahalta\\app\\Views\\Hotell\\conreservation.php', 83)
 2 SYSTEMPATH\View\View.php(228): include('C:\\laragon\\www\\projectmahalta\\app\\Views\\Hotell\\conreservation.php')
 3 SYSTEMPATH\View\View.php(231): CodeIgniter\View\View->CodeIgniter\View\{closure}()
 4 SYSTEMPATH\Common.php(1190): CodeIgniter\View\View->render('Hotell\\conreservation', [], true)
 5 APPPATH\Controllers\GuestController.php(374): view('Hotell\\conreservation', [...])
 6 SYSTEMPATH\CodeIgniter.php(942): App\Controllers\GuestController->conReservation()
 7 SYSTEMPATH\CodeIgniter.php(502): CodeIgniter\CodeIgniter->runController(Object(App\Controllers\GuestController))
 8 SYSTEMPATH\CodeIgniter.php(361): CodeIgniter\CodeIgniter->handleRequest(null, Object(Config\Cache), false)
 9 FCPATH\index.php(79): CodeIgniter\CodeIgniter->run()
10 SYSTEMPATH\Commands\Server\rewrite.php(47): require_once('C:\\laragon\\www\\projectmahalta\\public\\index.php')
CRITICAL - 2024-04-08 04:27:05 --> Undefined variable $convenues
in APPPATH\Views\Hotell\conreservation.php on line 53.
 1 APPPATH\Views\Hotell\conreservation.php(53): CodeIgniter\Debug\Exceptions->errorHandler(2, 'Undefined variable $convenues', 'C:\\laragon\\www\\projectmahalta\\app\\Views\\Hotell\\conreservation.php', 53)
 2 SYSTEMPATH\View\View.php(228): include('C:\\laragon\\www\\projectmahalta\\app\\Views\\Hotell\\conreservation.php')
 3 SYSTEMPATH\View\View.php(231): CodeIgniter\View\View->CodeIgniter\View\{closure}()
 4 SYSTEMPATH\Common.php(1190): CodeIgniter\View\View->render('Hotell/conreservation', [], true)
 5 APPPATH\Controllers\GuestController.php(366): view('Hotell/conreservation', [...])
 6 SYSTEMPATH\CodeIgniter.php(942): App\Controllers\GuestController->getdataconVenue()
 7 SYSTEMPATH\CodeIgniter.php(502): CodeIgniter\CodeIgniter->runController(Object(App\Controllers\GuestController))
 8 SYSTEMPATH\CodeIgniter.php(361): CodeIgniter\CodeIgniter->handleRequest(null, Object(Config\Cache), false)
 9 FCPATH\index.php(79): CodeIgniter\CodeIgniter->run()
10 SYSTEMPATH\Commands\Server\rewrite.php(47): require_once('C:\\laragon\\www\\projectmahalta\\public\\index.php')
CRITICAL - 2024-04-08 04:29:36 --> Undefined variable $convenues
in APPPATH\Views\Hotell\conreservation.php on line 53.
 1 APPPATH\Views\Hotell\conreservation.php(53): CodeIgniter\Debug\Exceptions->errorHandler(2, 'Undefined variable $convenues', 'C:\\laragon\\www\\projectmahalta\\app\\Views\\Hotell\\conreservation.php', 53)
 2 SYSTEMPATH\View\View.php(228): include('C:\\laragon\\www\\projectmahalta\\app\\Views\\Hotell\\conreservation.php')
 3 SYSTEMPATH\View\View.php(231): CodeIgniter\View\View->CodeIgniter\View\{closure}()
 4 SYSTEMPATH\Common.php(1190): CodeIgniter\View\View->render('Hotell/conreservation', [], true)
 5 APPPATH\Controllers\GuestController.php(366): view('Hotell/conreservation', [...])
 6 SYSTEMPATH\CodeIgniter.php(942): App\Controllers\GuestController->getdataconVenue()
 7 SYSTEMPATH\CodeIgniter.php(502): CodeIgniter\CodeIgniter->runController(Object(App\Controllers\GuestController))
 8 SYSTEMPATH\CodeIgniter.php(361): CodeIgniter\CodeIgniter->handleRequest(null, Object(Config\Cache), false)
 9 FCPATH\index.php(79): CodeIgniter\CodeIgniter->run()
10 SYSTEMPATH\Commands\Server\rewrite.php(47): require_once('C:\\laragon\\www\\projectmahalta\\public\\index.php')
CRITICAL - 2024-04-08 04:32:45 --> Undefined variable $convenues
in APPPATH\Views\Hotell\conreservation.php on line 53.
 1 APPPATH\Views\Hotell\conreservation.php(53): CodeIgniter\Debug\Exceptions->errorHandler(2, 'Undefined variable $convenues', 'C:\\laragon\\www\\projectmahalta\\app\\Views\\Hotell\\conreservation.php', 53)
 2 SYSTEMPATH\View\View.php(228): include('C:\\laragon\\www\\projectmahalta\\app\\Views\\Hotell\\conreservation.php')
 3 SYSTEMPATH\View\View.php(231): CodeIgniter\View\View->CodeIgniter\View\{closure}()
 4 SYSTEMPATH\Common.php(1190): CodeIgniter\View\View->render('Hotell/conreservation', [], true)
 5 APPPATH\Controllers\GuestController.php(366): view('Hotell/conreservation', [...])
 6 SYSTEMPATH\CodeIgniter.php(942): App\Controllers\GuestController->getdataconVenue()
 7 SYSTEMPATH\CodeIgniter.php(502): CodeIgniter\CodeIgniter->runController(Object(App\Controllers\GuestController))
 8 SYSTEMPATH\CodeIgniter.php(361): CodeIgniter\CodeIgniter->handleRequest(null, Object(Config\Cache), false)
 9 FCPATH\index.php(79): CodeIgniter\CodeIgniter->run()
10 SYSTEMPATH\Commands\Server\rewrite.php(47): require_once('C:\\laragon\\www\\projectmahalta\\public\\index.php')
CRITICAL - 2024-04-08 04:32:47 --> Undefined variable $convenues
in APPPATH\Views\Hotell\conreservation.php on line 53.
 1 APPPATH\Views\Hotell\conreservation.php(53): CodeIgniter\Debug\Exceptions->errorHandler(2, 'Undefined variable $convenues', 'C:\\laragon\\www\\projectmahalta\\app\\Views\\Hotell\\conreservation.php', 53)
 2 SYSTEMPATH\View\View.php(228): include('C:\\laragon\\www\\projectmahalta\\app\\Views\\Hotell\\conreservation.php')
 3 SYSTEMPATH\View\View.php(231): CodeIgniter\View\View->CodeIgniter\View\{closure}()
 4 SYSTEMPATH\Common.php(1190): CodeIgniter\View\View->render('Hotell/conreservation', [], true)
 5 APPPATH\Controllers\GuestController.php(366): view('Hotell/conreservation', [...])
 6 SYSTEMPATH\CodeIgniter.php(942): App\Controllers\GuestController->getdataconVenue()
 7 SYSTEMPATH\CodeIgniter.php(502): CodeIgniter\CodeIgniter->runController(Object(App\Controllers\GuestController))
 8 SYSTEMPATH\CodeIgniter.php(361): CodeIgniter\CodeIgniter->handleRequest(null, Object(Config\Cache), false)
 9 FCPATH\index.php(79): CodeIgniter\CodeIgniter->run()
10 SYSTEMPATH\Commands\Server\rewrite.php(47): require_once('C:\\laragon\\www\\projectmahalta\\public\\index.php')
CRITICAL - 2024-04-08 04:32:47 --> Undefined variable $convenues
in APPPATH\Views\Hotell\conreservation.php on line 53.
 1 APPPATH\Views\Hotell\conreservation.php(53): CodeIgniter\Debug\Exceptions->errorHandler(2, 'Undefined variable $convenues', 'C:\\laragon\\www\\projectmahalta\\app\\Views\\Hotell\\conreservation.php', 53)
 2 SYSTEMPATH\View\View.php(228): include('C:\\laragon\\www\\projectmahalta\\app\\Views\\Hotell\\conreservation.php')
 3 SYSTEMPATH\View\View.php(231): CodeIgniter\View\View->CodeIgniter\View\{closure}()
 4 SYSTEMPATH\Common.php(1190): CodeIgniter\View\View->render('Hotell/conreservation', [], true)
 5 APPPATH\Controllers\GuestController.php(366): view('Hotell/conreservation', [...])
 6 SYSTEMPATH\CodeIgniter.php(942): App\Controllers\GuestController->getdataconVenue()
 7 SYSTEMPATH\CodeIgniter.php(502): CodeIgniter\CodeIgniter->runController(Object(App\Controllers\GuestController))
 8 SYSTEMPATH\CodeIgniter.php(361): CodeIgniter\CodeIgniter->handleRequest(null, Object(Config\Cache), false)
 9 FCPATH\index.php(79): CodeIgniter\CodeIgniter->run()
10 SYSTEMPATH\Commands\Server\rewrite.php(47): require_once('C:\\laragon\\www\\projectmahalta\\public\\index.php')
CRITICAL - 2024-04-08 04:32:48 --> Undefined variable $convenues
in APPPATH\Views\Hotell\conreservation.php on line 53.
 1 APPPATH\Views\Hotell\conreservation.php(53): CodeIgniter\Debug\Exceptions->errorHandler(2, 'Undefined variable $convenues', 'C:\\laragon\\www\\projectmahalta\\app\\Views\\Hotell\\conreservation.php', 53)
 2 SYSTEMPATH\View\View.php(228): include('C:\\laragon\\www\\projectmahalta\\app\\Views\\Hotell\\conreservation.php')
 3 SYSTEMPATH\View\View.php(231): CodeIgniter\View\View->CodeIgniter\View\{closure}()
 4 SYSTEMPATH\Common.php(1190): CodeIgniter\View\View->render('Hotell/conreservation', [], true)
 5 APPPATH\Controllers\GuestController.php(366): view('Hotell/conreservation', [...])
 6 SYSTEMPATH\CodeIgniter.php(942): App\Controllers\GuestController->getdataconVenue()
 7 SYSTEMPATH\CodeIgniter.php(502): CodeIgniter\CodeIgniter->runController(Object(App\Controllers\GuestController))
 8 SYSTEMPATH\CodeIgniter.php(361): CodeIgniter\CodeIgniter->handleRequest(null, Object(Config\Cache), false)
 9 FCPATH\index.php(79): CodeIgniter\CodeIgniter->run()
10 SYSTEMPATH\Commands\Server\rewrite.php(47): require_once('C:\\laragon\\www\\projectmahalta\\public\\index.php')
CRITICAL - 2024-04-08 04:36:11 --> Undefined variable $convenues
in APPPATH\Views\Hotell\conreservation.php on line 53.
 1 APPPATH\Views\Hotell\conreservation.php(53): CodeIgniter\Debug\Exceptions->errorHandler(2, 'Undefined variable $convenues', 'C:\\laragon\\www\\projectmahalta\\app\\Views\\Hotell\\conreservation.php', 53)
 2 SYSTEMPATH\View\View.php(228): include('C:\\laragon\\www\\projectmahalta\\app\\Views\\Hotell\\conreservation.php')
 3 SYSTEMPATH\View\View.php(231): CodeIgniter\View\View->CodeIgniter\View\{closure}()
 4 SYSTEMPATH\Common.php(1190): CodeIgniter\View\View->render('Hotell/conreservation', [], true)
 5 APPPATH\Controllers\GuestController.php(366): view('Hotell/conreservation', [...])
 6 SYSTEMPATH\CodeIgniter.php(942): App\Controllers\GuestController->getdataconVenue()
 7 SYSTEMPATH\CodeIgniter.php(502): CodeIgniter\CodeIgniter->runController(Object(App\Controllers\GuestController))
 8 SYSTEMPATH\CodeIgniter.php(361): CodeIgniter\CodeIgniter->handleRequest(null, Object(Config\Cache), false)
 9 FCPATH\index.php(79): CodeIgniter\CodeIgniter->run()
10 SYSTEMPATH\Commands\Server\rewrite.php(47): require_once('C:\\laragon\\www\\projectmahalta\\public\\index.php')
CRITICAL - 2024-04-08 04:36:12 --> Undefined variable $convenues
in APPPATH\Views\Hotell\conreservation.php on line 53.
 1 APPPATH\Views\Hotell\conreservation.php(53): CodeIgniter\Debug\Exceptions->errorHandler(2, 'Undefined variable $convenues', 'C:\\laragon\\www\\projectmahalta\\app\\Views\\Hotell\\conreservation.php', 53)
 2 SYSTEMPATH\View\View.php(228): include('C:\\laragon\\www\\projectmahalta\\app\\Views\\Hotell\\conreservation.php')
 3 SYSTEMPATH\View\View.php(231): CodeIgniter\View\View->CodeIgniter\View\{closure}()
 4 SYSTEMPATH\Common.php(1190): CodeIgniter\View\View->render('Hotell/conreservation', [], true)
 5 APPPATH\Controllers\GuestController.php(366): view('Hotell/conreservation', [...])
 6 SYSTEMPATH\CodeIgniter.php(942): App\Controllers\GuestController->getdataconVenue()
 7 SYSTEMPATH\CodeIgniter.php(502): CodeIgniter\CodeIgniter->runController(Object(App\Controllers\GuestController))
 8 SYSTEMPATH\CodeIgniter.php(361): CodeIgniter\CodeIgniter->handleRequest(null, Object(Config\Cache), false)
 9 FCPATH\index.php(79): CodeIgniter\CodeIgniter->run()
10 SYSTEMPATH\Commands\Server\rewrite.php(47): require_once('C:\\laragon\\www\\projectmahalta\\public\\index.php')
CRITICAL - 2024-04-08 04:36:12 --> Undefined variable $convenues
in APPPATH\Views\Hotell\conreservation.php on line 53.
 1 APPPATH\Views\Hotell\conreservation.php(53): CodeIgniter\Debug\Exceptions->errorHandler(2, 'Undefined variable $convenues', 'C:\\laragon\\www\\projectmahalta\\app\\Views\\Hotell\\conreservation.php', 53)
 2 SYSTEMPATH\View\View.php(228): include('C:\\laragon\\www\\projectmahalta\\app\\Views\\Hotell\\conreservation.php')
 3 SYSTEMPATH\View\View.php(231): CodeIgniter\View\View->CodeIgniter\View\{closure}()
 4 SYSTEMPATH\Common.php(1190): CodeIgniter\View\View->render('Hotell/conreservation', [], true)
 5 APPPATH\Controllers\GuestController.php(366): view('Hotell/conreservation', [...])
 6 SYSTEMPATH\CodeIgniter.php(942): App\Controllers\GuestController->getdataconVenue()
 7 SYSTEMPATH\CodeIgniter.php(502): CodeIgniter\CodeIgniter->runController(Object(App\Controllers\GuestController))
 8 SYSTEMPATH\CodeIgniter.php(361): CodeIgniter\CodeIgniter->handleRequest(null, Object(Config\Cache), false)
 9 FCPATH\index.php(79): CodeIgniter\CodeIgniter->run()
10 SYSTEMPATH\Commands\Server\rewrite.php(47): require_once('C:\\laragon\\www\\projectmahalta\\public\\index.php')
CRITICAL - 2024-04-08 04:36:28 --> Undefined variable $convenues
in APPPATH\Views\Hotell\conreservation.php on line 53.
 1 APPPATH\Views\Hotell\conreservation.php(53): CodeIgniter\Debug\Exceptions->errorHandler(2, 'Undefined variable $convenues', 'C:\\laragon\\www\\projectmahalta\\app\\Views\\Hotell\\conreservation.php', 53)
 2 SYSTEMPATH\View\View.php(228): include('C:\\laragon\\www\\projectmahalta\\app\\Views\\Hotell\\conreservation.php')
 3 SYSTEMPATH\View\View.php(231): CodeIgniter\View\View->CodeIgniter\View\{closure}()
 4 SYSTEMPATH\Common.php(1190): CodeIgniter\View\View->render('Hotell/conreservation', [], true)
 5 APPPATH\Controllers\GuestController.php(366): view('Hotell/conreservation', [...])
 6 SYSTEMPATH\CodeIgniter.php(942): App\Controllers\GuestController->getdataconVenue()
 7 SYSTEMPATH\CodeIgniter.php(502): CodeIgniter\CodeIgniter->runController(Object(App\Controllers\GuestController))
 8 SYSTEMPATH\CodeIgniter.php(361): CodeIgniter\CodeIgniter->handleRequest(null, Object(Config\Cache), false)
 9 FCPATH\index.php(79): CodeIgniter\CodeIgniter->run()
10 SYSTEMPATH\Commands\Server\rewrite.php(47): require_once('C:\\laragon\\www\\projectmahalta\\public\\index.php')
CRITICAL - 2024-04-08 04:36:33 --> Undefined variable $convenues
in APPPATH\Views\Hotell\conreservation.php on line 53.
 1 APPPATH\Views\Hotell\conreservation.php(53): CodeIgniter\Debug\Exceptions->errorHandler(2, 'Undefined variable $convenues', 'C:\\laragon\\www\\projectmahalta\\app\\Views\\Hotell\\conreservation.php', 53)
 2 SYSTEMPATH\View\View.php(228): include('C:\\laragon\\www\\projectmahalta\\app\\Views\\Hotell\\conreservation.php')
 3 SYSTEMPATH\View\View.php(231): CodeIgniter\View\View->CodeIgniter\View\{closure}()
 4 SYSTEMPATH\Common.php(1190): CodeIgniter\View\View->render('Hotell/conreservation', [], true)
 5 APPPATH\Controllers\GuestController.php(366): view('Hotell/conreservation', [...])
 6 SYSTEMPATH\CodeIgniter.php(942): App\Controllers\GuestController->getdataconVenue()
 7 SYSTEMPATH\CodeIgniter.php(502): CodeIgniter\CodeIgniter->runController(Object(App\Controllers\GuestController))
 8 SYSTEMPATH\CodeIgniter.php(361): CodeIgniter\CodeIgniter->handleRequest(null, Object(Config\Cache), false)
 9 FCPATH\index.php(79): CodeIgniter\CodeIgniter->run()
10 SYSTEMPATH\Commands\Server\rewrite.php(47): require_once('C:\\laragon\\www\\projectmahalta\\public\\index.php')
CRITICAL - 2024-04-08 04:37:48 --> Undefined variable $convenues
in APPPATH\Views\Hotell\conreservation.php on line 53.
 1 APPPATH\Views\Hotell\conreservation.php(53): CodeIgniter\Debug\Exceptions->errorHandler(2, 'Undefined variable $convenues', 'C:\\laragon\\www\\projectmahalta\\app\\Views\\Hotell\\conreservation.php', 53)
 2 SYSTEMPATH\View\View.php(228): include('C:\\laragon\\www\\projectmahalta\\app\\Views\\Hotell\\conreservation.php')
 3 SYSTEMPATH\View\View.php(231): CodeIgniter\View\View->CodeIgniter\View\{closure}()
 4 SYSTEMPATH\Common.php(1190): CodeIgniter\View\View->render('Hotell/conreservation', [], true)
 5 APPPATH\Controllers\GuestController.php(366): view('Hotell/conreservation', [...])
 6 SYSTEMPATH\CodeIgniter.php(942): App\Controllers\GuestController->getdataconVenue()
 7 SYSTEMPATH\CodeIgniter.php(502): CodeIgniter\CodeIgniter->runController(Object(App\Controllers\GuestController))
 8 SYSTEMPATH\CodeIgniter.php(361): CodeIgniter\CodeIgniter->handleRequest(null, Object(Config\Cache), false)
 9 FCPATH\index.php(79): CodeIgniter\CodeIgniter->run()
10 SYSTEMPATH\Commands\Server\rewrite.php(47): require_once('C:\\laragon\\www\\projectmahalta\\public\\index.php')
CRITICAL - 2024-04-08 04:40:38 --> Undefined variable $convenues
in APPPATH\Views\Hotell\conreservation.php on line 53.
 1 APPPATH\Views\Hotell\conreservation.php(53): CodeIgniter\Debug\Exceptions->errorHandler(2, 'Undefined variable $convenues', 'C:\\laragon\\www\\projectmahalta\\app\\Views\\Hotell\\conreservation.php', 53)
 2 SYSTEMPATH\View\View.php(228): include('C:\\laragon\\www\\projectmahalta\\app\\Views\\Hotell\\conreservation.php')
 3 SYSTEMPATH\View\View.php(231): CodeIgniter\View\View->CodeIgniter\View\{closure}()
 4 SYSTEMPATH\Common.php(1190): CodeIgniter\View\View->render('Hotell/conreservation', [], true)
 5 APPPATH\Controllers\GuestController.php(366): view('Hotell/conreservation', [...])
 6 SYSTEMPATH\CodeIgniter.php(942): App\Controllers\GuestController->getdataconVenue()
 7 SYSTEMPATH\CodeIgniter.php(502): CodeIgniter\CodeIgniter->runController(Object(App\Controllers\GuestController))
 8 SYSTEMPATH\CodeIgniter.php(361): CodeIgniter\CodeIgniter->handleRequest(null, Object(Config\Cache), false)
 9 FCPATH\index.php(79): CodeIgniter\CodeIgniter->run()
10 SYSTEMPATH\Commands\Server\rewrite.php(47): require_once('C:\\laragon\\www\\projectmahalta\\public\\index.php')
CRITICAL - 2024-04-08 04:40:46 --> Undefined variable $convenues
in APPPATH\Views\Hotell\conreservation.php on line 53.
 1 APPPATH\Views\Hotell\conreservation.php(53): CodeIgniter\Debug\Exceptions->errorHandler(2, 'Undefined variable $convenues', 'C:\\laragon\\www\\projectmahalta\\app\\Views\\Hotell\\conreservation.php', 53)
 2 SYSTEMPATH\View\View.php(228): include('C:\\laragon\\www\\projectmahalta\\app\\Views\\Hotell\\conreservation.php')
 3 SYSTEMPATH\View\View.php(231): CodeIgniter\View\View->CodeIgniter\View\{closure}()
 4 SYSTEMPATH\Common.php(1190): CodeIgniter\View\View->render('Hotell/conreservation', [], true)
 5 APPPATH\Controllers\GuestController.php(366): view('Hotell/conreservation', [...])
 6 SYSTEMPATH\CodeIgniter.php(942): App\Controllers\GuestController->getdataconVenue()
 7 SYSTEMPATH\CodeIgniter.php(502): CodeIgniter\CodeIgniter->runController(Object(App\Controllers\GuestController))
 8 SYSTEMPATH\CodeIgniter.php(361): CodeIgniter\CodeIgniter->handleRequest(null, Object(Config\Cache), false)
 9 FCPATH\index.php(79): CodeIgniter\CodeIgniter->run()
10 SYSTEMPATH\Commands\Server\rewrite.php(47): require_once('C:\\laragon\\www\\projectmahalta\\public\\index.php')
CRITICAL - 2024-04-08 04:41:36 --> Undefined variable $chats
in APPPATH\Views\Hotell\inc\chat.php on line 32.
 1 APPPATH\Views\Hotell\inc\chat.php(32): CodeIgniter\Debug\Exceptions->errorHandler(2, 'Undefined variable $chats', 'C:\\laragon\\www\\projectmahalta\\app\\Views\\Hotell\\inc\\chat.php', 32)
 2 APPPATH\Views\Hotell\conreservation.php(113): include('C:\\laragon\\www\\projectmahalta\\app\\Views\\Hotell\\inc\\chat.php')
 3 SYSTEMPATH\View\View.php(228): include('C:\\laragon\\www\\projectmahalta\\app\\Views\\Hotell\\conreservation.php')
 4 SYSTEMPATH\View\View.php(231): CodeIgniter\View\View->CodeIgniter\View\{closure}()
 5 SYSTEMPATH\Common.php(1190): CodeIgniter\View\View->render('Hotell/conreservation', [], true)
 6 APPPATH\Controllers\GuestController.php(368): view('Hotell/conreservation', [...])
 7 SYSTEMPATH\CodeIgniter.php(942): App\Controllers\GuestController->getdataconVenue()
 8 SYSTEMPATH\CodeIgniter.php(502): CodeIgniter\CodeIgniter->runController(Object(App\Controllers\GuestController))
 9 SYSTEMPATH\CodeIgniter.php(361): CodeIgniter\CodeIgniter->handleRequest(null, Object(Config\Cache), false)
10 FCPATH\index.php(79): CodeIgniter\CodeIgniter->run()
11 SYSTEMPATH\Commands\Server\rewrite.php(47): require_once('C:\\laragon\\www\\projectmahalta\\public\\index.php')
